================================================
Fly.io Platform Machines E2E Test Suite (Lima)
================================================

Using existing Lima VM: flyio-test

Lima VM Status:
NAME          STATUS     SSH                CPUS    MEMORY    DISK     DIR
flyio-test    Running    127.0.0.1:61003    4       8GiB      20GiB    ~/.lima/flyio-test

Step 1: Installing Dependencies in Lima VM
Dependencies already installed (cached), skipping...
go version go1.25.4 linux/arm64
Using cached dependencies

Step 2: Setting up DeviceMapper Thinpool
Loading kernel modules...
dm_thin_pool           86016  2
dm_persistent_data    118784  1 dm_thin_pool
dm_bio_prison          28672  1 dm_thin_pool
Device-mapper modules loaded
Cleaning up existing pools...
Cleanup complete
Loop devices created:
  Metadata: /dev/loop0
  Data: /dev/loop1
Thinpool created successfully:
Name:              pool
State:             ACTIVE
Read Ahead:        4096
Tables present:    LIVE
Open count:        0
Event number:      0
Major, minor:      252, 0
Number of targets: 1


Step 3: Copying Project Files to Lima VM
Project files copied

Step 4: Building Project
Downloading Go modules...
Building binary...
Build successful
-rwxrwxr-x 1 leonardomeireles leonardomeireles 25M Nov 13 18:35 flyio-machine

================================================
Step 5: Running E2E Tests
================================================

Cleaning up DeviceMapper devices...
Test 1: Full Workflow (golang/2.tar)
-----------------------------------------------
time=2025-11-13T18:35:46.696-03:00 level=INFO msg=database_init db_path=/home/leonardomeireles.linux/flyio-test.db
time=2025-11-13T18:35:46.696-03:00 level=INFO msg=database_create_schema db_path=/home/leonardomeireles.linux/flyio-test.db
time=2025-11-13T18:35:46.719-03:00 level=INFO msg=database_ready db_path=/home/leonardomeireles.linux/flyio-test.db
time=2025-11-13T18:35:46.719-03:00 level=INFO msg=s3_client_init bucket=flyio-platform-hiring-challenge region=us-east-1
time=2025-11-13T18:35:46.719-03:00 level=INFO msg=s3_client_created bucket=flyio-platform-hiring-challenge
time=2025-11-13T18:35:46.719-03:00 level=INFO msg=security_validator_init max_file_size_mb=2048 max_total_size_mb=20480 max_compression_ratio=100
time=2025-11-13T18:35:46.719-03:00 level=INFO msg=devicemapper_init pool=pool platform=linux
time=2025-11-13T18:35:46.720-03:00 level=INFO msg=checking_thinpool pool=pool
time=2025-11-13T18:35:46.721-03:00 level=INFO msg=thinpool_exists pool=pool
time=2025-11-13T18:35:46.721-03:00 level=INFO msg=devicemapper_ready pool=pool
time="2025-11-13T18:35:46-03:00" level=info msg="using json codec" sys=fsm
time="2025-11-13T18:35:46-03:00" level=info msg="using json codec" sys=fsm
time="2025-11-13T18:35:46-03:00" level=info msg="starting fsm" run_alias=image_request run_id=images/golang/2.tar run_type=ImageRequest run_version=01K9ZJAQHA08GXJD0KD9XS5M2T sys=fsm
time=2025-11-13T18:35:46.730-03:00 level=INFO msg=fsm_state_check_db s3_key=images/golang/2.tar
time=2025-11-13T18:35:46.730-03:00 level=INFO msg=database_query_image s3_key=images/golang/2.tar
Started FSM: 01K9ZJAQHA08GXJD0KD9XS5M2T
time="2025-11-13T18:35:46-03:00" level=info msg="running transition" run_alias=image_request run_id=images/golang/2.tar run_type=ImageRequest run_version=01K9ZJAQHA08GXJD0KD9XS5M2T sys=fsm transition=check_db transition_version=01K9ZJAQHA08GXJD0KDEJWCJHV
time="2025-11-13T18:35:46-03:00" level=info msg="waiting for FSM to finish" start_version=01K9ZJAQHA08GXJD0KD9XS5M2T sys=fsm
time=2025-11-13T18:35:46.730-03:00 level=INFO msg=database_image_not_found s3_key=images/golang/2.tar
time=2025-11-13T18:35:46.730-03:00 level=INFO msg=database_create_image s3_key=images/golang/2.tar status=pending
time=2025-11-13T18:35:46.732-03:00 level=INFO msg=database_image_created s3_key=images/golang/2.tar image_id=1 status=pending
time=2025-11-13T18:35:46.732-03:00 level=INFO msg=image_created s3_key=images/golang/2.tar image_id=1
time="2025-11-13T18:35:46-03:00" level=info msg="transition completed successfully" run_alias=image_request run_id=images/golang/2.tar run_type=ImageRequest run_version=01K9ZJAQHA08GXJD0KD9XS5M2T sys=fsm transition=check_db transition_version=01K9ZJAQHA08GXJD0KDEJWCJHV
time="2025-11-13T18:35:46-03:00" level=info msg="running transition" run_alias=image_request run_id=images/golang/2.tar run_type=ImageRequest run_version=01K9ZJAQHA08GXJD0KD9XS5M2T sys=fsm transition=download transition_version=01K9ZJAQHCYTDKRM9TKB79NF8P
time=2025-11-13T18:35:46.733-03:00 level=INFO msg=fsm_state_download s3_key=images/golang/2.tar
time=2025-11-13T18:35:46.733-03:00 level=INFO msg=database_update_status image_id=1 status=downloading
time=2025-11-13T18:35:46.734-03:00 level=INFO msg=database_status_updated image_id=1 status=downloading
time=2025-11-13T18:35:46.734-03:00 level=INFO msg=download_started s3_key=images/golang/2.tar local_path=/tmp/flyio-machine/downloads/2.tar
time=2025-11-13T18:35:46.734-03:00 level=INFO msg=s3_download_start bucket=flyio-platform-hiring-challenge s3_key=images/golang/2.tar
time=2025-11-13T18:35:52.141-03:00 level=INFO msg=s3_download_complete s3_key=images/golang/2.tar size_mb=47 local_path=/tmp/flyio-machine/downloads/2.tar sha256=034541f51ff14355...
time=2025-11-13T18:35:52.141-03:00 level=INFO msg=download_complete s3_key=images/golang/2.tar size_mb=47 sha256=034541f51ff14355...
time=2025-11-13T18:35:52.141-03:00 level=INFO msg=database_query_image s3_key=images/golang/2.tar
time=2025-11-13T18:35:52.142-03:00 level=INFO msg=database_image_found s3_key=images/golang/2.tar image_id=1 status=downloading
time=2025-11-13T18:35:52.142-03:00 level=INFO msg=database_update_image image_id=1 s3_key=images/golang/2.tar status=downloading
time=2025-11-13T18:35:52.147-03:00 level=INFO msg=database_image_updated image_id=1 s3_key=images/golang/2.tar status=downloading
time="2025-11-13T18:35:52-03:00" level=info msg="transition completed successfully" run_alias=image_request run_id=images/golang/2.tar run_type=ImageRequest run_version=01K9ZJAQHA08GXJD0KD9XS5M2T sys=fsm transition=download transition_version=01K9ZJAQHCYTDKRM9TKB79NF8P
time="2025-11-13T18:35:52-03:00" level=info msg="running transition" run_alias=image_request run_id=images/golang/2.tar run_type=ImageRequest run_version=01K9ZJAQHA08GXJD0KD9XS5M2T sys=fsm transition=validate transition_version=01K9ZJAWTKB3VKQ122GTG0E5V2
time=2025-11-13T18:35:52.148-03:00 level=INFO msg=fsm_state_validate s3_key=images/golang/2.tar
time=2025-11-13T18:35:52.148-03:00 level=INFO msg=extraction_started s3_key=images/golang/2.tar extract_dir=/tmp/flyio-machine/extracted/2.tar
time=2025-11-13T18:35:52.148-03:00 level=INFO msg=security_symlink_validated symlink=etc/alternatives/pinentry target=/usr/bin/pinentry-curses type=absolute
time=2025-11-13T18:35:52.148-03:00 level=INFO msg=security_symlink_validated symlink=etc/alternatives/pinentry.1.gz target=/usr/share/man/man1/pinentry-curses.1.gz type=absolute
time=2025-11-13T18:35:52.148-03:00 level=INFO msg=security_symlink_validated symlink=etc/ssl/certs/002c0b4f.0 target=GlobalSign_Root_R46.pem type=relative
time=2025-11-13T18:35:52.148-03:00 level=INFO msg=security_symlink_validated symlink=etc/ssl/certs/02265526.0 target=Entrust_Root_Certification_Authority_-_G2.pem type=relative
time=2025-11-13T18:35:52.148-03:00 level=INFO msg=security_symlink_validated symlink=etc/ssl/certs/062cdee6.0 target=GlobalSign_Root_CA_-_R3.pem type=relative
time=2025-11-13T18:35:52.148-03:00 level=INFO msg=security_symlink_validated symlink=etc/ssl/certs/064e0aa9.0 target=QuoVadis_Root_CA_2_G3.pem type=relative
time=2025-11-13T18:35:52.148-03:00 level=INFO msg=security_symlink_validated symlink=etc/ssl/certs/06dc52d5.0 target=SSL.com_EV_Root_Certification_Authority_RSA_R2.pem type=relative
time=2025-11-13T18:35:52.148-03:00 level=INFO msg=security_symlink_validated symlink=etc/ssl/certs/08063a00.0 target=Security_Communication_RootCA3.pem type=relative
time=2025-11-13T18:35:52.148-03:00 level=INFO msg=security_symlink_validated symlink=etc/ssl/certs/09789157.0 target=Starfield_Services_Root_Certificate_Authority_-_G2.pem type=relative
time=2025-11-13T18:35:52.148-03:00 level=INFO msg=security_symlink_validated symlink=etc/ssl/certs/0a775a30.0 target=GTS_Root_R3.pem type=relative
time=2025-11-13T18:35:52.148-03:00 level=INFO msg=security_symlink_validated symlink=etc/ssl/certs/0b1b94ef.0 target=CFCA_EV_ROOT.pem type=relative
time=2025-11-13T18:35:52.148-03:00 level=INFO msg=security_symlink_validated symlink=etc/ssl/certs/0b9bc432.0 target=ISRG_Root_X2.pem type=relative
time=2025-11-13T18:35:52.148-03:00 level=INFO msg=security_symlink_validated symlink=etc/ssl/certs/0bf05006.0 target=SSL.com_Root_Certification_Authority_ECC.pem type=relative
time=2025-11-13T18:35:52.148-03:00 level=INFO msg=security_symlink_validated symlink=etc/ssl/certs/0f5dc4f3.0 target=UCA_Extended_Validation_Root.pem type=relative
time=2025-11-13T18:35:52.148-03:00 level=INFO msg=security_symlink_validated symlink=etc/ssl/certs/0f6fa695.0 target=GDCA_TrustAUTH_R5_ROOT.pem type=relative
time=2025-11-13T18:35:52.148-03:00 level=INFO msg=security_symlink_validated symlink=etc/ssl/certs/1001acf7.0 target=GTS_Root_R1.pem type=relative
time=2025-11-13T18:35:52.148-03:00 level=INFO msg=security_symlink_validated symlink=etc/ssl/certs/106f3e4d.0 target=Entrust_Root_Certification_Authority_-_EC1.pem type=relative
time=2025-11-13T18:35:52.148-03:00 level=INFO msg=security_symlink_validated symlink=etc/ssl/certs/14bc7599.0 target=emSign_ECC_Root_CA_-_G3.pem type=relative
time=2025-11-13T18:35:52.148-03:00 level=INFO msg=security_symlink_validated symlink=etc/ssl/certs/18856ac4.0 target=SecureSign_RootCA11.pem type=relative
time=2025-11-13T18:35:52.148-03:00 level=INFO msg=security_symlink_validated symlink=etc/ssl/certs/1d3472b9.0 target=GlobalSign_ECC_Root_CA_-_R5.pem type=relative
time=2025-11-13T18:35:52.148-03:00 level=INFO msg=security_symlink_validated symlink=etc/ssl/certs/1e08bfd1.0 target=IdenTrust_Public_Sector_Root_CA_1.pem type=relative
time=2025-11-13T18:35:52.148-03:00 level=INFO msg=security_symlink_validated symlink=etc/ssl/certs/1e09d511.0 target=T-TeleSec_GlobalRoot_Class_2.pem type=relative
time=2025-11-13T18:35:52.148-03:00 level=INFO msg=security_symlink_validated symlink=etc/ssl/certs/244b5494.0 target=DigiCert_High_Assurance_EV_Root_CA.pem type=relative
time=2025-11-13T18:35:52.148-03:00 level=INFO msg=security_symlink_validated symlink=etc/ssl/certs/2923b3f9.0 target=emSign_Root_CA_-_G1.pem type=relative
time=2025-11-13T18:35:52.148-03:00 level=INFO msg=security_symlink_validated symlink=etc/ssl/certs/2ae6433e.0 target=CA_Disig_Root_R2.pem type=relative
time=2025-11-13T18:35:52.148-03:00 level=INFO msg=security_symlink_validated symlink=etc/ssl/certs/2b349938.0 target=AffirmTrust_Commercial.pem type=relative
time=2025-11-13T18:35:52.148-03:00 level=INFO msg=security_symlink_validated symlink=etc/ssl/certs/32888f65.0 target=Hellenic_Academic_and_Research_Institutions_RootCA_2015.pem type=relative
time=2025-11-13T18:35:52.148-03:00 level=INFO msg=security_symlink_validated symlink=etc/ssl/certs/3513523f.0 target=DigiCert_Global_Root_CA.pem type=relative
time=2025-11-13T18:35:52.148-03:00 level=INFO msg=security_symlink_validated symlink=etc/ssl/certs/3bde41ac.0 target=Autoridad_de_Certificacion_Firmaprofesional_CIF_A62634068.pem type=relative
time=2025-11-13T18:35:52.148-03:00 level=INFO msg=security_symlink_validated symlink=etc/ssl/certs/3bde41ac.1 target=Autoridad_de_Certificacion_Firmaprofesional_CIF_A62634068_2.pem type=relative
time=2025-11-13T18:35:52.148-03:00 level=INFO msg=security_symlink_validated symlink=etc/ssl/certs/3e44d2f7.0 target=TrustCor_RootCert_CA-2.pem type=relative
time=2025-11-13T18:35:52.148-03:00 level=INFO msg=security_symlink_validated symlink=etc/ssl/certs/3e45d192.0 target=Hongkong_Post_Root_CA_1.pem type=relative
time=2025-11-13T18:35:52.148-03:00 level=INFO msg=security_symlink_validated symlink=etc/ssl/certs/3fb36b73.0 target=NAVER_Global_Root_Certification_Authority.pem type=relative
time=2025-11-13T18:35:52.148-03:00 level=INFO msg=security_symlink_validated symlink=etc/ssl/certs/40193066.0 target=Certum_Trusted_Network_CA_2.pem type=relative
time=2025-11-13T18:35:52.148-03:00 level=INFO msg=security_symlink_validated symlink=etc/ssl/certs/4042bcee.0 target=ISRG_Root_X1.pem type=relative
time=2025-11-13T18:35:52.148-03:00 level=INFO msg=security_symlink_validated symlink=etc/ssl/certs/40547a79.0 target=COMODO_Certification_Authority.pem type=relative
time=2025-11-13T18:35:52.148-03:00 level=INFO msg=security_symlink_validated symlink=etc/ssl/certs/406c9bb1.0 target=emSign_Root_CA_-_C1.pem type=relative
time=2025-11-13T18:35:52.148-03:00 level=INFO msg=security_symlink_validated symlink=etc/ssl/certs/48bec511.0 target=Certum_Trusted_Network_CA.pem type=relative
time=2025-11-13T18:35:52.148-03:00 level=INFO msg=security_symlink_validated symlink=etc/ssl/certs/4b718d9b.0 target=emSign_ECC_Root_CA_-_C3.pem type=relative
time=2025-11-13T18:35:52.148-03:00 level=INFO msg=security_symlink_validated symlink=etc/ssl/certs/4bfab552.0 target=Starfield_Root_Certificate_Authority_-_G2.pem type=relative
time=2025-11-13T18:35:52.148-03:00 level=INFO msg=security_symlink_validated symlink=etc/ssl/certs/4f316efb.0 target=SwissSign_Gold_CA_-_G2.pem type=relative
time=2025-11-13T18:35:52.148-03:00 level=INFO msg=security_symlink_validated symlink=etc/ssl/certs/5273a94c.0 target=E-Tugra_Certification_Authority.pem type=relative
time=2025-11-13T18:35:52.148-03:00 level=INFO msg=security_symlink_validated symlink=etc/ssl/certs/5443e9e3.0 target=T-TeleSec_GlobalRoot_Class_3.pem type=relative
time=2025-11-13T18:35:52.148-03:00 level=INFO msg=security_symlink_validated symlink=etc/ssl/certs/54657681.0 target=Buypass_Class_2_Root_CA.pem type=relative
time=2025-11-13T18:35:52.148-03:00 level=INFO msg=security_symlink_validated symlink=etc/ssl/certs/57bcb2da.0 target=SwissSign_Silver_CA_-_G2.pem type=relative
time=2025-11-13T18:35:52.148-03:00 level=INFO msg=security_symlink_validated symlink=etc/ssl/certs/5860aaa6.0 target=Security_Communication_ECC_RootCA1.pem type=relative
time=2025-11-13T18:35:52.148-03:00 level=INFO msg=security_symlink_validated symlink=etc/ssl/certs/5931b5bc.0 target=D-TRUST_EV_Root_CA_1_2020.pem type=relative
time=2025-11-13T18:35:52.149-03:00 level=INFO msg=security_symlink_validated symlink=etc/ssl/certs/5a7722fb.0 target=E-Tugra_Global_Root_CA_ECC_v3.pem type=relative
time=2025-11-13T18:35:52.149-03:00 level=INFO msg=security_symlink_validated symlink=etc/ssl/certs/5ad8a5d6.0 target=GlobalSign_Root_CA.pem type=relative
time=2025-11-13T18:35:52.149-03:00 level=INFO msg=security_symlink_validated symlink=etc/ssl/certs/5cd81ad7.0 target=TeliaSonera_Root_CA_v1.pem type=relative
time=2025-11-13T18:35:52.149-03:00 level=INFO msg=security_symlink_validated symlink=etc/ssl/certs/5d3033c5.0 target=TrustCor_RootCert_CA-1.pem type=relative
time=2025-11-13T18:35:52.149-03:00 level=INFO msg=security_symlink_validated symlink=etc/ssl/certs/5e98733a.0 target=Entrust_Root_Certification_Authority_-_G4.pem type=relative
time=2025-11-13T18:35:52.149-03:00 level=INFO msg=security_symlink_validated symlink=etc/ssl/certs/5f15c80c.0 target=TWCA_Global_Root_CA.pem type=relative
time=2025-11-13T18:35:52.149-03:00 level=INFO msg=security_symlink_validated symlink=etc/ssl/certs/5f618aec.0 target=certSIGN_Root_CA_G2.pem type=relative
time=2025-11-13T18:35:52.149-03:00 level=INFO msg=security_symlink_validated symlink=etc/ssl/certs/607986c7.0 target=DigiCert_Global_Root_G2.pem type=relative
time=2025-11-13T18:35:52.149-03:00 level=INFO msg=security_symlink_validated symlink=etc/ssl/certs/626dceaf.0 target=GTS_Root_R2.pem type=relative
time=2025-11-13T18:35:52.149-03:00 level=INFO msg=security_symlink_validated symlink=etc/ssl/certs/653b494a.0 target=Baltimore_CyberTrust_Root.pem type=relative
time=2025-11-13T18:35:52.149-03:00 level=INFO msg=security_symlink_validated symlink=etc/ssl/certs/66445960.0 target=E-Tugra_Global_Root_CA_RSA_v3.pem type=relative
time=2025-11-13T18:35:52.149-03:00 level=INFO msg=security_symlink_validated symlink=etc/ssl/certs/68dd7389.0 target=Hongkong_Post_Root_CA_3.pem type=relative
time=2025-11-13T18:35:52.149-03:00 level=INFO msg=security_symlink_validated symlink=etc/ssl/certs/6b99d060.0 target=Entrust_Root_Certification_Authority.pem type=relative
time=2025-11-13T18:35:52.149-03:00 level=INFO msg=security_symlink_validated symlink=etc/ssl/certs/6d41d539.0 target=Amazon_Root_CA_2.pem type=relative
time=2025-11-13T18:35:52.149-03:00 level=INFO msg=security_symlink_validated symlink=etc/ssl/certs/6fa5da56.0 target=SSL.com_Root_Certification_Authority_RSA.pem type=relative
time=2025-11-13T18:35:52.149-03:00 level=INFO msg=security_symlink_validated symlink=etc/ssl/certs/706f604c.0 target=XRamp_Global_CA_Root.pem type=relative
time=2025-11-13T18:35:52.149-03:00 level=INFO msg=security_symlink_validated symlink=etc/ssl/certs/749e9e03.0 target=QuoVadis_Root_CA_1_G3.pem type=relative
time=2025-11-13T18:35:52.149-03:00 level=INFO msg=security_symlink_validated symlink=etc/ssl/certs/75d1b2ed.0 target=DigiCert_Trusted_Root_G4.pem type=relative
time=2025-11-13T18:35:52.149-03:00 level=INFO msg=security_symlink_validated symlink=etc/ssl/certs/76faf6c0.0 target=QuoVadis_Root_CA_3.pem type=relative
time=2025-11-13T18:35:52.149-03:00 level=INFO msg=security_symlink_validated symlink=etc/ssl/certs/7719f463.0 target=Hellenic_Academic_and_Research_Institutions_ECC_RootCA_2015.pem type=relative
time=2025-11-13T18:35:52.149-03:00 level=INFO msg=security_symlink_validated symlink=etc/ssl/certs/773e07ad.0 target=OISTE_WISeKey_Global_Root_GC_CA.pem type=relative
time=2025-11-13T18:35:52.149-03:00 level=INFO msg=security_symlink_validated symlink=etc/ssl/certs/7a3adc42.0 target=vTrus_Root_CA.pem type=relative
time=2025-11-13T18:35:52.149-03:00 level=INFO msg=security_symlink_validated symlink=etc/ssl/certs/7a780d93.0 target=Certainly_Root_R1.pem type=relative
time=2025-11-13T18:35:52.149-03:00 level=INFO msg=security_symlink_validated symlink=etc/ssl/certs/7aaf71c0.0 target=TrustCor_ECA-1.pem type=relative
time=2025-11-13T18:35:52.149-03:00 level=INFO msg=security_symlink_validated symlink=etc/ssl/certs/7f3d5d1d.0 target=DigiCert_Assured_ID_Root_G3.pem type=relative
time=2025-11-13T18:35:52.149-03:00 level=INFO msg=security_symlink_validated symlink=etc/ssl/certs/8160b96c.0 target=Microsec_e-Szigno_Root_CA_2009.pem type=relative
time=2025-11-13T18:35:52.149-03:00 level=INFO msg=security_symlink_validated symlink=etc/ssl/certs/8508e720.0 target=Certainly_Root_E1.pem type=relative
time=2025-11-13T18:35:52.149-03:00 level=INFO msg=security_symlink_validated symlink=etc/ssl/certs/8cb5ee0f.0 target=Amazon_Root_CA_3.pem type=relative
time=2025-11-13T18:35:52.149-03:00 level=INFO msg=security_symlink_validated symlink=etc/ssl/certs/8d86cdd1.0 target=certSIGN_ROOT_CA.pem type=relative
time=2025-11-13T18:35:52.149-03:00 level=INFO msg=security_symlink_validated symlink=etc/ssl/certs/8d89cda1.0 target=Microsoft_ECC_Root_Certificate_Authority_2017.pem type=relative
time=2025-11-13T18:35:52.149-03:00 level=INFO msg=security_symlink_validated symlink=etc/ssl/certs/8f103249.0 target=Telia_Root_CA_v2.pem type=relative
time=2025-11-13T18:35:52.149-03:00 level=INFO msg=security_symlink_validated symlink=etc/ssl/certs/90c5a3c8.0 target=HiPKI_Root_CA_-_G1.pem type=relative
time=2025-11-13T18:35:52.149-03:00 level=INFO msg=security_symlink_validated symlink=etc/ssl/certs/930ac5d2.0 target=Actalis_Authentication_Root_CA.pem type=relative
time=2025-11-13T18:35:52.149-03:00 level=INFO msg=security_symlink_validated symlink=etc/ssl/certs/93bc0acc.0 target=AffirmTrust_Networking.pem type=relative
time=2025-11-13T18:35:52.149-03:00 level=INFO msg=security_symlink_validated symlink=etc/ssl/certs/9482e63a.0 target=Certum_EC-384_CA.pem type=relative
time=2025-11-13T18:35:52.149-03:00 level=INFO msg=security_symlink_validated symlink=etc/ssl/certs/9846683b.0 target=DigiCert_TLS_ECC_P384_Root_G5.pem type=relative
time=2025-11-13T18:35:52.149-03:00 level=INFO msg=security_symlink_validated symlink=etc/ssl/certs/988a38cb.0 target="NetLock_Arany_=Class_Gold=_Főtanúsítvány.pem" type=relative
time=2025-11-13T18:35:52.149-03:00 level=INFO msg=security_symlink_validated symlink=etc/ssl/certs/9b5697b0.0 target=Trustwave_Global_ECC_P256_Certification_Authority.pem type=relative
time=2025-11-13T18:35:52.149-03:00 level=INFO msg=security_symlink_validated symlink=etc/ssl/certs/9c8dfbd4.0 target=AffirmTrust_Premium_ECC.pem type=relative
time=2025-11-13T18:35:52.149-03:00 level=INFO msg=security_symlink_validated symlink=etc/ssl/certs/9d04f354.0 target=DigiCert_Assured_ID_Root_G2.pem type=relative
time=2025-11-13T18:35:52.149-03:00 level=INFO msg=security_symlink_validated symlink=etc/ssl/certs/9ef4a08a.0 target=D-TRUST_BR_Root_CA_1_2020.pem type=relative
time=2025-11-13T18:35:52.149-03:00 level=INFO msg=security_symlink_validated symlink=etc/ssl/certs/9f727ac7.0 target=HARICA_TLS_RSA_Root_CA_2021.pem type=relative
time=2025-11-13T18:35:52.149-03:00 level=INFO msg=security_symlink_validated symlink=etc/ssl/certs/ACCVRAIZ1.pem target=/usr/share/ca-certificates/mozilla/ACCVRAIZ1.crt type=absolute
time=2025-11-13T18:35:52.149-03:00 level=INFO msg=security_symlink_validated symlink=etc/ssl/certs/AC_RAIZ_FNMT-RCM.pem target=/usr/share/ca-certificates/mozilla/AC_RAIZ_FNMT-RCM.crt type=absolute
time=2025-11-13T18:35:52.149-03:00 level=INFO msg=security_symlink_validated symlink=etc/ssl/certs/AC_RAIZ_FNMT-RCM_SERVIDORES_SEGUROS.pem target=/usr/share/ca-certificates/mozilla/AC_RAIZ_FNMT-RCM_SERVIDORES_SEGUROS.crt type=absolute
time=2025-11-13T18:35:52.150-03:00 level=INFO msg=security_symlink_validated symlink=etc/ssl/certs/ANF_Secure_Server_Root_CA.pem target=/usr/share/ca-certificates/mozilla/ANF_Secure_Server_Root_CA.crt type=absolute
time=2025-11-13T18:35:52.150-03:00 level=INFO msg=security_symlink_validated symlink=etc/ssl/certs/Actalis_Authentication_Root_CA.pem target=/usr/share/ca-certificates/mozilla/Actalis_Authentication_Root_CA.crt type=absolute
time=2025-11-13T18:35:52.150-03:00 level=INFO msg=security_symlink_validated symlink=etc/ssl/certs/AffirmTrust_Commercial.pem target=/usr/share/ca-certificates/mozilla/AffirmTrust_Commercial.crt type=absolute
time=2025-11-13T18:35:52.150-03:00 level=INFO msg=security_symlink_validated symlink=etc/ssl/certs/AffirmTrust_Networking.pem target=/usr/share/ca-certificates/mozilla/AffirmTrust_Networking.crt type=absolute
time=2025-11-13T18:35:52.150-03:00 level=INFO msg=security_symlink_validated symlink=etc/ssl/certs/AffirmTrust_Premium.pem target=/usr/share/ca-certificates/mozilla/AffirmTrust_Premium.crt type=absolute
time=2025-11-13T18:35:52.150-03:00 level=INFO msg=security_symlink_validated symlink=etc/ssl/certs/AffirmTrust_Premium_ECC.pem target=/usr/share/ca-certificates/mozilla/AffirmTrust_Premium_ECC.crt type=absolute
time=2025-11-13T18:35:52.150-03:00 level=INFO msg=security_symlink_validated symlink=etc/ssl/certs/Amazon_Root_CA_1.pem target=/usr/share/ca-certificates/mozilla/Amazon_Root_CA_1.crt type=absolute
time=2025-11-13T18:35:52.150-03:00 level=INFO msg=security_symlink_validated symlink=etc/ssl/certs/Amazon_Root_CA_2.pem target=/usr/share/ca-certificates/mozilla/Amazon_Root_CA_2.crt type=absolute
time=2025-11-13T18:35:52.150-03:00 level=INFO msg=security_symlink_validated symlink=etc/ssl/certs/Amazon_Root_CA_3.pem target=/usr/share/ca-certificates/mozilla/Amazon_Root_CA_3.crt type=absolute
time=2025-11-13T18:35:52.150-03:00 level=INFO msg=security_symlink_validated symlink=etc/ssl/certs/Amazon_Root_CA_4.pem target=/usr/share/ca-certificates/mozilla/Amazon_Root_CA_4.crt type=absolute
time=2025-11-13T18:35:52.150-03:00 level=INFO msg=security_symlink_validated symlink=etc/ssl/certs/Atos_TrustedRoot_2011.pem target=/usr/share/ca-certificates/mozilla/Atos_TrustedRoot_2011.crt type=absolute
time=2025-11-13T18:35:52.150-03:00 level=INFO msg=security_symlink_validated symlink=etc/ssl/certs/Autoridad_de_Certificacion_Firmaprofesional_CIF_A62634068.pem target=/usr/share/ca-certificates/mozilla/Autoridad_de_Certificacion_Firmaprofesional_CIF_A62634068.crt type=absolute
time=2025-11-13T18:35:52.150-03:00 level=INFO msg=security_symlink_validated symlink=etc/ssl/certs/Autoridad_de_Certificacion_Firmaprofesional_CIF_A62634068_2.pem target=/usr/share/ca-certificates/mozilla/Autoridad_de_Certificacion_Firmaprofesional_CIF_A62634068_2.crt type=absolute
time=2025-11-13T18:35:52.150-03:00 level=INFO msg=security_symlink_validated symlink=etc/ssl/certs/Baltimore_CyberTrust_Root.pem target=/usr/share/ca-certificates/mozilla/Baltimore_CyberTrust_Root.crt type=absolute
time=2025-11-13T18:35:52.150-03:00 level=INFO msg=security_symlink_validated symlink=etc/ssl/certs/Buypass_Class_2_Root_CA.pem target=/usr/share/ca-certificates/mozilla/Buypass_Class_2_Root_CA.crt type=absolute
time=2025-11-13T18:35:52.150-03:00 level=INFO msg=security_symlink_validated symlink=etc/ssl/certs/Buypass_Class_3_Root_CA.pem target=/usr/share/ca-certificates/mozilla/Buypass_Class_3_Root_CA.crt type=absolute
time=2025-11-13T18:35:52.150-03:00 level=INFO msg=security_symlink_validated symlink=etc/ssl/certs/CA_Disig_Root_R2.pem target=/usr/share/ca-certificates/mozilla/CA_Disig_Root_R2.crt type=absolute
time=2025-11-13T18:35:52.150-03:00 level=INFO msg=security_symlink_validated symlink=etc/ssl/certs/CFCA_EV_ROOT.pem target=/usr/share/ca-certificates/mozilla/CFCA_EV_ROOT.crt type=absolute
time=2025-11-13T18:35:52.150-03:00 level=INFO msg=security_symlink_validated symlink=etc/ssl/certs/COMODO_Certification_Authority.pem target=/usr/share/ca-certificates/mozilla/COMODO_Certification_Authority.crt type=absolute
time=2025-11-13T18:35:52.150-03:00 level=INFO msg=security_symlink_validated symlink=etc/ssl/certs/COMODO_ECC_Certification_Authority.pem target=/usr/share/ca-certificates/mozilla/COMODO_ECC_Certification_Authority.crt type=absolute
time=2025-11-13T18:35:52.150-03:00 level=INFO msg=security_symlink_validated symlink=etc/ssl/certs/COMODO_RSA_Certification_Authority.pem target=/usr/share/ca-certificates/mozilla/COMODO_RSA_Certification_Authority.crt type=absolute
time=2025-11-13T18:35:52.150-03:00 level=INFO msg=security_symlink_validated symlink=etc/ssl/certs/Certainly_Root_E1.pem target=/usr/share/ca-certificates/mozilla/Certainly_Root_E1.crt type=absolute
time=2025-11-13T18:35:52.150-03:00 level=INFO msg=security_symlink_validated symlink=etc/ssl/certs/Certainly_Root_R1.pem target=/usr/share/ca-certificates/mozilla/Certainly_Root_R1.crt type=absolute
time=2025-11-13T18:35:52.150-03:00 level=INFO msg=security_symlink_validated symlink=etc/ssl/certs/Certigna.pem target=/usr/share/ca-certificates/mozilla/Certigna.crt type=absolute
time=2025-11-13T18:35:52.150-03:00 level=INFO msg=security_symlink_validated symlink=etc/ssl/certs/Certigna_Root_CA.pem target=/usr/share/ca-certificates/mozilla/Certigna_Root_CA.crt type=absolute
time=2025-11-13T18:35:52.150-03:00 level=INFO msg=security_symlink_validated symlink=etc/ssl/certs/Certum_EC-384_CA.pem target=/usr/share/ca-certificates/mozilla/Certum_EC-384_CA.crt type=absolute
time=2025-11-13T18:35:52.150-03:00 level=INFO msg=security_symlink_validated symlink=etc/ssl/certs/Certum_Trusted_Network_CA.pem target=/usr/share/ca-certificates/mozilla/Certum_Trusted_Network_CA.crt type=absolute
time=2025-11-13T18:35:52.150-03:00 level=INFO msg=security_symlink_validated symlink=etc/ssl/certs/Certum_Trusted_Network_CA_2.pem target=/usr/share/ca-certificates/mozilla/Certum_Trusted_Network_CA_2.crt type=absolute
time=2025-11-13T18:35:52.150-03:00 level=INFO msg=security_symlink_validated symlink=etc/ssl/certs/Certum_Trusted_Root_CA.pem target=/usr/share/ca-certificates/mozilla/Certum_Trusted_Root_CA.crt type=absolute
time=2025-11-13T18:35:52.150-03:00 level=INFO msg=security_symlink_validated symlink=etc/ssl/certs/Comodo_AAA_Services_root.pem target=/usr/share/ca-certificates/mozilla/Comodo_AAA_Services_root.crt type=absolute
time=2025-11-13T18:35:52.150-03:00 level=INFO msg=security_symlink_validated symlink=etc/ssl/certs/D-TRUST_BR_Root_CA_1_2020.pem target=/usr/share/ca-certificates/mozilla/D-TRUST_BR_Root_CA_1_2020.crt type=absolute
time=2025-11-13T18:35:52.150-03:00 level=INFO msg=security_symlink_validated symlink=etc/ssl/certs/D-TRUST_EV_Root_CA_1_2020.pem target=/usr/share/ca-certificates/mozilla/D-TRUST_EV_Root_CA_1_2020.crt type=absolute
time=2025-11-13T18:35:52.150-03:00 level=INFO msg=security_symlink_validated symlink=etc/ssl/certs/D-TRUST_Root_Class_3_CA_2_2009.pem target=/usr/share/ca-certificates/mozilla/D-TRUST_Root_Class_3_CA_2_2009.crt type=absolute
time=2025-11-13T18:35:52.150-03:00 level=INFO msg=security_symlink_validated symlink=etc/ssl/certs/D-TRUST_Root_Class_3_CA_2_EV_2009.pem target=/usr/share/ca-certificates/mozilla/D-TRUST_Root_Class_3_CA_2_EV_2009.crt type=absolute
time=2025-11-13T18:35:52.150-03:00 level=INFO msg=security_symlink_validated symlink=etc/ssl/certs/DigiCert_Assured_ID_Root_CA.pem target=/usr/share/ca-certificates/mozilla/DigiCert_Assured_ID_Root_CA.crt type=absolute
time=2025-11-13T18:35:52.150-03:00 level=INFO msg=security_symlink_validated symlink=etc/ssl/certs/DigiCert_Assured_ID_Root_G2.pem target=/usr/share/ca-certificates/mozilla/DigiCert_Assured_ID_Root_G2.crt type=absolute
time=2025-11-13T18:35:52.150-03:00 level=INFO msg=security_symlink_validated symlink=etc/ssl/certs/DigiCert_Assured_ID_Root_G3.pem target=/usr/share/ca-certificates/mozilla/DigiCert_Assured_ID_Root_G3.crt type=absolute
time=2025-11-13T18:35:52.150-03:00 level=INFO msg=security_symlink_validated symlink=etc/ssl/certs/DigiCert_Global_Root_CA.pem target=/usr/share/ca-certificates/mozilla/DigiCert_Global_Root_CA.crt type=absolute
time=2025-11-13T18:35:52.150-03:00 level=INFO msg=security_symlink_validated symlink=etc/ssl/certs/DigiCert_Global_Root_G2.pem target=/usr/share/ca-certificates/mozilla/DigiCert_Global_Root_G2.crt type=absolute
time=2025-11-13T18:35:52.150-03:00 level=INFO msg=security_symlink_validated symlink=etc/ssl/certs/DigiCert_Global_Root_G3.pem target=/usr/share/ca-certificates/mozilla/DigiCert_Global_Root_G3.crt type=absolute
time=2025-11-13T18:35:52.150-03:00 level=INFO msg=security_symlink_validated symlink=etc/ssl/certs/DigiCert_High_Assurance_EV_Root_CA.pem target=/usr/share/ca-certificates/mozilla/DigiCert_High_Assurance_EV_Root_CA.crt type=absolute
time=2025-11-13T18:35:52.150-03:00 level=INFO msg=security_symlink_validated symlink=etc/ssl/certs/DigiCert_TLS_ECC_P384_Root_G5.pem target=/usr/share/ca-certificates/mozilla/DigiCert_TLS_ECC_P384_Root_G5.crt type=absolute
time=2025-11-13T18:35:52.150-03:00 level=INFO msg=security_symlink_validated symlink=etc/ssl/certs/DigiCert_TLS_RSA4096_Root_G5.pem target=/usr/share/ca-certificates/mozilla/DigiCert_TLS_RSA4096_Root_G5.crt type=absolute
time=2025-11-13T18:35:52.150-03:00 level=INFO msg=security_symlink_validated symlink=etc/ssl/certs/DigiCert_Trusted_Root_G4.pem target=/usr/share/ca-certificates/mozilla/DigiCert_Trusted_Root_G4.crt type=absolute
time=2025-11-13T18:35:52.150-03:00 level=INFO msg=security_symlink_validated symlink=etc/ssl/certs/E-Tugra_Certification_Authority.pem target=/usr/share/ca-certificates/mozilla/E-Tugra_Certification_Authority.crt type=absolute
time=2025-11-13T18:35:52.150-03:00 level=INFO msg=security_symlink_validated symlink=etc/ssl/certs/E-Tugra_Global_Root_CA_ECC_v3.pem target=/usr/share/ca-certificates/mozilla/E-Tugra_Global_Root_CA_ECC_v3.crt type=absolute
time=2025-11-13T18:35:52.150-03:00 level=INFO msg=security_symlink_validated symlink=etc/ssl/certs/E-Tugra_Global_Root_CA_RSA_v3.pem target=/usr/share/ca-certificates/mozilla/E-Tugra_Global_Root_CA_RSA_v3.crt type=absolute
time=2025-11-13T18:35:52.150-03:00 level=INFO msg=security_symlink_validated symlink=etc/ssl/certs/Entrust.net_Premium_2048_Secure_Server_CA.pem target=/usr/share/ca-certificates/mozilla/Entrust.net_Premium_2048_Secure_Server_CA.crt type=absolute
time=2025-11-13T18:35:52.150-03:00 level=INFO msg=security_symlink_validated symlink=etc/ssl/certs/Entrust_Root_Certification_Authority.pem target=/usr/share/ca-certificates/mozilla/Entrust_Root_Certification_Authority.crt type=absolute
time=2025-11-13T18:35:52.151-03:00 level=INFO msg=security_symlink_validated symlink=etc/ssl/certs/Entrust_Root_Certification_Authority_-_EC1.pem target=/usr/share/ca-certificates/mozilla/Entrust_Root_Certification_Authority_-_EC1.crt type=absolute
time=2025-11-13T18:35:52.151-03:00 level=INFO msg=security_symlink_validated symlink=etc/ssl/certs/Entrust_Root_Certification_Authority_-_G2.pem target=/usr/share/ca-certificates/mozilla/Entrust_Root_Certification_Authority_-_G2.crt type=absolute
time=2025-11-13T18:35:52.151-03:00 level=INFO msg=security_symlink_validated symlink=etc/ssl/certs/Entrust_Root_Certification_Authority_-_G4.pem target=/usr/share/ca-certificates/mozilla/Entrust_Root_Certification_Authority_-_G4.crt type=absolute
time=2025-11-13T18:35:52.151-03:00 level=INFO msg=security_symlink_validated symlink=etc/ssl/certs/GDCA_TrustAUTH_R5_ROOT.pem target=/usr/share/ca-certificates/mozilla/GDCA_TrustAUTH_R5_ROOT.crt type=absolute
time=2025-11-13T18:35:52.151-03:00 level=INFO msg=security_symlink_validated symlink=etc/ssl/certs/GLOBALTRUST_2020.pem target=/usr/share/ca-certificates/mozilla/GLOBALTRUST_2020.crt type=absolute
time=2025-11-13T18:35:52.151-03:00 level=INFO msg=security_symlink_validated symlink=etc/ssl/certs/GTS_Root_R1.pem target=/usr/share/ca-certificates/mozilla/GTS_Root_R1.crt type=absolute
time=2025-11-13T18:35:52.151-03:00 level=INFO msg=security_symlink_validated symlink=etc/ssl/certs/GTS_Root_R2.pem target=/usr/share/ca-certificates/mozilla/GTS_Root_R2.crt type=absolute
time=2025-11-13T18:35:52.151-03:00 level=INFO msg=security_symlink_validated symlink=etc/ssl/certs/GTS_Root_R3.pem target=/usr/share/ca-certificates/mozilla/GTS_Root_R3.crt type=absolute
time=2025-11-13T18:35:52.151-03:00 level=INFO msg=security_symlink_validated symlink=etc/ssl/certs/GTS_Root_R4.pem target=/usr/share/ca-certificates/mozilla/GTS_Root_R4.crt type=absolute
time=2025-11-13T18:35:52.151-03:00 level=INFO msg=security_symlink_validated symlink=etc/ssl/certs/GlobalSign_ECC_Root_CA_-_R4.pem target=/usr/share/ca-certificates/mozilla/GlobalSign_ECC_Root_CA_-_R4.crt type=absolute
time=2025-11-13T18:35:52.151-03:00 level=INFO msg=security_symlink_validated symlink=etc/ssl/certs/GlobalSign_ECC_Root_CA_-_R5.pem target=/usr/share/ca-certificates/mozilla/GlobalSign_ECC_Root_CA_-_R5.crt type=absolute
time=2025-11-13T18:35:52.151-03:00 level=INFO msg=security_symlink_validated symlink=etc/ssl/certs/GlobalSign_Root_CA.pem target=/usr/share/ca-certificates/mozilla/GlobalSign_Root_CA.crt type=absolute
time=2025-11-13T18:35:52.151-03:00 level=INFO msg=security_symlink_validated symlink=etc/ssl/certs/GlobalSign_Root_CA_-_R3.pem target=/usr/share/ca-certificates/mozilla/GlobalSign_Root_CA_-_R3.crt type=absolute
time=2025-11-13T18:35:52.151-03:00 level=INFO msg=security_symlink_validated symlink=etc/ssl/certs/GlobalSign_Root_CA_-_R6.pem target=/usr/share/ca-certificates/mozilla/GlobalSign_Root_CA_-_R6.crt type=absolute
time=2025-11-13T18:35:52.151-03:00 level=INFO msg=security_symlink_validated symlink=etc/ssl/certs/GlobalSign_Root_E46.pem target=/usr/share/ca-certificates/mozilla/GlobalSign_Root_E46.crt type=absolute
time=2025-11-13T18:35:52.151-03:00 level=INFO msg=security_symlink_validated symlink=etc/ssl/certs/GlobalSign_Root_R46.pem target=/usr/share/ca-certificates/mozilla/GlobalSign_Root_R46.crt type=absolute
time=2025-11-13T18:35:52.151-03:00 level=INFO msg=security_symlink_validated symlink=etc/ssl/certs/Go_Daddy_Class_2_CA.pem target=/usr/share/ca-certificates/mozilla/Go_Daddy_Class_2_CA.crt type=absolute
time=2025-11-13T18:35:52.151-03:00 level=INFO msg=security_symlink_validated symlink=etc/ssl/certs/Go_Daddy_Root_Certificate_Authority_-_G2.pem target=/usr/share/ca-certificates/mozilla/Go_Daddy_Root_Certificate_Authority_-_G2.crt type=absolute
time=2025-11-13T18:35:52.151-03:00 level=INFO msg=security_symlink_validated symlink=etc/ssl/certs/HARICA_TLS_ECC_Root_CA_2021.pem target=/usr/share/ca-certificates/mozilla/HARICA_TLS_ECC_Root_CA_2021.crt type=absolute
time=2025-11-13T18:35:52.151-03:00 level=INFO msg=security_symlink_validated symlink=etc/ssl/certs/HARICA_TLS_RSA_Root_CA_2021.pem target=/usr/share/ca-certificates/mozilla/HARICA_TLS_RSA_Root_CA_2021.crt type=absolute
time=2025-11-13T18:35:52.151-03:00 level=INFO msg=security_symlink_validated symlink=etc/ssl/certs/Hellenic_Academic_and_Research_Institutions_ECC_RootCA_2015.pem target=/usr/share/ca-certificates/mozilla/Hellenic_Academic_and_Research_Institutions_ECC_RootCA_2015.crt type=absolute
time=2025-11-13T18:35:52.151-03:00 level=INFO msg=security_symlink_validated symlink=etc/ssl/certs/Hellenic_Academic_and_Research_Institutions_RootCA_2015.pem target=/usr/share/ca-certificates/mozilla/Hellenic_Academic_and_Research_Institutions_RootCA_2015.crt type=absolute
time=2025-11-13T18:35:52.151-03:00 level=INFO msg=security_symlink_validated symlink=etc/ssl/certs/HiPKI_Root_CA_-_G1.pem target=/usr/share/ca-certificates/mozilla/HiPKI_Root_CA_-_G1.crt type=absolute
time=2025-11-13T18:35:52.151-03:00 level=INFO msg=security_symlink_validated symlink=etc/ssl/certs/Hongkong_Post_Root_CA_1.pem target=/usr/share/ca-certificates/mozilla/Hongkong_Post_Root_CA_1.crt type=absolute
time=2025-11-13T18:35:52.151-03:00 level=INFO msg=security_symlink_validated symlink=etc/ssl/certs/Hongkong_Post_Root_CA_3.pem target=/usr/share/ca-certificates/mozilla/Hongkong_Post_Root_CA_3.crt type=absolute
time=2025-11-13T18:35:52.151-03:00 level=INFO msg=security_symlink_validated symlink=etc/ssl/certs/ISRG_Root_X1.pem target=/usr/share/ca-certificates/mozilla/ISRG_Root_X1.crt type=absolute
time=2025-11-13T18:35:52.151-03:00 level=INFO msg=security_symlink_validated symlink=etc/ssl/certs/ISRG_Root_X2.pem target=/usr/share/ca-certificates/mozilla/ISRG_Root_X2.crt type=absolute
time=2025-11-13T18:35:52.151-03:00 level=INFO msg=security_symlink_validated symlink=etc/ssl/certs/IdenTrust_Commercial_Root_CA_1.pem target=/usr/share/ca-certificates/mozilla/IdenTrust_Commercial_Root_CA_1.crt type=absolute
time=2025-11-13T18:35:52.151-03:00 level=INFO msg=security_symlink_validated symlink=etc/ssl/certs/IdenTrust_Public_Sector_Root_CA_1.pem target=/usr/share/ca-certificates/mozilla/IdenTrust_Public_Sector_Root_CA_1.crt type=absolute
time=2025-11-13T18:35:52.151-03:00 level=INFO msg=security_symlink_validated symlink=etc/ssl/certs/Izenpe.com.pem target=/usr/share/ca-certificates/mozilla/Izenpe.com.crt type=absolute
time=2025-11-13T18:35:52.151-03:00 level=INFO msg=security_symlink_validated symlink=etc/ssl/certs/Microsec_e-Szigno_Root_CA_2009.pem target=/usr/share/ca-certificates/mozilla/Microsec_e-Szigno_Root_CA_2009.crt type=absolute
time=2025-11-13T18:35:52.151-03:00 level=INFO msg=security_symlink_validated symlink=etc/ssl/certs/Microsoft_ECC_Root_Certificate_Authority_2017.pem target=/usr/share/ca-certificates/mozilla/Microsoft_ECC_Root_Certificate_Authority_2017.crt type=absolute
time=2025-11-13T18:35:52.151-03:00 level=INFO msg=security_symlink_validated symlink=etc/ssl/certs/Microsoft_RSA_Root_Certificate_Authority_2017.pem target=/usr/share/ca-certificates/mozilla/Microsoft_RSA_Root_Certificate_Authority_2017.crt type=absolute
time=2025-11-13T18:35:52.151-03:00 level=INFO msg=security_symlink_validated symlink=etc/ssl/certs/NAVER_Global_Root_Certification_Authority.pem target=/usr/share/ca-certificates/mozilla/NAVER_Global_Root_Certification_Authority.crt type=absolute
time=2025-11-13T18:35:52.151-03:00 level=INFO msg=security_symlink_validated symlink="etc/ssl/certs/NetLock_Arany_=Class_Gold=_Főtanúsítvány.pem" target="/usr/share/ca-certificates/mozilla/NetLock_Arany_=Class_Gold=_Főtanúsítvány.crt" type=absolute
time=2025-11-13T18:35:52.151-03:00 level=INFO msg=security_symlink_validated symlink=etc/ssl/certs/OISTE_WISeKey_Global_Root_GB_CA.pem target=/usr/share/ca-certificates/mozilla/OISTE_WISeKey_Global_Root_GB_CA.crt type=absolute
time=2025-11-13T18:35:52.151-03:00 level=INFO msg=security_symlink_validated symlink=etc/ssl/certs/OISTE_WISeKey_Global_Root_GC_CA.pem target=/usr/share/ca-certificates/mozilla/OISTE_WISeKey_Global_Root_GC_CA.crt type=absolute
time=2025-11-13T18:35:52.151-03:00 level=INFO msg=security_symlink_validated symlink=etc/ssl/certs/QuoVadis_Root_CA_1_G3.pem target=/usr/share/ca-certificates/mozilla/QuoVadis_Root_CA_1_G3.crt type=absolute
time=2025-11-13T18:35:52.151-03:00 level=INFO msg=security_symlink_validated symlink=etc/ssl/certs/QuoVadis_Root_CA_2.pem target=/usr/share/ca-certificates/mozilla/QuoVadis_Root_CA_2.crt type=absolute
time=2025-11-13T18:35:52.151-03:00 level=INFO msg=security_symlink_validated symlink=etc/ssl/certs/QuoVadis_Root_CA_2_G3.pem target=/usr/share/ca-certificates/mozilla/QuoVadis_Root_CA_2_G3.crt type=absolute
time=2025-11-13T18:35:52.151-03:00 level=INFO msg=security_symlink_validated symlink=etc/ssl/certs/QuoVadis_Root_CA_3.pem target=/usr/share/ca-certificates/mozilla/QuoVadis_Root_CA_3.crt type=absolute
time=2025-11-13T18:35:52.151-03:00 level=INFO msg=security_symlink_validated symlink=etc/ssl/certs/QuoVadis_Root_CA_3_G3.pem target=/usr/share/ca-certificates/mozilla/QuoVadis_Root_CA_3_G3.crt type=absolute
time=2025-11-13T18:35:52.151-03:00 level=INFO msg=security_symlink_validated symlink=etc/ssl/certs/SSL.com_EV_Root_Certification_Authority_ECC.pem target=/usr/share/ca-certificates/mozilla/SSL.com_EV_Root_Certification_Authority_ECC.crt type=absolute
time=2025-11-13T18:35:52.151-03:00 level=INFO msg=security_symlink_validated symlink=etc/ssl/certs/SSL.com_EV_Root_Certification_Authority_RSA_R2.pem target=/usr/share/ca-certificates/mozilla/SSL.com_EV_Root_Certification_Authority_RSA_R2.crt type=absolute
time=2025-11-13T18:35:52.151-03:00 level=INFO msg=security_symlink_validated symlink=etc/ssl/certs/SSL.com_Root_Certification_Authority_ECC.pem target=/usr/share/ca-certificates/mozilla/SSL.com_Root_Certification_Authority_ECC.crt type=absolute
time=2025-11-13T18:35:52.151-03:00 level=INFO msg=security_symlink_validated symlink=etc/ssl/certs/SSL.com_Root_Certification_Authority_RSA.pem target=/usr/share/ca-certificates/mozilla/SSL.com_Root_Certification_Authority_RSA.crt type=absolute
time=2025-11-13T18:35:52.151-03:00 level=INFO msg=security_symlink_validated symlink=etc/ssl/certs/SZAFIR_ROOT_CA2.pem target=/usr/share/ca-certificates/mozilla/SZAFIR_ROOT_CA2.crt type=absolute
time=2025-11-13T18:35:52.151-03:00 level=INFO msg=security_symlink_validated symlink=etc/ssl/certs/SecureSign_RootCA11.pem target=/usr/share/ca-certificates/mozilla/SecureSign_RootCA11.crt type=absolute
time=2025-11-13T18:35:52.151-03:00 level=INFO msg=security_symlink_validated symlink=etc/ssl/certs/SecureTrust_CA.pem target=/usr/share/ca-certificates/mozilla/SecureTrust_CA.crt type=absolute
time=2025-11-13T18:35:52.151-03:00 level=INFO msg=security_symlink_validated symlink=etc/ssl/certs/Secure_Global_CA.pem target=/usr/share/ca-certificates/mozilla/Secure_Global_CA.crt type=absolute
time=2025-11-13T18:35:52.151-03:00 level=INFO msg=security_symlink_validated symlink=etc/ssl/certs/Security_Communication_ECC_RootCA1.pem target=/usr/share/ca-certificates/mozilla/Security_Communication_ECC_RootCA1.crt type=absolute
time=2025-11-13T18:35:52.151-03:00 level=INFO msg=security_symlink_validated symlink=etc/ssl/certs/Security_Communication_RootCA2.pem target=/usr/share/ca-certificates/mozilla/Security_Communication_RootCA2.crt type=absolute
time=2025-11-13T18:35:52.151-03:00 level=INFO msg=security_symlink_validated symlink=etc/ssl/certs/Security_Communication_RootCA3.pem target=/usr/share/ca-certificates/mozilla/Security_Communication_RootCA3.crt type=absolute
time=2025-11-13T18:35:52.151-03:00 level=INFO msg=security_symlink_validated symlink=etc/ssl/certs/Security_Communication_Root_CA.pem target=/usr/share/ca-certificates/mozilla/Security_Communication_Root_CA.crt type=absolute
time=2025-11-13T18:35:52.151-03:00 level=INFO msg=security_symlink_validated symlink=etc/ssl/certs/Starfield_Class_2_CA.pem target=/usr/share/ca-certificates/mozilla/Starfield_Class_2_CA.crt type=absolute
time=2025-11-13T18:35:52.151-03:00 level=INFO msg=security_symlink_validated symlink=etc/ssl/certs/Starfield_Root_Certificate_Authority_-_G2.pem target=/usr/share/ca-certificates/mozilla/Starfield_Root_Certificate_Authority_-_G2.crt type=absolute
time=2025-11-13T18:35:52.151-03:00 level=INFO msg=security_symlink_validated symlink=etc/ssl/certs/Starfield_Services_Root_Certificate_Authority_-_G2.pem target=/usr/share/ca-certificates/mozilla/Starfield_Services_Root_Certificate_Authority_-_G2.crt type=absolute
time=2025-11-13T18:35:52.151-03:00 level=INFO msg=security_symlink_validated symlink=etc/ssl/certs/SwissSign_Gold_CA_-_G2.pem target=/usr/share/ca-certificates/mozilla/SwissSign_Gold_CA_-_G2.crt type=absolute
time=2025-11-13T18:35:52.151-03:00 level=INFO msg=security_symlink_validated symlink=etc/ssl/certs/SwissSign_Silver_CA_-_G2.pem target=/usr/share/ca-certificates/mozilla/SwissSign_Silver_CA_-_G2.crt type=absolute
time=2025-11-13T18:35:52.152-03:00 level=INFO msg=security_symlink_validated symlink=etc/ssl/certs/T-TeleSec_GlobalRoot_Class_2.pem target=/usr/share/ca-certificates/mozilla/T-TeleSec_GlobalRoot_Class_2.crt type=absolute
time=2025-11-13T18:35:52.152-03:00 level=INFO msg=security_symlink_validated symlink=etc/ssl/certs/T-TeleSec_GlobalRoot_Class_3.pem target=/usr/share/ca-certificates/mozilla/T-TeleSec_GlobalRoot_Class_3.crt type=absolute
time=2025-11-13T18:35:52.152-03:00 level=INFO msg=security_symlink_validated symlink=etc/ssl/certs/TUBITAK_Kamu_SM_SSL_Kok_Sertifikasi_-_Surum_1.pem target=/usr/share/ca-certificates/mozilla/TUBITAK_Kamu_SM_SSL_Kok_Sertifikasi_-_Surum_1.crt type=absolute
time=2025-11-13T18:35:52.152-03:00 level=INFO msg=security_symlink_validated symlink=etc/ssl/certs/TWCA_Global_Root_CA.pem target=/usr/share/ca-certificates/mozilla/TWCA_Global_Root_CA.crt type=absolute
time=2025-11-13T18:35:52.152-03:00 level=INFO msg=security_symlink_validated symlink=etc/ssl/certs/TWCA_Root_Certification_Authority.pem target=/usr/share/ca-certificates/mozilla/TWCA_Root_Certification_Authority.crt type=absolute
time=2025-11-13T18:35:52.152-03:00 level=INFO msg=security_symlink_validated symlink=etc/ssl/certs/TeliaSonera_Root_CA_v1.pem target=/usr/share/ca-certificates/mozilla/TeliaSonera_Root_CA_v1.crt type=absolute
time=2025-11-13T18:35:52.152-03:00 level=INFO msg=security_symlink_validated symlink=etc/ssl/certs/Telia_Root_CA_v2.pem target=/usr/share/ca-certificates/mozilla/Telia_Root_CA_v2.crt type=absolute
time=2025-11-13T18:35:52.152-03:00 level=INFO msg=security_symlink_validated symlink=etc/ssl/certs/TrustCor_ECA-1.pem target=/usr/share/ca-certificates/mozilla/TrustCor_ECA-1.crt type=absolute
time=2025-11-13T18:35:52.152-03:00 level=INFO msg=security_symlink_validated symlink=etc/ssl/certs/TrustCor_RootCert_CA-1.pem target=/usr/share/ca-certificates/mozilla/TrustCor_RootCert_CA-1.crt type=absolute
time=2025-11-13T18:35:52.152-03:00 level=INFO msg=security_symlink_validated symlink=etc/ssl/certs/TrustCor_RootCert_CA-2.pem target=/usr/share/ca-certificates/mozilla/TrustCor_RootCert_CA-2.crt type=absolute
time=2025-11-13T18:35:52.152-03:00 level=INFO msg=security_symlink_validated symlink=etc/ssl/certs/Trustwave_Global_Certification_Authority.pem target=/usr/share/ca-certificates/mozilla/Trustwave_Global_Certification_Authority.crt type=absolute
time=2025-11-13T18:35:52.152-03:00 level=INFO msg=security_symlink_validated symlink=etc/ssl/certs/Trustwave_Global_ECC_P256_Certification_Authority.pem target=/usr/share/ca-certificates/mozilla/Trustwave_Global_ECC_P256_Certification_Authority.crt type=absolute
time=2025-11-13T18:35:52.152-03:00 level=INFO msg=security_symlink_validated symlink=etc/ssl/certs/Trustwave_Global_ECC_P384_Certification_Authority.pem target=/usr/share/ca-certificates/mozilla/Trustwave_Global_ECC_P384_Certification_Authority.crt type=absolute
time=2025-11-13T18:35:52.152-03:00 level=INFO msg=security_symlink_validated symlink=etc/ssl/certs/TunTrust_Root_CA.pem target=/usr/share/ca-certificates/mozilla/TunTrust_Root_CA.crt type=absolute
time=2025-11-13T18:35:52.152-03:00 level=INFO msg=security_symlink_validated symlink=etc/ssl/certs/UCA_Extended_Validation_Root.pem target=/usr/share/ca-certificates/mozilla/UCA_Extended_Validation_Root.crt type=absolute
time=2025-11-13T18:35:52.152-03:00 level=INFO msg=security_symlink_validated symlink=etc/ssl/certs/UCA_Global_G2_Root.pem target=/usr/share/ca-certificates/mozilla/UCA_Global_G2_Root.crt type=absolute
time=2025-11-13T18:35:52.152-03:00 level=INFO msg=security_symlink_validated symlink=etc/ssl/certs/USERTrust_ECC_Certification_Authority.pem target=/usr/share/ca-certificates/mozilla/USERTrust_ECC_Certification_Authority.crt type=absolute
time=2025-11-13T18:35:52.152-03:00 level=INFO msg=security_symlink_validated symlink=etc/ssl/certs/USERTrust_RSA_Certification_Authority.pem target=/usr/share/ca-certificates/mozilla/USERTrust_RSA_Certification_Authority.crt type=absolute
time=2025-11-13T18:35:52.152-03:00 level=INFO msg=security_symlink_validated symlink=etc/ssl/certs/XRamp_Global_CA_Root.pem target=/usr/share/ca-certificates/mozilla/XRamp_Global_CA_Root.crt type=absolute
time=2025-11-13T18:35:52.152-03:00 level=INFO msg=security_symlink_validated symlink=etc/ssl/certs/a3418fda.0 target=GTS_Root_R4.pem type=relative
time=2025-11-13T18:35:52.152-03:00 level=INFO msg=security_symlink_validated symlink=etc/ssl/certs/a94d09e5.0 target=ACCVRAIZ1.pem type=relative
time=2025-11-13T18:35:52.152-03:00 level=INFO msg=security_symlink_validated symlink=etc/ssl/certs/aee5f10d.0 target=Entrust.net_Premium_2048_Secure_Server_CA.pem type=relative
time=2025-11-13T18:35:52.152-03:00 level=INFO msg=security_symlink_validated symlink=etc/ssl/certs/b0e59380.0 target=GlobalSign_ECC_Root_CA_-_R4.pem type=relative
time=2025-11-13T18:35:52.152-03:00 level=INFO msg=security_symlink_validated symlink=etc/ssl/certs/b1159c4c.0 target=DigiCert_Assured_ID_Root_CA.pem type=relative
time=2025-11-13T18:35:52.152-03:00 level=INFO msg=security_symlink_validated symlink=etc/ssl/certs/b433981b.0 target=ANF_Secure_Server_Root_CA.pem type=relative
time=2025-11-13T18:35:52.152-03:00 level=INFO msg=security_symlink_validated symlink=etc/ssl/certs/b66938e9.0 target=Secure_Global_CA.pem type=relative
time=2025-11-13T18:35:52.152-03:00 level=INFO msg=security_symlink_validated symlink=etc/ssl/certs/b727005e.0 target=AffirmTrust_Premium.pem type=relative
time=2025-11-13T18:35:52.152-03:00 level=INFO msg=security_symlink_validated symlink=etc/ssl/certs/b7a5b843.0 target=TWCA_Root_Certification_Authority.pem type=relative
time=2025-11-13T18:35:52.152-03:00 level=INFO msg=security_symlink_validated symlink=etc/ssl/certs/b81b93f0.0 target=AC_RAIZ_FNMT-RCM_SERVIDORES_SEGUROS.pem type=relative
time=2025-11-13T18:35:52.152-03:00 level=INFO msg=security_symlink_validated symlink=etc/ssl/certs/bf53fb88.0 target=Microsoft_RSA_Root_Certificate_Authority_2017.pem type=relative
time=2025-11-13T18:35:52.152-03:00 level=INFO msg=security_symlink_validated symlink=etc/ssl/certs/c01eb047.0 target=UCA_Global_G2_Root.pem type=relative
time=2025-11-13T18:35:52.152-03:00 level=INFO msg=security_symlink_validated symlink=etc/ssl/certs/c28a8a30.0 target=D-TRUST_Root_Class_3_CA_2_2009.pem type=relative
time=2025-11-13T18:35:52.152-03:00 level=INFO msg=security_symlink_validated symlink=etc/ssl/certs/ca6e4ad9.0 target=ePKI_Root_Certification_Authority.pem type=relative
time=2025-11-13T18:35:52.152-03:00 level=INFO msg=security_symlink_validated symlink=etc/ssl/certs/cbf06781.0 target=Go_Daddy_Root_Certificate_Authority_-_G2.pem type=relative
time=2025-11-13T18:35:52.152-03:00 level=INFO msg=security_symlink_validated symlink=etc/ssl/certs/cc450945.0 target=Izenpe.com.pem type=relative
time=2025-11-13T18:35:52.152-03:00 level=INFO msg=security_symlink_validated symlink=etc/ssl/certs/cd58d51e.0 target=Security_Communication_RootCA2.pem type=relative
time=2025-11-13T18:35:52.152-03:00 level=INFO msg=security_symlink_validated symlink=etc/ssl/certs/cd8c0d63.0 target=AC_RAIZ_FNMT-RCM.pem type=relative
time=2025-11-13T18:35:52.152-03:00 level=INFO msg=security_symlink_validated symlink=etc/ssl/certs/ce5e74ef.0 target=Amazon_Root_CA_1.pem type=relative
time=2025-11-13T18:35:52.152-03:00 level=INFO msg=security_symlink_validated symlink=etc/ssl/certs/certSIGN_ROOT_CA.pem target=/usr/share/ca-certificates/mozilla/certSIGN_ROOT_CA.crt type=absolute
time=2025-11-13T18:35:52.152-03:00 level=INFO msg=security_symlink_validated symlink=etc/ssl/certs/certSIGN_Root_CA_G2.pem target=/usr/share/ca-certificates/mozilla/certSIGN_Root_CA_G2.crt type=absolute
time=2025-11-13T18:35:52.152-03:00 level=INFO msg=security_symlink_validated symlink=etc/ssl/certs/d4dae3dd.0 target=D-TRUST_Root_Class_3_CA_2_EV_2009.pem type=relative
time=2025-11-13T18:35:52.152-03:00 level=INFO msg=security_symlink_validated symlink=etc/ssl/certs/d52c538d.0 target=DigiCert_TLS_RSA4096_Root_G5.pem type=relative
time=2025-11-13T18:35:52.152-03:00 level=INFO msg=security_symlink_validated symlink=etc/ssl/certs/d6325660.0 target=COMODO_RSA_Certification_Authority.pem type=relative
time=2025-11-13T18:35:52.152-03:00 level=INFO msg=security_symlink_validated symlink=etc/ssl/certs/d7e8dc79.0 target=QuoVadis_Root_CA_2.pem type=relative
time=2025-11-13T18:35:52.152-03:00 level=INFO msg=security_symlink_validated symlink=etc/ssl/certs/d887a5bb.0 target=Trustwave_Global_ECC_P384_Certification_Authority.pem type=relative
time=2025-11-13T18:35:52.152-03:00 level=INFO msg=security_symlink_validated symlink=etc/ssl/certs/dc4d6a89.0 target=GlobalSign_Root_CA_-_R6.pem type=relative
time=2025-11-13T18:35:52.152-03:00 level=INFO msg=security_symlink_validated symlink=etc/ssl/certs/dd8e9d41.0 target=DigiCert_Global_Root_G3.pem type=relative
time=2025-11-13T18:35:52.152-03:00 level=INFO msg=security_symlink_validated symlink=etc/ssl/certs/de6d66f3.0 target=Amazon_Root_CA_4.pem type=relative
time=2025-11-13T18:35:52.152-03:00 level=INFO msg=security_symlink_validated symlink=etc/ssl/certs/e-Szigno_Root_CA_2017.pem target=/usr/share/ca-certificates/mozilla/e-Szigno_Root_CA_2017.crt type=absolute
time=2025-11-13T18:35:52.152-03:00 level=INFO msg=security_symlink_validated symlink=etc/ssl/certs/e113c810.0 target=Certigna.pem type=relative
time=2025-11-13T18:35:52.152-03:00 level=INFO msg=security_symlink_validated symlink=etc/ssl/certs/e18bfb83.0 target=QuoVadis_Root_CA_3_G3.pem type=relative
time=2025-11-13T18:35:52.152-03:00 level=INFO msg=security_symlink_validated symlink=etc/ssl/certs/e35234b1.0 target=Certum_Trusted_Root_CA.pem type=relative
time=2025-11-13T18:35:52.152-03:00 level=INFO msg=security_symlink_validated symlink=etc/ssl/certs/e36a6752.0 target=Atos_TrustedRoot_2011.pem type=relative
time=2025-11-13T18:35:52.152-03:00 level=INFO msg=security_symlink_validated symlink=etc/ssl/certs/e73d606e.0 target=OISTE_WISeKey_Global_Root_GB_CA.pem type=relative
time=2025-11-13T18:35:52.152-03:00 level=INFO msg=security_symlink_validated symlink=etc/ssl/certs/e868b802.0 target=e-Szigno_Root_CA_2017.pem type=relative
time=2025-11-13T18:35:52.152-03:00 level=INFO msg=security_symlink_validated symlink=etc/ssl/certs/e8de2f56.0 target=Buypass_Class_3_Root_CA.pem type=relative
time=2025-11-13T18:35:52.152-03:00 level=INFO msg=security_symlink_validated symlink=etc/ssl/certs/ePKI_Root_Certification_Authority.pem target=/usr/share/ca-certificates/mozilla/ePKI_Root_Certification_Authority.crt type=absolute
time=2025-11-13T18:35:52.152-03:00 level=INFO msg=security_symlink_validated symlink=etc/ssl/certs/ecccd8db.0 target=HARICA_TLS_ECC_Root_CA_2021.pem type=relative
time=2025-11-13T18:35:52.153-03:00 level=INFO msg=security_symlink_validated symlink=etc/ssl/certs/ed858448.0 target=vTrus_ECC_Root_CA.pem type=relative
time=2025-11-13T18:35:52.153-03:00 level=INFO msg=security_symlink_validated symlink=etc/ssl/certs/ee64a828.0 target=Comodo_AAA_Services_root.pem type=relative
time=2025-11-13T18:35:52.153-03:00 level=INFO msg=security_symlink_validated symlink=etc/ssl/certs/eed8c118.0 target=COMODO_ECC_Certification_Authority.pem type=relative
time=2025-11-13T18:35:52.153-03:00 level=INFO msg=security_symlink_validated symlink=etc/ssl/certs/ef954a4e.0 target=IdenTrust_Commercial_Root_CA_1.pem type=relative
time=2025-11-13T18:35:52.153-03:00 level=INFO msg=security_symlink_validated symlink=etc/ssl/certs/emSign_ECC_Root_CA_-_C3.pem target=/usr/share/ca-certificates/mozilla/emSign_ECC_Root_CA_-_C3.crt type=absolute
time=2025-11-13T18:35:52.153-03:00 level=INFO msg=security_symlink_validated symlink=etc/ssl/certs/emSign_ECC_Root_CA_-_G3.pem target=/usr/share/ca-certificates/mozilla/emSign_ECC_Root_CA_-_G3.crt type=absolute
time=2025-11-13T18:35:52.153-03:00 level=INFO msg=security_symlink_validated symlink=etc/ssl/certs/emSign_Root_CA_-_C1.pem target=/usr/share/ca-certificates/mozilla/emSign_Root_CA_-_C1.crt type=absolute
time=2025-11-13T18:35:52.153-03:00 level=INFO msg=security_symlink_validated symlink=etc/ssl/certs/emSign_Root_CA_-_G1.pem target=/usr/share/ca-certificates/mozilla/emSign_Root_CA_-_G1.crt type=absolute
time=2025-11-13T18:35:52.153-03:00 level=INFO msg=security_symlink_validated symlink=etc/ssl/certs/f081611a.0 target=Go_Daddy_Class_2_CA.pem type=relative
time=2025-11-13T18:35:52.153-03:00 level=INFO msg=security_symlink_validated symlink=etc/ssl/certs/f0c70a8d.0 target=SSL.com_EV_Root_Certification_Authority_ECC.pem type=relative
time=2025-11-13T18:35:52.153-03:00 level=INFO msg=security_symlink_validated symlink=etc/ssl/certs/f249de83.0 target=Trustwave_Global_Certification_Authority.pem type=relative
time=2025-11-13T18:35:52.153-03:00 level=INFO msg=security_symlink_validated symlink=etc/ssl/certs/f30dd6ad.0 target=USERTrust_ECC_Certification_Authority.pem type=relative
time=2025-11-13T18:35:52.153-03:00 level=INFO msg=security_symlink_validated symlink=etc/ssl/certs/f3377b1b.0 target=Security_Communication_Root_CA.pem type=relative
time=2025-11-13T18:35:52.153-03:00 level=INFO msg=security_symlink_validated symlink=etc/ssl/certs/f387163d.0 target=Starfield_Class_2_CA.pem type=relative
time=2025-11-13T18:35:52.153-03:00 level=INFO msg=security_symlink_validated symlink=etc/ssl/certs/f39fc864.0 target=SecureTrust_CA.pem type=relative
time=2025-11-13T18:35:52.153-03:00 level=INFO msg=security_symlink_validated symlink=etc/ssl/certs/f51bb24c.0 target=Certigna_Root_CA.pem type=relative
time=2025-11-13T18:35:52.153-03:00 level=INFO msg=security_symlink_validated symlink=etc/ssl/certs/fa5da96b.0 target=GLOBALTRUST_2020.pem type=relative
time=2025-11-13T18:35:52.153-03:00 level=INFO msg=security_symlink_validated symlink=etc/ssl/certs/fc5a8f99.0 target=USERTrust_RSA_Certification_Authority.pem type=relative
time=2025-11-13T18:35:52.153-03:00 level=INFO msg=security_symlink_validated symlink=etc/ssl/certs/fd64f3fc.0 target=TunTrust_Root_CA.pem type=relative
time=2025-11-13T18:35:52.153-03:00 level=INFO msg=security_symlink_validated symlink=etc/ssl/certs/fe8a2cd8.0 target=SZAFIR_ROOT_CA2.pem type=relative
time=2025-11-13T18:35:52.153-03:00 level=INFO msg=security_symlink_validated symlink=etc/ssl/certs/feffd413.0 target=GlobalSign_Root_E46.pem type=relative
time=2025-11-13T18:35:52.153-03:00 level=INFO msg=security_symlink_validated symlink=etc/ssl/certs/ff34af3f.0 target=TUBITAK_Kamu_SM_SSL_Kok_Sertifikasi_-_Surum_1.pem type=relative
time=2025-11-13T18:35:52.153-03:00 level=INFO msg=security_symlink_validated symlink=etc/ssl/certs/vTrus_ECC_Root_CA.pem target=/usr/share/ca-certificates/mozilla/vTrus_ECC_Root_CA.crt type=absolute
time=2025-11-13T18:35:52.153-03:00 level=INFO msg=security_symlink_validated symlink=etc/ssl/certs/vTrus_Root_CA.pem target=/usr/share/ca-certificates/mozilla/vTrus_Root_CA.crt type=absolute
time=2025-11-13T18:35:52.153-03:00 level=INFO msg=security_symlink_validated symlink=etc/systemd/user/sockets.target.wants/dirmngr.socket target=/lib/systemd/user/dirmngr.socket type=absolute
time=2025-11-13T18:35:52.153-03:00 level=INFO msg=security_symlink_validated symlink=etc/systemd/user/sockets.target.wants/gpg-agent-browser.socket target=/lib/systemd/user/gpg-agent-browser.socket type=absolute
time=2025-11-13T18:35:52.153-03:00 level=INFO msg=security_symlink_validated symlink=etc/systemd/user/sockets.target.wants/gpg-agent-extra.socket target=/lib/systemd/user/gpg-agent-extra.socket type=absolute
time=2025-11-13T18:35:52.153-03:00 level=INFO msg=security_symlink_validated symlink=etc/systemd/user/sockets.target.wants/gpg-agent-ssh.socket target=/lib/systemd/user/gpg-agent-ssh.socket type=absolute
time=2025-11-13T18:35:52.153-03:00 level=INFO msg=security_symlink_validated symlink=etc/systemd/user/sockets.target.wants/gpg-agent.socket target=/lib/systemd/user/gpg-agent.socket type=absolute
time=2025-11-13T18:35:52.157-03:00 level=INFO msg=security_symlink_validated symlink=usr/bin/pinentry target=/etc/alternatives/pinentry type=absolute
time=2025-11-13T18:35:52.162-03:00 level=INFO msg=security_symlink_validated symlink=usr/lib/aarch64-linux-gnu/libassuan.so.0 target=libassuan.so.0.8.5 type=relative
time=2025-11-13T18:35:52.162-03:00 level=INFO msg=security_symlink_validated symlink=usr/lib/aarch64-linux-gnu/libbrotlicommon.so.1 target=libbrotlicommon.so.1.0.9 type=relative
time=2025-11-13T18:35:52.162-03:00 level=INFO msg=security_symlink_validated symlink=usr/lib/aarch64-linux-gnu/libbrotlidec.so.1 target=libbrotlidec.so.1.0.9 type=relative
time=2025-11-13T18:35:52.162-03:00 level=INFO msg=security_symlink_validated symlink=usr/lib/aarch64-linux-gnu/libbrotlienc.so.1 target=libbrotlienc.so.1.0.9 type=relative
time=2025-11-13T18:35:52.165-03:00 level=INFO msg=security_symlink_validated symlink=usr/lib/aarch64-linux-gnu/libcurl.so.4 target=libcurl.so.4.8.0 type=relative
time=2025-11-13T18:35:52.165-03:00 level=INFO msg=security_symlink_validated symlink=usr/lib/aarch64-linux-gnu/libformw.so.6 target=libformw.so.6.4 type=relative
time=2025-11-13T18:35:52.165-03:00 level=INFO msg=security_symlink_validated symlink=usr/lib/aarch64-linux-gnu/libgssapi_krb5.so.2 target=libgssapi_krb5.so.2.2 type=relative
time=2025-11-13T18:35:52.165-03:00 level=INFO msg=security_symlink_validated symlink=usr/lib/aarch64-linux-gnu/libhistory.so.8 target=libhistory.so.8.2 type=relative
time=2025-11-13T18:35:52.165-03:00 level=INFO msg=security_symlink_validated symlink=usr/lib/aarch64-linux-gnu/libk5crypto.so.3 target=libk5crypto.so.3.1 type=relative
time=2025-11-13T18:35:52.165-03:00 level=INFO msg=security_symlink_validated symlink=usr/lib/aarch64-linux-gnu/libkeyutils.so.1 target=libkeyutils.so.1.10 type=relative
time=2025-11-13T18:35:52.166-03:00 level=INFO msg=security_symlink_validated symlink=usr/lib/aarch64-linux-gnu/libkrb5.so.3 target=libkrb5.so.3.3 type=relative
time=2025-11-13T18:35:52.166-03:00 level=INFO msg=security_symlink_validated symlink=usr/lib/aarch64-linux-gnu/libkrb5support.so.0 target=libkrb5support.so.0.1 type=relative
time=2025-11-13T18:35:52.166-03:00 level=INFO msg=security_symlink_validated symlink=usr/lib/aarch64-linux-gnu/libksba.so.8 target=libksba.so.8.14.3 type=relative
time=2025-11-13T18:35:52.166-03:00 level=INFO msg=security_symlink_validated symlink=usr/lib/aarch64-linux-gnu/liblber-2.5.so.0 target=liblber-2.5.so.0.1.8 type=relative
time=2025-11-13T18:35:52.166-03:00 level=INFO msg=security_symlink_validated symlink=usr/lib/aarch64-linux-gnu/libldap-2.5.so.0 target=libldap-2.5.so.0.1.8 type=relative
time=2025-11-13T18:35:52.167-03:00 level=INFO msg=security_symlink_validated symlink=usr/lib/aarch64-linux-gnu/libmenuw.so.6 target=libmenuw.so.6.4 type=relative
time=2025-11-13T18:35:52.167-03:00 level=INFO msg=security_symlink_validated symlink=usr/lib/aarch64-linux-gnu/libncursesw.so.6 target=libncursesw.so.6.4 type=relative
time=2025-11-13T18:35:52.167-03:00 level=INFO msg=security_symlink_validated symlink=usr/lib/aarch64-linux-gnu/libnghttp2.so.14 target=libnghttp2.so.14.24.1 type=relative
time=2025-11-13T18:35:52.167-03:00 level=INFO msg=security_symlink_validated symlink=usr/lib/aarch64-linux-gnu/libnpth.so.0 target=libnpth.so.0.1.2 type=relative
time=2025-11-13T18:35:52.167-03:00 level=INFO msg=security_symlink_validated symlink=usr/lib/aarch64-linux-gnu/libpanelw.so.6 target=libpanelw.so.6.4 type=relative
time=2025-11-13T18:35:52.167-03:00 level=INFO msg=security_symlink_validated symlink=usr/lib/aarch64-linux-gnu/libpsl.so.5 target=libpsl.so.5.3.4 type=relative
time=2025-11-13T18:35:52.167-03:00 level=INFO msg=security_symlink_validated symlink=usr/lib/aarch64-linux-gnu/libreadline.so.8 target=libreadline.so.8.2 type=relative
time=2025-11-13T18:35:52.168-03:00 level=INFO msg=security_symlink_validated symlink=usr/lib/aarch64-linux-gnu/libsasl2.so.2 target=libsasl2.so.2.0.25 type=relative
time=2025-11-13T18:35:52.168-03:00 level=INFO msg=security_symlink_validated symlink=usr/lib/aarch64-linux-gnu/libsqlite3.so.0 target=libsqlite3.so.0.8.6 type=relative
time=2025-11-13T18:35:52.168-03:00 level=INFO msg=security_symlink_validated symlink=usr/lib/aarch64-linux-gnu/libssh2.so.1 target=libssh2.so.1.0.1 type=relative
time=2025-11-13T18:35:52.169-03:00 level=INFO msg=security_symlink_validated symlink=usr/lib/aarch64-linux-gnu/sasl2/libsasldb.so target=libsasldb.so.2.0.25 type=relative
time=2025-11-13T18:35:52.169-03:00 level=INFO msg=security_symlink_validated symlink=usr/lib/aarch64-linux-gnu/sasl2/libsasldb.so.2 target=libsasldb.so.2.0.25 type=relative
time=2025-11-13T18:35:52.170-03:00 level=INFO msg=security_symlink_validated symlink=usr/lib/gnupg2/gpg-preset-passphrase target=../gnupg/gpg-preset-passphrase type=relative
time=2025-11-13T18:35:52.170-03:00 level=INFO msg=security_symlink_validated symlink=usr/lib/gnupg2/gpg-protect-tool target=../gnupg/gpg-protect-tool type=relative
time=2025-11-13T18:35:52.170-03:00 level=INFO msg=security_symlink_validated symlink=usr/lib/ssl/cert.pem target=/etc/ssl/certs/ca-certificates.crt type=absolute
time=2025-11-13T18:35:52.170-03:00 level=INFO msg=security_symlink_validated symlink=usr/lib/ssl/certs target=/etc/ssl/certs type=absolute
time=2025-11-13T18:35:52.170-03:00 level=INFO msg=security_symlink_validated symlink=usr/lib/ssl/misc/tsget target=tsget.pl type=relative
time=2025-11-13T18:35:52.170-03:00 level=INFO msg=security_symlink_validated symlink=usr/lib/ssl/openssl.cnf target=/etc/ssl/openssl.cnf type=absolute
time=2025-11-13T18:35:52.170-03:00 level=INFO msg=security_symlink_validated symlink=usr/lib/ssl/private target=/etc/ssl/private type=absolute
time=2025-11-13T18:35:52.180-03:00 level=INFO msg=security_symlink_validated symlink=usr/share/doc/libncursesw6 target=libtinfo6 type=relative
time=2025-11-13T18:35:52.190-03:00 level=INFO msg=security_symlink_validated symlink=usr/share/man/man1/asn1parse.1ssl.gz target=openssl-cmds.1ssl.gz type=relative
time=2025-11-13T18:35:52.190-03:00 level=INFO msg=security_symlink_validated symlink=usr/share/man/man1/c_rehash.1ssl.gz target=openssl-rehash.1ssl.gz type=relative
time=2025-11-13T18:35:52.190-03:00 level=INFO msg=security_symlink_validated symlink=usr/share/man/man1/ca.1ssl.gz target=openssl-cmds.1ssl.gz type=relative
time=2025-11-13T18:35:52.190-03:00 level=INFO msg=security_symlink_validated symlink=usr/share/man/man1/ciphers.1ssl.gz target=openssl-cmds.1ssl.gz type=relative
time=2025-11-13T18:35:52.190-03:00 level=INFO msg=security_symlink_validated symlink=usr/share/man/man1/cmp.1ssl.gz target=openssl-cmds.1ssl.gz type=relative
time=2025-11-13T18:35:52.190-03:00 level=INFO msg=security_symlink_validated symlink=usr/share/man/man1/cms.1ssl.gz target=openssl-cmds.1ssl.gz type=relative
time=2025-11-13T18:35:52.190-03:00 level=INFO msg=security_symlink_validated symlink=usr/share/man/man1/crl.1ssl.gz target=openssl-cmds.1ssl.gz type=relative
time=2025-11-13T18:35:52.190-03:00 level=INFO msg=security_symlink_validated symlink=usr/share/man/man1/crl2pkcs7.1ssl.gz target=openssl-cmds.1ssl.gz type=relative
time=2025-11-13T18:35:52.190-03:00 level=INFO msg=security_symlink_validated symlink=usr/share/man/man1/dgst.1ssl.gz target=openssl-cmds.1ssl.gz type=relative
time=2025-11-13T18:35:52.190-03:00 level=INFO msg=security_symlink_validated symlink=usr/share/man/man1/dhparam.1ssl.gz target=openssl-cmds.1ssl.gz type=relative
time=2025-11-13T18:35:52.190-03:00 level=INFO msg=security_symlink_validated symlink=usr/share/man/man1/dsa.1ssl.gz target=openssl-cmds.1ssl.gz type=relative
time=2025-11-13T18:35:52.190-03:00 level=INFO msg=security_symlink_validated symlink=usr/share/man/man1/dsaparam.1ssl.gz target=openssl-cmds.1ssl.gz type=relative
time=2025-11-13T18:35:52.190-03:00 level=INFO msg=security_symlink_validated symlink=usr/share/man/man1/ec.1ssl.gz target=openssl-cmds.1ssl.gz type=relative
time=2025-11-13T18:35:52.190-03:00 level=INFO msg=security_symlink_validated symlink=usr/share/man/man1/ecparam.1ssl.gz target=openssl-cmds.1ssl.gz type=relative
time=2025-11-13T18:35:52.190-03:00 level=INFO msg=security_symlink_validated symlink=usr/share/man/man1/enc.1ssl.gz target=openssl-cmds.1ssl.gz type=relative
time=2025-11-13T18:35:52.190-03:00 level=INFO msg=security_symlink_validated symlink=usr/share/man/man1/engine.1ssl.gz target=openssl-cmds.1ssl.gz type=relative
time=2025-11-13T18:35:52.190-03:00 level=INFO msg=security_symlink_validated symlink=usr/share/man/man1/errstr.1ssl.gz target=openssl-cmds.1ssl.gz type=relative
time=2025-11-13T18:35:52.190-03:00 level=INFO msg=security_symlink_validated symlink=usr/share/man/man1/gendsa.1ssl.gz target=openssl-cmds.1ssl.gz type=relative
time=2025-11-13T18:35:52.190-03:00 level=INFO msg=security_symlink_validated symlink=usr/share/man/man1/genpkey.1ssl.gz target=openssl-cmds.1ssl.gz type=relative
time=2025-11-13T18:35:52.190-03:00 level=INFO msg=security_symlink_validated symlink=usr/share/man/man1/genrsa.1ssl.gz target=openssl-cmds.1ssl.gz type=relative
time=2025-11-13T18:35:52.191-03:00 level=INFO msg=security_symlink_validated symlink=usr/share/man/man1/info.1ssl.gz target=openssl-cmds.1ssl.gz type=relative
time=2025-11-13T18:35:52.191-03:00 level=INFO msg=security_symlink_validated symlink=usr/share/man/man1/kdf.1ssl.gz target=openssl-cmds.1ssl.gz type=relative
time=2025-11-13T18:35:52.191-03:00 level=INFO msg=security_symlink_validated symlink=usr/share/man/man1/mac.1ssl.gz target=openssl-cmds.1ssl.gz type=relative
time=2025-11-13T18:35:52.191-03:00 level=INFO msg=security_symlink_validated symlink=usr/share/man/man1/nseq.1ssl.gz target=openssl-cmds.1ssl.gz type=relative
time=2025-11-13T18:35:52.191-03:00 level=INFO msg=security_symlink_validated symlink=usr/share/man/man1/ocsp.1ssl.gz target=openssl-cmds.1ssl.gz type=relative
time=2025-11-13T18:35:52.192-03:00 level=INFO msg=security_symlink_validated symlink=usr/share/man/man1/passwd.1ssl.gz target=openssl-cmds.1ssl.gz type=relative
time=2025-11-13T18:35:52.192-03:00 level=INFO msg=security_symlink_validated symlink=usr/share/man/man1/pinentry.1.gz target=/etc/alternatives/pinentry.1.gz type=absolute
time=2025-11-13T18:35:52.192-03:00 level=INFO msg=security_symlink_validated symlink=usr/share/man/man1/pkcs12.1ssl.gz target=openssl-cmds.1ssl.gz type=relative
time=2025-11-13T18:35:52.192-03:00 level=INFO msg=security_symlink_validated symlink=usr/share/man/man1/pkcs7.1ssl.gz target=openssl-cmds.1ssl.gz type=relative
time=2025-11-13T18:35:52.192-03:00 level=INFO msg=security_symlink_validated symlink=usr/share/man/man1/pkcs8.1ssl.gz target=openssl-cmds.1ssl.gz type=relative
time=2025-11-13T18:35:52.192-03:00 level=INFO msg=security_symlink_validated symlink=usr/share/man/man1/pkey.1ssl.gz target=openssl-cmds.1ssl.gz type=relative
time=2025-11-13T18:35:52.192-03:00 level=INFO msg=security_symlink_validated symlink=usr/share/man/man1/pkeyparam.1ssl.gz target=openssl-cmds.1ssl.gz type=relative
time=2025-11-13T18:35:52.192-03:00 level=INFO msg=security_symlink_validated symlink=usr/share/man/man1/pkeyutl.1ssl.gz target=openssl-cmds.1ssl.gz type=relative
time=2025-11-13T18:35:52.192-03:00 level=INFO msg=security_symlink_validated symlink=usr/share/man/man1/prime.1ssl.gz target=openssl-cmds.1ssl.gz type=relative
time=2025-11-13T18:35:52.192-03:00 level=INFO msg=security_symlink_validated symlink=usr/share/man/man1/rand.1ssl.gz target=openssl-cmds.1ssl.gz type=relative
time=2025-11-13T18:35:52.192-03:00 level=INFO msg=security_symlink_validated symlink=usr/share/man/man1/rehash.1ssl.gz target=openssl-cmds.1ssl.gz type=relative
time=2025-11-13T18:35:52.192-03:00 level=INFO msg=security_symlink_validated symlink=usr/share/man/man1/req.1ssl.gz target=openssl-cmds.1ssl.gz type=relative
time=2025-11-13T18:35:52.192-03:00 level=INFO msg=security_symlink_validated symlink=usr/share/man/man1/rsa.1ssl.gz target=openssl-cmds.1ssl.gz type=relative
time=2025-11-13T18:35:52.192-03:00 level=INFO msg=security_symlink_validated symlink=usr/share/man/man1/rsautl.1ssl.gz target=openssl-cmds.1ssl.gz type=relative
time=2025-11-13T18:35:52.192-03:00 level=INFO msg=security_symlink_validated symlink=usr/share/man/man1/s_client.1ssl.gz target=openssl-cmds.1ssl.gz type=relative
time=2025-11-13T18:35:52.192-03:00 level=INFO msg=security_symlink_validated symlink=usr/share/man/man1/s_server.1ssl.gz target=openssl-cmds.1ssl.gz type=relative
time=2025-11-13T18:35:52.193-03:00 level=INFO msg=security_symlink_validated symlink=usr/share/man/man1/s_time.1ssl.gz target=openssl-cmds.1ssl.gz type=relative
time=2025-11-13T18:35:52.193-03:00 level=INFO msg=security_symlink_validated symlink=usr/share/man/man1/sess_id.1ssl.gz target=openssl-cmds.1ssl.gz type=relative
time=2025-11-13T18:35:52.193-03:00 level=INFO msg=security_symlink_validated symlink=usr/share/man/man1/smime.1ssl.gz target=openssl-cmds.1ssl.gz type=relative
time=2025-11-13T18:35:52.193-03:00 level=INFO msg=security_symlink_validated symlink=usr/share/man/man1/speed.1ssl.gz target=openssl-cmds.1ssl.gz type=relative
time=2025-11-13T18:35:52.193-03:00 level=INFO msg=security_symlink_validated symlink=usr/share/man/man1/spkac.1ssl.gz target=openssl-cmds.1ssl.gz type=relative
time=2025-11-13T18:35:52.194-03:00 level=INFO msg=security_symlink_validated symlink=usr/share/man/man1/srp.1ssl.gz target=openssl-cmds.1ssl.gz type=relative
time=2025-11-13T18:35:52.194-03:00 level=INFO msg=security_symlink_validated symlink=usr/share/man/man1/storeutl.1ssl.gz target=openssl-cmds.1ssl.gz type=relative
time=2025-11-13T18:35:52.194-03:00 level=INFO msg=security_symlink_validated symlink=usr/share/man/man1/ts.1ssl.gz target=openssl-cmds.1ssl.gz type=relative
time=2025-11-13T18:35:52.194-03:00 level=INFO msg=security_symlink_validated symlink=usr/share/man/man1/verify.1ssl.gz target=openssl-cmds.1ssl.gz type=relative
time=2025-11-13T18:35:52.194-03:00 level=INFO msg=security_symlink_validated symlink=usr/share/man/man1/version.1ssl.gz target=openssl-cmds.1ssl.gz type=relative
time=2025-11-13T18:35:52.194-03:00 level=INFO msg=security_symlink_validated symlink=usr/share/man/man1/x509.1ssl.gz target=openssl-cmds.1ssl.gz type=relative
time=2025-11-13T18:35:52.195-03:00 level=INFO msg=security_symlink_validated symlink=usr/share/man/man7/EVP_KEYEXCH-X448.7ssl.gz target=EVP_KEYEXCH-X25519.7ssl.gz type=relative
time=2025-11-13T18:35:52.195-03:00 level=INFO msg=security_symlink_validated symlink=usr/share/man/man7/EVP_KEYMGMT-CMAC.7ssl.gz target=EVP_PKEY-HMAC.7ssl.gz type=relative
time=2025-11-13T18:35:52.195-03:00 level=INFO msg=security_symlink_validated symlink=usr/share/man/man7/EVP_KEYMGMT-DH.7ssl.gz target=EVP_PKEY-DH.7ssl.gz type=relative
time=2025-11-13T18:35:52.195-03:00 level=INFO msg=security_symlink_validated symlink=usr/share/man/man7/EVP_KEYMGMT-DHX.7ssl.gz target=EVP_PKEY-DH.7ssl.gz type=relative
time=2025-11-13T18:35:52.195-03:00 level=INFO msg=security_symlink_validated symlink=usr/share/man/man7/EVP_KEYMGMT-DSA.7ssl.gz target=EVP_PKEY-DSA.7ssl.gz type=relative
time=2025-11-13T18:35:52.195-03:00 level=INFO msg=security_symlink_validated symlink=usr/share/man/man7/EVP_KEYMGMT-EC.7ssl.gz target=EVP_PKEY-EC.7ssl.gz type=relative
time=2025-11-13T18:35:52.195-03:00 level=INFO msg=security_symlink_validated symlink=usr/share/man/man7/EVP_KEYMGMT-ED25519.7ssl.gz target=EVP_PKEY-X25519.7ssl.gz type=relative
time=2025-11-13T18:35:52.195-03:00 level=INFO msg=security_symlink_validated symlink=usr/share/man/man7/EVP_KEYMGMT-ED448.7ssl.gz target=EVP_PKEY-X25519.7ssl.gz type=relative
time=2025-11-13T18:35:52.195-03:00 level=INFO msg=security_symlink_validated symlink=usr/share/man/man7/EVP_KEYMGMT-HMAC.7ssl.gz target=EVP_PKEY-HMAC.7ssl.gz type=relative
time=2025-11-13T18:35:52.195-03:00 level=INFO msg=security_symlink_validated symlink=usr/share/man/man7/EVP_KEYMGMT-Poly1305.7ssl.gz target=EVP_PKEY-HMAC.7ssl.gz type=relative
time=2025-11-13T18:35:52.195-03:00 level=INFO msg=security_symlink_validated symlink=usr/share/man/man7/EVP_KEYMGMT-RSA.7ssl.gz target=EVP_PKEY-RSA.7ssl.gz type=relative
time=2025-11-13T18:35:52.195-03:00 level=INFO msg=security_symlink_validated symlink=usr/share/man/man7/EVP_KEYMGMT-SM2.7ssl.gz target=EVP_PKEY-SM2.7ssl.gz type=relative
time=2025-11-13T18:35:52.195-03:00 level=INFO msg=security_symlink_validated symlink=usr/share/man/man7/EVP_KEYMGMT-Siphash.7ssl.gz target=EVP_PKEY-HMAC.7ssl.gz type=relative
time=2025-11-13T18:35:52.195-03:00 level=INFO msg=security_symlink_validated symlink=usr/share/man/man7/EVP_KEYMGMT-X25519.7ssl.gz target=EVP_PKEY-X25519.7ssl.gz type=relative
time=2025-11-13T18:35:52.195-03:00 level=INFO msg=security_symlink_validated symlink=usr/share/man/man7/EVP_KEYMGMT-X448.7ssl.gz target=EVP_PKEY-X25519.7ssl.gz type=relative
time=2025-11-13T18:35:52.195-03:00 level=INFO msg=security_symlink_validated symlink=usr/share/man/man7/EVP_MAC-BLAKE2BMAC.7ssl.gz target=EVP_MAC-BLAKE2.7ssl.gz type=relative
time=2025-11-13T18:35:52.195-03:00 level=INFO msg=security_symlink_validated symlink=usr/share/man/man7/EVP_MAC-BLAKE2SMAC.7ssl.gz target=EVP_MAC-BLAKE2.7ssl.gz type=relative
time=2025-11-13T18:35:52.195-03:00 level=INFO msg=security_symlink_validated symlink=usr/share/man/man7/EVP_MAC-KMAC128.7ssl.gz target=EVP_MAC-KMAC.7ssl.gz type=relative
time=2025-11-13T18:35:52.195-03:00 level=INFO msg=security_symlink_validated symlink=usr/share/man/man7/EVP_MAC-KMAC256.7ssl.gz target=EVP_MAC-KMAC.7ssl.gz type=relative
time=2025-11-13T18:35:52.196-03:00 level=INFO msg=security_symlink_validated symlink=usr/share/man/man7/EVP_MD-KECCAK-KMAC.7ssl.gz target=EVP_MD-SHAKE.7ssl.gz type=relative
time=2025-11-13T18:35:52.196-03:00 level=INFO msg=security_symlink_validated symlink=usr/share/man/man7/EVP_PKEY-CMAC.7ssl.gz target=EVP_PKEY-HMAC.7ssl.gz type=relative
time=2025-11-13T18:35:52.196-03:00 level=INFO msg=security_symlink_validated symlink=usr/share/man/man7/EVP_PKEY-DHX.7ssl.gz target=EVP_PKEY-DH.7ssl.gz type=relative
time=2025-11-13T18:35:52.196-03:00 level=INFO msg=security_symlink_validated symlink=usr/share/man/man7/EVP_PKEY-ED25519.7ssl.gz target=EVP_PKEY-X25519.7ssl.gz type=relative
time=2025-11-13T18:35:52.196-03:00 level=INFO msg=security_symlink_validated symlink=usr/share/man/man7/EVP_PKEY-ED448.7ssl.gz target=EVP_PKEY-X25519.7ssl.gz type=relative
time=2025-11-13T18:35:52.196-03:00 level=INFO msg=security_symlink_validated symlink=usr/share/man/man7/EVP_PKEY-Poly1305.7ssl.gz target=EVP_PKEY-HMAC.7ssl.gz type=relative
time=2025-11-13T18:35:52.196-03:00 level=INFO msg=security_symlink_validated symlink=usr/share/man/man7/EVP_PKEY-Siphash.7ssl.gz target=EVP_PKEY-HMAC.7ssl.gz type=relative
time=2025-11-13T18:35:52.196-03:00 level=INFO msg=security_symlink_validated symlink=usr/share/man/man7/EVP_PKEY-X448.7ssl.gz target=EVP_PKEY-X25519.7ssl.gz type=relative
time=2025-11-13T18:35:52.196-03:00 level=INFO msg=security_symlink_validated symlink=usr/share/man/man7/EVP_SIGNATURE-CMAC.7ssl.gz target=EVP_SIGNATURE-HMAC.7ssl.gz type=relative
time=2025-11-13T18:35:52.196-03:00 level=INFO msg=security_symlink_validated symlink=usr/share/man/man7/EVP_SIGNATURE-ED448.7ssl.gz target=EVP_SIGNATURE-ED25519.7ssl.gz type=relative
time=2025-11-13T18:35:52.196-03:00 level=INFO msg=security_symlink_validated symlink=usr/share/man/man7/EVP_SIGNATURE-Poly1305.7ssl.gz target=EVP_SIGNATURE-HMAC.7ssl.gz type=relative
time=2025-11-13T18:35:52.197-03:00 level=INFO msg=security_symlink_validated symlink=usr/share/man/man7/EVP_SIGNATURE-Siphash.7ssl.gz target=EVP_SIGNATURE-HMAC.7ssl.gz type=relative
time=2025-11-13T18:35:52.197-03:00 level=INFO msg=security_symlink_validated symlink=usr/share/man/man7/Ed25519.7ssl.gz target=EVP_SIGNATURE-ED25519.7ssl.gz type=relative
time=2025-11-13T18:35:52.197-03:00 level=INFO msg=security_symlink_validated symlink=usr/share/man/man7/Ed448.7ssl.gz target=EVP_SIGNATURE-ED25519.7ssl.gz type=relative
time=2025-11-13T18:35:52.197-03:00 level=INFO msg=security_symlink_validated symlink=usr/share/man/man7/OPENSSL_API_COMPAT.7ssl.gz target=openssl_user_macros.7ssl.gz type=relative
time=2025-11-13T18:35:52.197-03:00 level=INFO msg=security_symlink_validated symlink=usr/share/man/man7/OPENSSL_NO_DEPRECATED.7ssl.gz target=openssl_user_macros.7ssl.gz type=relative
time=2025-11-13T18:35:52.197-03:00 level=INFO msg=security_symlink_validated symlink=usr/share/man/man7/RSA.7ssl.gz target=EVP_PKEY-RSA.7ssl.gz type=relative
time=2025-11-13T18:35:52.197-03:00 level=INFO msg=security_symlink_validated symlink=usr/share/man/man7/SM2.7ssl.gz target=EVP_PKEY-SM2.7ssl.gz type=relative
time=2025-11-13T18:35:52.197-03:00 level=INFO msg=security_symlink_validated symlink=usr/share/man/man7/X448.7ssl.gz target=X25519.7ssl.gz type=relative
time=2025-11-13T18:35:52.203-03:00 level=INFO msg=security_compression_validated ratio=0.9770435133024781 compressed_mb=47 uncompressed_mb=46
time=2025-11-13T18:35:52.203-03:00 level=INFO msg=extraction_complete s3_key=images/golang/2.tar extract_dir=/tmp/flyio-machine/extracted/2.tar
time="2025-11-13T18:35:52-03:00" level=info msg="transition completed successfully" run_alias=image_request run_id=images/golang/2.tar run_type=ImageRequest run_version=01K9ZJAQHA08GXJD0KD9XS5M2T sys=fsm transition=validate transition_version=01K9ZJAWTKB3VKQ122GTG0E5V2
time=2025-11-13T18:35:52.206-03:00 level=INFO msg=fsm_state_create_device s3_key=images/golang/2.tar
time=2025-11-13T18:35:52.206-03:00 level=INFO msg=device_creation_started s3_key=images/golang/2.tar device_id=1
time=2025-11-13T18:35:52.206-03:00 level=INFO msg=create_device_start device_id=1 pool=pool
time=2025-11-13T18:35:52.206-03:00 level=INFO msg=delete_existing_device device_id=1
time="2025-11-13T18:35:52-03:00" level=info msg="running transition" run_alias=image_request run_id=images/golang/2.tar run_type=ImageRequest run_version=01K9ZJAQHA08GXJD0KD9XS5M2T sys=fsm transition=create_device transition_version=01K9ZJAWWET12CFA0C2GMFSD9K
time=2025-11-13T18:35:52.207-03:00 level=INFO msg=create_thin_metadata device_id=1
time=2025-11-13T18:35:52.209-03:00 level=INFO msg=activate_device device_name=flyio-1 sectors=2097152
time=2025-11-13T18:35:52.231-03:00 level=INFO msg=format_device device_path=/dev/mapper/flyio-1 filesystem=ext4
time=2025-11-13T18:35:52.272-03:00 level=INFO msg=create_device_complete device_id=1 device_path=/dev/mapper/flyio-1 size_mb=1024
time=2025-11-13T18:35:52.272-03:00 level=INFO msg=device_created s3_key=images/golang/2.tar device_id=1 device_path=/dev/mapper/flyio-1
time=2025-11-13T18:35:52.272-03:00 level=INFO msg=mounting_device device_path=/dev/mapper/flyio-1 mount_path=/tmp/flyio-machine/mounts/1
time=2025-11-13T18:35:52.272-03:00 level=INFO msg=mount_device device_path=/dev/mapper/flyio-1 mount_path=/tmp/flyio-machine/mounts/1
time=2025-11-13T18:35:52.276-03:00 level=INFO msg=mount_complete mount_path=/tmp/flyio-machine/mounts/1
time=2025-11-13T18:35:52.276-03:00 level=INFO msg=copying_files_to_device source=/tmp/flyio-machine/extracted/2.tar dest=/tmp/flyio-machine/mounts/1
time=2025-11-13T18:35:52.328-03:00 level=INFO msg=files_copied_to_device mount_path=/tmp/flyio-machine/mounts/1
time=2025-11-13T18:35:52.328-03:00 level=INFO msg=unmount_device mount_path=/tmp/flyio-machine/mounts/1
time=2025-11-13T18:35:52.407-03:00 level=INFO msg=unmount_complete mount_path=/tmp/flyio-machine/mounts/1
time=2025-11-13T18:35:52.407-03:00 level=INFO msg=device_unmounted mount_path=/tmp/flyio-machine/mounts/1
time=2025-11-13T18:35:52.407-03:00 level=INFO msg=database_query_image s3_key=images/golang/2.tar
time=2025-11-13T18:35:52.407-03:00 level=INFO msg=database_image_found s3_key=images/golang/2.tar image_id=1 status=downloading
time=2025-11-13T18:35:52.407-03:00 level=INFO msg=database_update_image image_id=1 s3_key=images/golang/2.tar status=downloading
time=2025-11-13T18:35:52.410-03:00 level=INFO msg=database_image_updated image_id=1 s3_key=images/golang/2.tar status=downloading
time="2025-11-13T18:35:52-03:00" level=info msg="transition completed successfully" run_alias=image_request run_id=images/golang/2.tar run_type=ImageRequest run_version=01K9ZJAQHA08GXJD0KD9XS5M2T sys=fsm transition=create_device transition_version=01K9ZJAWWET12CFA0C2GMFSD9K
time="2025-11-13T18:35:52-03:00" level=info msg="running transition" run_alias=image_request run_id=images/golang/2.tar run_type=ImageRequest run_version=01K9ZJAQHA08GXJD0KD9XS5M2T sys=fsm transition=complete transition_version=01K9ZJAX2V6Y5B71J56PHCX93V
time=2025-11-13T18:35:52.411-03:00 level=INFO msg=fsm_state_complete s3_key=images/golang/2.tar
time=2025-11-13T18:35:52.411-03:00 level=INFO msg=database_query_image s3_key=images/golang/2.tar
time=2025-11-13T18:35:52.411-03:00 level=INFO msg=database_image_found s3_key=images/golang/2.tar image_id=1 status=downloading
time=2025-11-13T18:35:52.411-03:00 level=INFO msg=allocated_snapshot_id snapshot_id=1000 previous_max=0
time=2025-11-13T18:35:52.411-03:00 level=INFO msg=allocated_new_snapshot_id s3_key=images/golang/2.tar snapshot_id=1000
time=2025-11-13T18:35:52.411-03:00 level=INFO msg=snapshot_creation_started s3_key=images/golang/2.tar base_device_id=1 snapshot_id=1000
time=2025-11-13T18:35:52.411-03:00 level=INFO msg=create_snapshot_start base_device_id=1 snapshot_id=1000
time=2025-11-13T18:35:52.411-03:00 level=INFO msg=delete_existing_snapshot snapshot_id=1000
time=2025-11-13T18:35:52.412-03:00 level=INFO msg=create_snapshot_metadata snapshot_id=1000 base_device_id=1
time=2025-11-13T18:35:52.415-03:00 level=INFO msg=activate_snapshot snapshot_name=flyio-snapshot-1000 sectors=2097152
time=2025-11-13T18:35:52.428-03:00 level=INFO msg=create_snapshot_complete snapshot_id=1000 snapshot_path=/dev/mapper/flyio-snapshot-1000 size_mb=1024
time=2025-11-13T18:35:52.428-03:00 level=INFO msg=snapshot_created s3_key=images/golang/2.tar snapshot_id=1000
time=2025-11-13T18:35:52.428-03:00 level=INFO msg=database_update_image image_id=1 s3_key=images/golang/2.tar status=downloading
time=2025-11-13T18:35:52.431-03:00 level=INFO msg=database_image_updated image_id=1 s3_key=images/golang/2.tar status=downloading
time=2025-11-13T18:35:52.431-03:00 level=INFO msg=database_update_status image_id=1 status=ready
time=2025-11-13T18:35:52.432-03:00 level=INFO msg=database_status_updated image_id=1 status=ready
time=2025-11-13T18:35:52.432-03:00 level=INFO msg=fsm_complete s3_key=images/golang/2.tar status=ready
time="2025-11-13T18:35:52-03:00" level=info msg="transition completed successfully" run_alias=image_request run_id=images/golang/2.tar run_type=ImageRequest run_version=01K9ZJAQHA08GXJD0KD9XS5M2T sys=fsm transition=complete transition_version=01K9ZJAX2V6Y5B71J56PHCX93V
time="2025-11-13T18:35:52-03:00" level=info msg="running transition" run_alias=image_request run_id=images/golang/2.tar run_type=ImageRequest run_version=01K9ZJAQHA08GXJD0KD9XS5M2T sys=fsm transition=failed transition_version=01K9ZJAX3HBEAB4TNSZJGXVSK0
Status: ready
Device: /dev/mapper/flyio-1
Snapshot: %!s(int=1000)
time="2025-11-13T18:35:52-03:00" level=info msg="done waiting for FSM to finish" start_version=01K9ZJAQHA08GXJD0KD9XS5M2T sys=fsm
time="2025-11-13T18:35:52-03:00" level=info msg="shutting down" shutdown_timeout=10s sys=fsm
time="2025-11-13T18:35:52-03:00" level=info msg="all FSMs have shutdown" sys=fsm
time="2025-11-13T18:35:52-03:00" level=info msg="shutting down store" sys=fsm-store
time="2025-11-13T18:35:52-03:00" level=info msg="waiting for archive loop to finish" sys=fsm-store
time="2025-11-13T18:35:52-03:00" level=info msg="context canceled, exiting archive loop" sys=fsm-store
time="2025-11-13T18:35:52-03:00" level=info msg="archive loop finished" sys=fsm-store
time="2025-11-13T18:35:52-03:00" level=info msg="shutdown complete" sys=fsm

Database verification:
images/golang/2.tar|ready|/dev/mapper/flyio-1|1000

DeviceMapper snapshot verification:
PASS: snapshot_id populated: 1000

DeviceMapper devices:
flyio-1	(252:1)
flyio-snapshot-1000	(252:2)

Test 1 completed!

================================================
Test 2: Idempotency Check
================================================
Running fetch-and-create again (should skip download)...
time=2025-11-13T18:35:52.457-03:00 level=INFO msg=database_init db_path=/home/leonardomeireles.linux/flyio-test.db
time=2025-11-13T18:35:52.457-03:00 level=INFO msg=database_create_schema db_path=/home/leonardomeireles.linux/flyio-test.db
time=2025-11-13T18:35:52.458-03:00 level=INFO msg=database_ready db_path=/home/leonardomeireles.linux/flyio-test.db
time=2025-11-13T18:35:52.458-03:00 level=INFO msg=s3_client_init bucket=flyio-platform-hiring-challenge region=us-east-1
time=2025-11-13T18:35:52.458-03:00 level=INFO msg=s3_client_created bucket=flyio-platform-hiring-challenge
time=2025-11-13T18:35:52.458-03:00 level=INFO msg=security_validator_init max_file_size_mb=2048 max_total_size_mb=20480 max_compression_ratio=100
time=2025-11-13T18:35:52.458-03:00 level=INFO msg=devicemapper_init pool=pool platform=linux
time=2025-11-13T18:35:52.458-03:00 level=INFO msg=checking_thinpool pool=pool
time=2025-11-13T18:35:52.459-03:00 level=INFO msg=thinpool_exists pool=pool
time=2025-11-13T18:35:52.459-03:00 level=INFO msg=devicemapper_ready pool=pool
time="2025-11-13T18:35:52-03:00" level=info msg="using json codec" sys=fsm
time="2025-11-13T18:35:52-03:00" level=info msg="using json codec" sys=fsm
Started FSM: 01K9ZJAX4CEZ8EFDF2V7DS7JSN
time=2025-11-13T18:35:52.461-03:00 level=INFO msg=fsm_state_check_db s3_key=images/python/4.tar
time=2025-11-13T18:35:52.461-03:00 level=INFO msg=database_query_image s3_key=images/python/4.tar
time="2025-11-13T18:35:52-03:00" level=info msg="starting fsm" run_alias=image_request run_id=images/python/4.tar run_type=ImageRequest run_version=01K9ZJAX4CEZ8EFDF2V7DS7JSN sys=fsm
time="2025-11-13T18:35:52-03:00" level=info msg="running transition" run_alias=image_request run_id=images/python/4.tar run_type=ImageRequest run_version=01K9ZJAX4CEZ8EFDF2V7DS7JSN sys=fsm transition=check_db transition_version=01K9ZJAX4DAYFT6DXW2KH9C5DY
time="2025-11-13T18:35:52-03:00" level=info msg="waiting for FSM to finish" start_version=01K9ZJAX4CEZ8EFDF2V7DS7JSN sys=fsm
time=2025-11-13T18:35:52.461-03:00 level=INFO msg=database_image_not_found s3_key=images/python/4.tar
time=2025-11-13T18:35:52.461-03:00 level=INFO msg=database_create_image s3_key=images/python/4.tar status=pending
time=2025-11-13T18:35:52.463-03:00 level=INFO msg=database_image_created s3_key=images/python/4.tar image_id=2 status=pending
time=2025-11-13T18:35:52.463-03:00 level=INFO msg=image_created s3_key=images/python/4.tar image_id=2
time="2025-11-13T18:35:52-03:00" level=info msg="transition completed successfully" run_alias=image_request run_id=images/python/4.tar run_type=ImageRequest run_version=01K9ZJAX4CEZ8EFDF2V7DS7JSN sys=fsm transition=check_db transition_version=01K9ZJAX4DAYFT6DXW2KH9C5DY
time=2025-11-13T18:35:52.463-03:00 level=INFO msg=fsm_state_download s3_key=images/python/4.tar
time=2025-11-13T18:35:52.463-03:00 level=INFO msg=database_update_status image_id=2 status=downloading
time="2025-11-13T18:35:52-03:00" level=info msg="running transition" run_alias=image_request run_id=images/python/4.tar run_type=ImageRequest run_version=01K9ZJAX4CEZ8EFDF2V7DS7JSN sys=fsm transition=download transition_version=01K9ZJAX4F83M26NJMQZ4EVXJG
time=2025-11-13T18:35:52.464-03:00 level=INFO msg=database_status_updated image_id=2 status=downloading
time=2025-11-13T18:35:52.464-03:00 level=INFO msg=download_started s3_key=images/python/4.tar local_path=/tmp/flyio-machine/downloads/4.tar
time=2025-11-13T18:35:52.464-03:00 level=INFO msg=s3_download_start bucket=flyio-platform-hiring-challenge s3_key=images/python/4.tar
time=2025-11-13T18:36:36.092-03:00 level=INFO msg=s3_download_complete s3_key=images/python/4.tar size_mb=543 local_path=/tmp/flyio-machine/downloads/4.tar sha256=ee7e35e93c66832e...
time=2025-11-13T18:36:36.092-03:00 level=INFO msg=download_complete s3_key=images/python/4.tar size_mb=543 sha256=ee7e35e93c66832e...
time=2025-11-13T18:36:36.092-03:00 level=INFO msg=database_query_image s3_key=images/python/4.tar
time=2025-11-13T18:36:36.092-03:00 level=INFO msg=database_image_found s3_key=images/python/4.tar image_id=2 status=downloading
time=2025-11-13T18:36:36.092-03:00 level=INFO msg=database_update_image image_id=2 s3_key=images/python/4.tar status=downloading
time=2025-11-13T18:36:36.096-03:00 level=INFO msg=database_image_updated image_id=2 s3_key=images/python/4.tar status=downloading
time="2025-11-13T18:36:36-03:00" level=info msg="transition completed successfully" run_alias=image_request run_id=images/python/4.tar run_type=ImageRequest run_version=01K9ZJAX4CEZ8EFDF2V7DS7JSN sys=fsm transition=download transition_version=01K9ZJAX4F83M26NJMQZ4EVXJG
time=2025-11-13T18:36:36.097-03:00 level=INFO msg=fsm_state_validate s3_key=images/python/4.tar
time="2025-11-13T18:36:36-03:00" level=info msg="running transition" run_alias=image_request run_id=images/python/4.tar run_type=ImageRequest run_version=01K9ZJAX4CEZ8EFDF2V7DS7JSN sys=fsm transition=validate transition_version=01K9ZJC7R1JQAKWB8G45W47NSD
time=2025-11-13T18:36:36.097-03:00 level=INFO msg=extraction_started s3_key=images/python/4.tar extract_dir=/tmp/flyio-machine/extracted/4.tar
time=2025-11-13T18:36:36.099-03:00 level=INFO msg=security_symlink_validated symlink=etc/alternatives/aclocal target=/usr/bin/aclocal-1.16 type=absolute
time=2025-11-13T18:36:36.099-03:00 level=INFO msg=security_symlink_validated symlink=etc/alternatives/aclocal.1.gz target=/usr/share/man/man1/aclocal-1.16.1.gz type=absolute
time=2025-11-13T18:36:36.099-03:00 level=INFO msg=security_symlink_validated symlink=etc/alternatives/animate target=/usr/bin/animate-im6.q16 type=absolute
time=2025-11-13T18:36:36.099-03:00 level=INFO msg=security_symlink_validated symlink=etc/alternatives/animate-im6 target=/usr/bin/animate-im6.q16 type=absolute
time=2025-11-13T18:36:36.099-03:00 level=INFO msg=security_symlink_validated symlink=etc/alternatives/animate-im6.1.gz target=/usr/share/man/man1/animate-im6.q16.1.gz type=absolute
time=2025-11-13T18:36:36.099-03:00 level=INFO msg=security_symlink_validated symlink=etc/alternatives/animate.1.gz target=/usr/share/man/man1/animate-im6.q16.1.gz type=absolute
time=2025-11-13T18:36:36.099-03:00 level=INFO msg=security_symlink_validated symlink=etc/alternatives/automake target=/usr/bin/automake-1.16 type=absolute
time=2025-11-13T18:36:36.099-03:00 level=INFO msg=security_symlink_validated symlink=etc/alternatives/automake.1.gz target=/usr/share/man/man1/automake-1.16.1.gz type=absolute
time=2025-11-13T18:36:36.099-03:00 level=INFO msg=security_symlink_validated symlink=etc/alternatives/c++ target=/usr/bin/g++ type=absolute
time=2025-11-13T18:36:36.099-03:00 level=INFO msg=security_symlink_validated symlink=etc/alternatives/c89 target=/usr/bin/c89-gcc type=absolute
time=2025-11-13T18:36:36.099-03:00 level=INFO msg=security_symlink_validated symlink=etc/alternatives/c89.1.gz target=/usr/share/man/man1/c89-gcc.1.gz type=absolute
time=2025-11-13T18:36:36.099-03:00 level=INFO msg=security_symlink_validated symlink=etc/alternatives/c99 target=/usr/bin/c99-gcc type=absolute
time=2025-11-13T18:36:36.099-03:00 level=INFO msg=security_symlink_validated symlink=etc/alternatives/c99.1.gz target=/usr/share/man/man1/c99-gcc.1.gz type=absolute
time=2025-11-13T18:36:36.099-03:00 level=INFO msg=security_symlink_validated symlink=etc/alternatives/cc target=/usr/bin/gcc type=absolute
time=2025-11-13T18:36:36.099-03:00 level=INFO msg=security_symlink_validated symlink=etc/alternatives/compare target=/usr/bin/compare-im6.q16 type=absolute
time=2025-11-13T18:36:36.099-03:00 level=INFO msg=security_symlink_validated symlink=etc/alternatives/compare-im6 target=/usr/bin/compare-im6.q16 type=absolute
time=2025-11-13T18:36:36.099-03:00 level=INFO msg=security_symlink_validated symlink=etc/alternatives/compare-im6.1.gz target=/usr/share/man/man1/compare-im6.q16.1.gz type=absolute
time=2025-11-13T18:36:36.099-03:00 level=INFO msg=security_symlink_validated symlink=etc/alternatives/compare.1.gz target=/usr/share/man/man1/compare-im6.q16.1.gz type=absolute
time=2025-11-13T18:36:36.099-03:00 level=INFO msg=security_symlink_validated symlink=etc/alternatives/composite target=/usr/bin/composite-im6.q16 type=absolute
time=2025-11-13T18:36:36.099-03:00 level=INFO msg=security_symlink_validated symlink=etc/alternatives/composite-im6 target=/usr/bin/composite-im6.q16 type=absolute
time=2025-11-13T18:36:36.099-03:00 level=INFO msg=security_symlink_validated symlink=etc/alternatives/composite-im6.1.gz target=/usr/share/man/man1/composite-im6.q16.1.gz type=absolute
time=2025-11-13T18:36:36.099-03:00 level=INFO msg=security_symlink_validated symlink=etc/alternatives/composite.1.gz target=/usr/share/man/man1/composite-im6.q16.1.gz type=absolute
time=2025-11-13T18:36:36.099-03:00 level=INFO msg=security_symlink_validated symlink=etc/alternatives/conjure target=/usr/bin/conjure-im6.q16 type=absolute
time=2025-11-13T18:36:36.099-03:00 level=INFO msg=security_symlink_validated symlink=etc/alternatives/conjure-im6 target=/usr/bin/conjure-im6.q16 type=absolute
time=2025-11-13T18:36:36.099-03:00 level=INFO msg=security_symlink_validated symlink=etc/alternatives/conjure-im6.1.gz target=/usr/share/man/man1/conjure-im6.q16.1.gz type=absolute
time=2025-11-13T18:36:36.099-03:00 level=INFO msg=security_symlink_validated symlink=etc/alternatives/conjure.1.gz target=/usr/share/man/man1/conjure-im6.q16.1.gz type=absolute
time=2025-11-13T18:36:36.099-03:00 level=INFO msg=security_symlink_validated symlink=etc/alternatives/convert target=/usr/bin/convert-im6.q16 type=absolute
time=2025-11-13T18:36:36.099-03:00 level=INFO msg=security_symlink_validated symlink=etc/alternatives/convert-im6 target=/usr/bin/convert-im6.q16 type=absolute
time=2025-11-13T18:36:36.099-03:00 level=INFO msg=security_symlink_validated symlink=etc/alternatives/convert-im6.1.gz target=/usr/share/man/man1/convert-im6.q16.1.gz type=absolute
time=2025-11-13T18:36:36.099-03:00 level=INFO msg=security_symlink_validated symlink=etc/alternatives/convert.1.gz target=/usr/share/man/man1/convert-im6.q16.1.gz type=absolute
time=2025-11-13T18:36:36.099-03:00 level=INFO msg=security_symlink_validated symlink=etc/alternatives/cpp target=/usr/bin/cpp type=absolute
time=2025-11-13T18:36:36.100-03:00 level=INFO msg=security_symlink_validated symlink=etc/alternatives/display target=/usr/bin/display-im6.q16 type=absolute
time=2025-11-13T18:36:36.100-03:00 level=INFO msg=security_symlink_validated symlink=etc/alternatives/display-im6 target=/usr/bin/display-im6.q16 type=absolute
time=2025-11-13T18:36:36.100-03:00 level=INFO msg=security_symlink_validated symlink=etc/alternatives/display-im6.1.gz target=/usr/share/man/man1/display-im6.q16.1.gz type=absolute
time=2025-11-13T18:36:36.100-03:00 level=INFO msg=security_symlink_validated symlink=etc/alternatives/display.1.gz target=/usr/share/man/man1/display-im6.q16.1.gz type=absolute
time=2025-11-13T18:36:36.100-03:00 level=INFO msg=security_symlink_validated symlink=etc/alternatives/identify target=/usr/bin/identify-im6.q16 type=absolute
time=2025-11-13T18:36:36.100-03:00 level=INFO msg=security_symlink_validated symlink=etc/alternatives/identify-im6 target=/usr/bin/identify-im6.q16 type=absolute
time=2025-11-13T18:36:36.100-03:00 level=INFO msg=security_symlink_validated symlink=etc/alternatives/identify-im6.1.gz target=/usr/share/man/man1/identify-im6.q16.1.gz type=absolute
time=2025-11-13T18:36:36.100-03:00 level=INFO msg=security_symlink_validated symlink=etc/alternatives/identify.1.gz target=/usr/share/man/man1/identify-im6.q16.1.gz type=absolute
time=2025-11-13T18:36:36.100-03:00 level=INFO msg=security_symlink_validated symlink=etc/alternatives/import target=/usr/bin/import-im6.q16 type=absolute
time=2025-11-13T18:36:36.100-03:00 level=INFO msg=security_symlink_validated symlink=etc/alternatives/import-im6 target=/usr/bin/import-im6.q16 type=absolute
time=2025-11-13T18:36:36.100-03:00 level=INFO msg=security_symlink_validated symlink=etc/alternatives/import-im6.1.gz target=/usr/share/man/man1/import-im6.q16.1.gz type=absolute
time=2025-11-13T18:36:36.100-03:00 level=INFO msg=security_symlink_validated symlink=etc/alternatives/import.1.gz target=/usr/share/man/man1/import-im6.q16.1.gz type=absolute
time=2025-11-13T18:36:36.100-03:00 level=INFO msg=security_symlink_validated symlink=etc/alternatives/lzcat target=/usr/bin/xzcat type=absolute
time=2025-11-13T18:36:36.100-03:00 level=INFO msg=security_symlink_validated symlink=etc/alternatives/lzcat.1.gz target=/usr/share/man/man1/xzcat.1.gz type=absolute
time=2025-11-13T18:36:36.100-03:00 level=INFO msg=security_symlink_validated symlink=etc/alternatives/lzcmp target=/usr/bin/xzcmp type=absolute
time=2025-11-13T18:36:36.100-03:00 level=INFO msg=security_symlink_validated symlink=etc/alternatives/lzcmp.1.gz target=/usr/share/man/man1/xzcmp.1.gz type=absolute
time=2025-11-13T18:36:36.100-03:00 level=INFO msg=security_symlink_validated symlink=etc/alternatives/lzdiff target=/usr/bin/xzdiff type=absolute
time=2025-11-13T18:36:36.100-03:00 level=INFO msg=security_symlink_validated symlink=etc/alternatives/lzdiff.1.gz target=/usr/share/man/man1/xzdiff.1.gz type=absolute
time=2025-11-13T18:36:36.100-03:00 level=INFO msg=security_symlink_validated symlink=etc/alternatives/lzegrep target=/usr/bin/xzegrep type=absolute
time=2025-11-13T18:36:36.100-03:00 level=INFO msg=security_symlink_validated symlink=etc/alternatives/lzegrep.1.gz target=/usr/share/man/man1/xzegrep.1.gz type=absolute
time=2025-11-13T18:36:36.100-03:00 level=INFO msg=security_symlink_validated symlink=etc/alternatives/lzfgrep target=/usr/bin/xzfgrep type=absolute
time=2025-11-13T18:36:36.100-03:00 level=INFO msg=security_symlink_validated symlink=etc/alternatives/lzfgrep.1.gz target=/usr/share/man/man1/xzfgrep.1.gz type=absolute
time=2025-11-13T18:36:36.100-03:00 level=INFO msg=security_symlink_validated symlink=etc/alternatives/lzgrep target=/usr/bin/xzgrep type=absolute
time=2025-11-13T18:36:36.100-03:00 level=INFO msg=security_symlink_validated symlink=etc/alternatives/lzgrep.1.gz target=/usr/share/man/man1/xzgrep.1.gz type=absolute
time=2025-11-13T18:36:36.100-03:00 level=INFO msg=security_symlink_validated symlink=etc/alternatives/lzless target=/usr/bin/xzless type=absolute
time=2025-11-13T18:36:36.100-03:00 level=INFO msg=security_symlink_validated symlink=etc/alternatives/lzless.1.gz target=/usr/share/man/man1/xzless.1.gz type=absolute
time=2025-11-13T18:36:36.100-03:00 level=INFO msg=security_symlink_validated symlink=etc/alternatives/lzma target=/usr/bin/xz type=absolute
time=2025-11-13T18:36:36.100-03:00 level=INFO msg=security_symlink_validated symlink=etc/alternatives/lzma.1.gz target=/usr/share/man/man1/xz.1.gz type=absolute
time=2025-11-13T18:36:36.100-03:00 level=INFO msg=security_symlink_validated symlink=etc/alternatives/lzmore target=/usr/bin/xzmore type=absolute
time=2025-11-13T18:36:36.100-03:00 level=INFO msg=security_symlink_validated symlink=etc/alternatives/lzmore.1.gz target=/usr/share/man/man1/xzmore.1.gz type=absolute
time=2025-11-13T18:36:36.100-03:00 level=INFO msg=security_symlink_validated symlink=etc/alternatives/mogrify target=/usr/bin/mogrify-im6.q16 type=absolute
time=2025-11-13T18:36:36.100-03:00 level=INFO msg=security_symlink_validated symlink=etc/alternatives/mogrify-im6 target=/usr/bin/mogrify-im6.q16 type=absolute
time=2025-11-13T18:36:36.100-03:00 level=INFO msg=security_symlink_validated symlink=etc/alternatives/mogrify-im6.1.gz target=/usr/share/man/man1/mogrify-im6.q16.1.gz type=absolute
time=2025-11-13T18:36:36.100-03:00 level=INFO msg=security_symlink_validated symlink=etc/alternatives/mogrify.1.gz target=/usr/share/man/man1/mogrify-im6.q16.1.gz type=absolute
time=2025-11-13T18:36:36.100-03:00 level=INFO msg=security_symlink_validated symlink=etc/alternatives/montage target=/usr/bin/montage-im6.q16 type=absolute
time=2025-11-13T18:36:36.100-03:00 level=INFO msg=security_symlink_validated symlink=etc/alternatives/montage-im6 target=/usr/bin/montage-im6.q16 type=absolute
time=2025-11-13T18:36:36.100-03:00 level=INFO msg=security_symlink_validated symlink=etc/alternatives/montage-im6.1.gz target=/usr/share/man/man1/montage-im6.q16.1.gz type=absolute
time=2025-11-13T18:36:36.100-03:00 level=INFO msg=security_symlink_validated symlink=etc/alternatives/montage.1.gz target=/usr/share/man/man1/montage-im6.q16.1.gz type=absolute
time=2025-11-13T18:36:36.100-03:00 level=INFO msg=security_symlink_validated symlink=etc/alternatives/my.cnf target=/etc/mysql/mariadb.cnf type=absolute
time=2025-11-13T18:36:36.100-03:00 level=INFO msg=security_symlink_validated symlink=etc/alternatives/stream target=/usr/bin/stream-im6.q16 type=absolute
time=2025-11-13T18:36:36.100-03:00 level=INFO msg=security_symlink_validated symlink=etc/alternatives/stream-im6 target=/usr/bin/stream-im6.q16 type=absolute
time=2025-11-13T18:36:36.100-03:00 level=INFO msg=security_symlink_validated symlink=etc/alternatives/stream-im6.1.gz target=/usr/share/man/man1/stream-im6.q16.1.gz type=absolute
time=2025-11-13T18:36:36.100-03:00 level=INFO msg=security_symlink_validated symlink=etc/alternatives/stream.1.gz target=/usr/share/man/man1/stream-im6.q16.1.gz type=absolute
time=2025-11-13T18:36:36.100-03:00 level=INFO msg=security_symlink_validated symlink=etc/alternatives/unlzma target=/usr/bin/unxz type=absolute
time=2025-11-13T18:36:36.100-03:00 level=INFO msg=security_symlink_validated symlink=etc/alternatives/unlzma.1.gz target=/usr/share/man/man1/unxz.1.gz type=absolute
time=2025-11-13T18:36:36.100-03:00 level=INFO msg=security_symlink_validated symlink=etc/fonts/conf.d/10-hinting-slight.conf target=/usr/share/fontconfig/conf.avail/10-hinting-slight.conf type=absolute
time=2025-11-13T18:36:36.101-03:00 level=INFO msg=security_symlink_validated symlink=etc/fonts/conf.d/10-scale-bitmap-fonts.conf target=/usr/share/fontconfig/conf.avail/10-scale-bitmap-fonts.conf type=absolute
time=2025-11-13T18:36:36.101-03:00 level=INFO msg=security_symlink_validated symlink=etc/fonts/conf.d/10-yes-antialias.conf target=/usr/share/fontconfig/conf.avail/10-yes-antialias.conf type=absolute
time=2025-11-13T18:36:36.101-03:00 level=INFO msg=security_symlink_validated symlink=etc/fonts/conf.d/11-lcdfilter-default.conf target=/usr/share/fontconfig/conf.avail/11-lcdfilter-default.conf type=absolute
time=2025-11-13T18:36:36.101-03:00 level=INFO msg=security_symlink_validated symlink=etc/fonts/conf.d/20-unhint-small-dejavu-lgc-sans-mono.conf target=../conf.avail/20-unhint-small-dejavu-lgc-sans-mono.conf type=relative
time=2025-11-13T18:36:36.101-03:00 level=INFO msg=security_symlink_validated symlink=etc/fonts/conf.d/20-unhint-small-dejavu-lgc-sans.conf target=../conf.avail/20-unhint-small-dejavu-lgc-sans.conf type=relative
time=2025-11-13T18:36:36.101-03:00 level=INFO msg=security_symlink_validated symlink=etc/fonts/conf.d/20-unhint-small-dejavu-lgc-serif.conf target=../conf.avail/20-unhint-small-dejavu-lgc-serif.conf type=relative
time=2025-11-13T18:36:36.101-03:00 level=INFO msg=security_symlink_validated symlink=etc/fonts/conf.d/20-unhint-small-dejavu-sans-mono.conf target=../conf.avail/20-unhint-small-dejavu-sans-mono.conf type=relative
time=2025-11-13T18:36:36.101-03:00 level=INFO msg=security_symlink_validated symlink=etc/fonts/conf.d/20-unhint-small-dejavu-sans.conf target=../conf.avail/20-unhint-small-dejavu-sans.conf type=relative
time=2025-11-13T18:36:36.101-03:00 level=INFO msg=security_symlink_validated symlink=etc/fonts/conf.d/20-unhint-small-dejavu-serif.conf target=../conf.avail/20-unhint-small-dejavu-serif.conf type=relative
time=2025-11-13T18:36:36.101-03:00 level=INFO msg=security_symlink_validated symlink=etc/fonts/conf.d/20-unhint-small-vera.conf target=/usr/share/fontconfig/conf.avail/20-unhint-small-vera.conf type=absolute
time=2025-11-13T18:36:36.101-03:00 level=INFO msg=security_symlink_validated symlink=etc/fonts/conf.d/30-metric-aliases.conf target=/usr/share/fontconfig/conf.avail/30-metric-aliases.conf type=absolute
time=2025-11-13T18:36:36.101-03:00 level=INFO msg=security_symlink_validated symlink=etc/fonts/conf.d/40-nonlatin.conf target=/usr/share/fontconfig/conf.avail/40-nonlatin.conf type=absolute
time=2025-11-13T18:36:36.101-03:00 level=INFO msg=security_symlink_validated symlink=etc/fonts/conf.d/45-generic.conf target=/usr/share/fontconfig/conf.avail/45-generic.conf type=absolute
time=2025-11-13T18:36:36.101-03:00 level=INFO msg=security_symlink_validated symlink=etc/fonts/conf.d/45-latin.conf target=/usr/share/fontconfig/conf.avail/45-latin.conf type=absolute
time=2025-11-13T18:36:36.101-03:00 level=INFO msg=security_symlink_validated symlink=etc/fonts/conf.d/48-spacing.conf target=/usr/share/fontconfig/conf.avail/48-spacing.conf type=absolute
time=2025-11-13T18:36:36.101-03:00 level=INFO msg=security_symlink_validated symlink=etc/fonts/conf.d/49-sansserif.conf target=/usr/share/fontconfig/conf.avail/49-sansserif.conf type=absolute
time=2025-11-13T18:36:36.101-03:00 level=INFO msg=security_symlink_validated symlink=etc/fonts/conf.d/50-user.conf target=/usr/share/fontconfig/conf.avail/50-user.conf type=absolute
time=2025-11-13T18:36:36.101-03:00 level=INFO msg=security_symlink_validated symlink=etc/fonts/conf.d/51-local.conf target=/usr/share/fontconfig/conf.avail/51-local.conf type=absolute
time=2025-11-13T18:36:36.101-03:00 level=INFO msg=security_symlink_validated symlink=etc/fonts/conf.d/57-dejavu-sans-mono.conf target=../conf.avail/57-dejavu-sans-mono.conf type=relative
time=2025-11-13T18:36:36.101-03:00 level=INFO msg=security_symlink_validated symlink=etc/fonts/conf.d/57-dejavu-sans.conf target=../conf.avail/57-dejavu-sans.conf type=relative
time=2025-11-13T18:36:36.101-03:00 level=INFO msg=security_symlink_validated symlink=etc/fonts/conf.d/57-dejavu-serif.conf target=../conf.avail/57-dejavu-serif.conf type=relative
time=2025-11-13T18:36:36.101-03:00 level=INFO msg=security_symlink_validated symlink=etc/fonts/conf.d/58-dejavu-lgc-sans-mono.conf target=../conf.avail/58-dejavu-lgc-sans-mono.conf type=relative
time=2025-11-13T18:36:36.101-03:00 level=INFO msg=security_symlink_validated symlink=etc/fonts/conf.d/58-dejavu-lgc-sans.conf target=../conf.avail/58-dejavu-lgc-sans.conf type=relative
time=2025-11-13T18:36:36.101-03:00 level=INFO msg=security_symlink_validated symlink=etc/fonts/conf.d/58-dejavu-lgc-serif.conf target=../conf.avail/58-dejavu-lgc-serif.conf type=relative
time=2025-11-13T18:36:36.101-03:00 level=INFO msg=security_symlink_validated symlink=etc/fonts/conf.d/60-generic.conf target=/usr/share/fontconfig/conf.avail/60-generic.conf type=absolute
time=2025-11-13T18:36:36.101-03:00 level=INFO msg=security_symlink_validated symlink=etc/fonts/conf.d/60-latin.conf target=/usr/share/fontconfig/conf.avail/60-latin.conf type=absolute
time=2025-11-13T18:36:36.101-03:00 level=INFO msg=security_symlink_validated symlink=etc/fonts/conf.d/65-fonts-persian.conf target=/usr/share/fontconfig/conf.avail/65-fonts-persian.conf type=absolute
time=2025-11-13T18:36:36.101-03:00 level=INFO msg=security_symlink_validated symlink=etc/fonts/conf.d/65-nonlatin.conf target=/usr/share/fontconfig/conf.avail/65-nonlatin.conf type=absolute
time=2025-11-13T18:36:36.101-03:00 level=INFO msg=security_symlink_validated symlink=etc/fonts/conf.d/69-unifont.conf target=/usr/share/fontconfig/conf.avail/69-unifont.conf type=absolute
time=2025-11-13T18:36:36.101-03:00 level=INFO msg=security_symlink_validated symlink=etc/fonts/conf.d/70-no-bitmaps.conf target=/usr/share/fontconfig/conf.avail/70-no-bitmaps.conf type=absolute
time=2025-11-13T18:36:36.101-03:00 level=INFO msg=security_symlink_validated symlink=etc/fonts/conf.d/80-delicious.conf target=/usr/share/fontconfig/conf.avail/80-delicious.conf type=absolute
time=2025-11-13T18:36:36.101-03:00 level=INFO msg=security_symlink_validated symlink=etc/fonts/conf.d/90-synthetic.conf target=/usr/share/fontconfig/conf.avail/90-synthetic.conf type=absolute
time=2025-11-13T18:36:36.101-03:00 level=INFO msg=security_symlink_validated symlink=etc/mysql/my.cnf target=/etc/alternatives/my.cnf type=absolute
time=2025-11-13T18:36:36.101-03:00 level=INFO msg=security_symlink_validated symlink=etc/rcS.d/S01x11-common target=../init.d/x11-common type=relative
time=2025-11-13T18:36:36.101-03:00 level=INFO msg=security_symlink_validated symlink=usr/bin/X11 target=. type=relative
time=2025-11-13T18:36:36.102-03:00 level=INFO msg=security_symlink_validated symlink=usr/bin/aarch64-linux-gnu-cpp target=cpp-12 type=relative
time=2025-11-13T18:36:36.104-03:00 level=INFO msg=security_symlink_validated symlink=usr/bin/aarch64-linux-gnu-g++ target=g++-12 type=relative
time=2025-11-13T18:36:36.105-03:00 level=INFO msg=security_symlink_validated symlink=usr/bin/aarch64-linux-gnu-gcc target=gcc-12 type=relative
time=2025-11-13T18:36:36.106-03:00 level=INFO msg=security_symlink_validated symlink=usr/bin/aarch64-linux-gnu-gcc-ar target=gcc-ar-12 type=relative
time=2025-11-13T18:36:36.106-03:00 level=INFO msg=security_symlink_validated symlink=usr/bin/aarch64-linux-gnu-gcc-nm target=gcc-nm-12 type=relative
time=2025-11-13T18:36:36.106-03:00 level=INFO msg=security_symlink_validated symlink=usr/bin/aarch64-linux-gnu-gcc-ranlib target=gcc-ranlib-12 type=relative
time=2025-11-13T18:36:36.106-03:00 level=INFO msg=security_symlink_validated symlink=usr/bin/aarch64-linux-gnu-gcov target=gcov-12 type=relative
time=2025-11-13T18:36:36.106-03:00 level=INFO msg=security_symlink_validated symlink=usr/bin/aarch64-linux-gnu-gcov-dump target=gcov-dump-12 type=relative
time=2025-11-13T18:36:36.107-03:00 level=INFO msg=security_symlink_validated symlink=usr/bin/aarch64-linux-gnu-gcov-tool target=gcov-tool-12 type=relative
time=2025-11-13T18:36:36.107-03:00 level=INFO msg=security_symlink_validated symlink=usr/bin/aarch64-linux-gnu-gold target=aarch64-linux-gnu-ld.gold type=relative
time=2025-11-13T18:36:36.108-03:00 level=INFO msg=security_symlink_validated symlink=usr/bin/aarch64-linux-gnu-ld target=aarch64-linux-gnu-ld.bfd type=relative
time=2025-11-13T18:36:36.112-03:00 level=INFO msg=security_symlink_validated symlink=usr/bin/aarch64-linux-gnu-lto-dump target=lto-dump-12 type=relative
time=2025-11-13T18:36:36.122-03:00 level=INFO msg=security_symlink_validated symlink=usr/bin/aarch64-linux-gnu-pkg-config target=pkgconf type=relative
time=2025-11-13T18:36:36.122-03:00 level=INFO msg=security_symlink_validated symlink=usr/bin/aarch64-linux-gnu-pkgconf target=pkgconf type=relative
time=2025-11-13T18:36:36.122-03:00 level=INFO msg=security_symlink_validated symlink=usr/bin/aclocal target=/etc/alternatives/aclocal type=absolute
time=2025-11-13T18:36:36.122-03:00 level=INFO msg=security_symlink_validated symlink=usr/bin/addr2line target=aarch64-linux-gnu-addr2line type=relative
time=2025-11-13T18:36:36.123-03:00 level=INFO msg=security_symlink_validated symlink=usr/bin/animate target=/etc/alternatives/animate type=absolute
time=2025-11-13T18:36:36.123-03:00 level=INFO msg=security_symlink_validated symlink=usr/bin/animate-im6 target=/etc/alternatives/animate-im6 type=absolute
time=2025-11-13T18:36:36.123-03:00 level=INFO msg=security_symlink_validated symlink=usr/bin/ar target=aarch64-linux-gnu-ar type=relative
time=2025-11-13T18:36:36.123-03:00 level=INFO msg=security_symlink_validated symlink=usr/bin/as target=aarch64-linux-gnu-as type=relative
time=2025-11-13T18:36:36.123-03:00 level=INFO msg=security_symlink_validated symlink=usr/bin/automake target=/etc/alternatives/automake type=absolute
time=2025-11-13T18:36:36.123-03:00 level=INFO msg=security_symlink_validated symlink=usr/bin/bzcmp target=bzdiff type=relative
time=2025-11-13T18:36:36.123-03:00 level=INFO msg=security_symlink_validated symlink=usr/bin/bzegrep target=bzgrep type=relative
time=2025-11-13T18:36:36.123-03:00 level=INFO msg=security_symlink_validated symlink=usr/bin/bzfgrep target=bzgrep type=relative
time=2025-11-13T18:36:36.123-03:00 level=INFO msg=security_symlink_validated symlink=usr/bin/bzless target=bzmore type=relative
time=2025-11-13T18:36:36.123-03:00 level=INFO msg=security_symlink_validated symlink=usr/bin/c++ target=/etc/alternatives/c++ type=absolute
time=2025-11-13T18:36:36.123-03:00 level=INFO msg=security_symlink_validated symlink=usr/bin/c++filt target=aarch64-linux-gnu-c++filt type=relative
time=2025-11-13T18:36:36.123-03:00 level=INFO msg=security_symlink_validated symlink=usr/bin/c89 target=/etc/alternatives/c89 type=absolute
time=2025-11-13T18:36:36.123-03:00 level=INFO msg=security_symlink_validated symlink=usr/bin/c99 target=/etc/alternatives/c99 type=absolute
time=2025-11-13T18:36:36.123-03:00 level=INFO msg=security_symlink_validated symlink=usr/bin/cc target=/etc/alternatives/cc type=absolute
time=2025-11-13T18:36:36.123-03:00 level=INFO msg=security_symlink_validated symlink=usr/bin/compare target=/etc/alternatives/compare type=absolute
time=2025-11-13T18:36:36.123-03:00 level=INFO msg=security_symlink_validated symlink=usr/bin/compare-im6 target=/etc/alternatives/compare-im6 type=absolute
time=2025-11-13T18:36:36.123-03:00 level=INFO msg=security_symlink_validated symlink=usr/bin/composite target=/etc/alternatives/composite type=absolute
time=2025-11-13T18:36:36.123-03:00 level=INFO msg=security_symlink_validated symlink=usr/bin/composite-im6 target=/etc/alternatives/composite-im6 type=absolute
time=2025-11-13T18:36:36.123-03:00 level=INFO msg=security_symlink_validated symlink=usr/bin/conjure target=/etc/alternatives/conjure type=absolute
time=2025-11-13T18:36:36.123-03:00 level=INFO msg=security_symlink_validated symlink=usr/bin/conjure-im6 target=/etc/alternatives/conjure-im6 type=absolute
time=2025-11-13T18:36:36.124-03:00 level=INFO msg=security_symlink_validated symlink=usr/bin/convert target=/etc/alternatives/convert type=absolute
time=2025-11-13T18:36:36.124-03:00 level=INFO msg=security_symlink_validated symlink=usr/bin/convert-im6 target=/etc/alternatives/convert-im6 type=absolute
time=2025-11-13T18:36:36.124-03:00 level=INFO msg=security_symlink_validated symlink=usr/bin/cpp target=cpp-12 type=relative
time=2025-11-13T18:36:36.124-03:00 level=INFO msg=security_symlink_validated symlink=usr/bin/cpp-12 target=aarch64-linux-gnu-cpp-12 type=relative
time=2025-11-13T18:36:36.124-03:00 level=INFO msg=security_symlink_validated symlink=usr/bin/display target=/etc/alternatives/display type=absolute
time=2025-11-13T18:36:36.124-03:00 level=INFO msg=security_symlink_validated symlink=usr/bin/display-im6 target=/etc/alternatives/display-im6 type=absolute
time=2025-11-13T18:36:36.124-03:00 level=INFO msg=security_symlink_validated symlink=usr/bin/dwp target=aarch64-linux-gnu-dwp type=relative
time=2025-11-13T18:36:36.124-03:00 level=INFO msg=security_symlink_validated symlink=usr/bin/elfedit target=aarch64-linux-gnu-elfedit type=relative
time=2025-11-13T18:36:36.125-03:00 level=INFO msg=security_symlink_validated symlink=usr/bin/g++ target=g++-12 type=relative
time=2025-11-13T18:36:36.125-03:00 level=INFO msg=security_symlink_validated symlink=usr/bin/g++-12 target=aarch64-linux-gnu-g++-12 type=relative
time=2025-11-13T18:36:36.125-03:00 level=INFO msg=security_symlink_validated symlink=usr/bin/gcc target=gcc-12 type=relative
time=2025-11-13T18:36:36.125-03:00 level=INFO msg=security_symlink_validated symlink=usr/bin/gcc-12 target=aarch64-linux-gnu-gcc-12 type=relative
time=2025-11-13T18:36:36.125-03:00 level=INFO msg=security_symlink_validated symlink=usr/bin/gcc-ar target=gcc-ar-12 type=relative
time=2025-11-13T18:36:36.125-03:00 level=INFO msg=security_symlink_validated symlink=usr/bin/gcc-ar-12 target=aarch64-linux-gnu-gcc-ar-12 type=relative
time=2025-11-13T18:36:36.125-03:00 level=INFO msg=security_symlink_validated symlink=usr/bin/gcc-nm target=gcc-nm-12 type=relative
time=2025-11-13T18:36:36.125-03:00 level=INFO msg=security_symlink_validated symlink=usr/bin/gcc-nm-12 target=aarch64-linux-gnu-gcc-nm-12 type=relative
time=2025-11-13T18:36:36.125-03:00 level=INFO msg=security_symlink_validated symlink=usr/bin/gcc-ranlib target=gcc-ranlib-12 type=relative
time=2025-11-13T18:36:36.125-03:00 level=INFO msg=security_symlink_validated symlink=usr/bin/gcc-ranlib-12 target=aarch64-linux-gnu-gcc-ranlib-12 type=relative
time=2025-11-13T18:36:36.125-03:00 level=INFO msg=security_symlink_validated symlink=usr/bin/gcov target=gcov-12 type=relative
time=2025-11-13T18:36:36.125-03:00 level=INFO msg=security_symlink_validated symlink=usr/bin/gcov-12 target=aarch64-linux-gnu-gcov-12 type=relative
time=2025-11-13T18:36:36.125-03:00 level=INFO msg=security_symlink_validated symlink=usr/bin/gcov-dump target=gcov-dump-12 type=relative
time=2025-11-13T18:36:36.125-03:00 level=INFO msg=security_symlink_validated symlink=usr/bin/gcov-dump-12 target=aarch64-linux-gnu-gcov-dump-12 type=relative
time=2025-11-13T18:36:36.125-03:00 level=INFO msg=security_symlink_validated symlink=usr/bin/gcov-tool target=gcov-tool-12 type=relative
time=2025-11-13T18:36:36.125-03:00 level=INFO msg=security_symlink_validated symlink=usr/bin/gcov-tool-12 target=aarch64-linux-gnu-gcov-tool-12 type=relative
time=2025-11-13T18:36:36.126-03:00 level=INFO msg=security_symlink_validated symlink=usr/bin/gio-querymodules target=../lib/aarch64-linux-gnu/glib-2.0/gio-querymodules type=relative
time=2025-11-13T18:36:36.126-03:00 level=INFO msg=security_symlink_validated symlink=usr/bin/glib-compile-schemas target=../lib/aarch64-linux-gnu/glib-2.0/glib-compile-schemas type=relative
time=2025-11-13T18:36:36.126-03:00 level=INFO msg=security_symlink_validated symlink=usr/bin/gmake target=make type=relative
time=2025-11-13T18:36:36.126-03:00 level=INFO msg=security_symlink_validated symlink=usr/bin/gold target=aarch64-linux-gnu-gold type=relative
time=2025-11-13T18:36:36.126-03:00 level=INFO msg=security_symlink_validated symlink=usr/bin/gp-archive target=aarch64-linux-gnu-gp-archive type=relative
time=2025-11-13T18:36:36.126-03:00 level=INFO msg=security_symlink_validated symlink=usr/bin/gp-collect-app target=aarch64-linux-gnu-gp-collect-app type=relative
time=2025-11-13T18:36:36.126-03:00 level=INFO msg=security_symlink_validated symlink=usr/bin/gp-display-html target=aarch64-linux-gnu-gp-display-html type=relative
time=2025-11-13T18:36:36.126-03:00 level=INFO msg=security_symlink_validated symlink=usr/bin/gp-display-src target=aarch64-linux-gnu-gp-display-src type=relative
time=2025-11-13T18:36:36.127-03:00 level=INFO msg=security_symlink_validated symlink=usr/bin/gp-display-text target=aarch64-linux-gnu-gp-display-text type=relative
time=2025-11-13T18:36:36.127-03:00 level=INFO msg=security_symlink_validated symlink=usr/bin/gprof target=aarch64-linux-gnu-gprof type=relative
time=2025-11-13T18:36:36.127-03:00 level=INFO msg=security_symlink_validated symlink=usr/bin/gprofng target=aarch64-linux-gnu-gprofng type=relative
time=2025-11-13T18:36:36.127-03:00 level=INFO msg=security_symlink_validated symlink=usr/bin/identify target=/etc/alternatives/identify type=absolute
time=2025-11-13T18:36:36.127-03:00 level=INFO msg=security_symlink_validated symlink=usr/bin/identify-im6 target=/etc/alternatives/identify-im6 type=absolute
time=2025-11-13T18:36:36.127-03:00 level=INFO msg=security_symlink_validated symlink=usr/bin/import target=/etc/alternatives/import type=absolute
time=2025-11-13T18:36:36.127-03:00 level=INFO msg=security_symlink_validated symlink=usr/bin/import-im6 target=/etc/alternatives/import-im6 type=absolute
time=2025-11-13T18:36:36.127-03:00 level=INFO msg=security_symlink_validated symlink=usr/bin/krb5-config target=krb5-config.mit type=relative
time=2025-11-13T18:36:36.127-03:00 level=INFO msg=security_symlink_validated symlink=usr/bin/ld target=aarch64-linux-gnu-ld type=relative
time=2025-11-13T18:36:36.127-03:00 level=INFO msg=security_symlink_validated symlink=usr/bin/ld.bfd target=aarch64-linux-gnu-ld.bfd type=relative
time=2025-11-13T18:36:36.127-03:00 level=INFO msg=security_symlink_validated symlink=usr/bin/ld.gold target=aarch64-linux-gnu-ld.gold type=relative
time=2025-11-13T18:36:36.127-03:00 level=INFO msg=security_symlink_validated symlink=usr/bin/libpng-config target=libpng16-config type=relative
time=2025-11-13T18:36:36.127-03:00 level=INFO msg=security_symlink_validated symlink=usr/bin/lto-dump target=lto-dump-12 type=relative
time=2025-11-13T18:36:36.127-03:00 level=INFO msg=security_symlink_validated symlink=usr/bin/lto-dump-12 target=aarch64-linux-gnu-lto-dump-12 type=relative
time=2025-11-13T18:36:36.127-03:00 level=INFO msg=security_symlink_validated symlink=usr/bin/lzcat target=/etc/alternatives/lzcat type=absolute
time=2025-11-13T18:36:36.127-03:00 level=INFO msg=security_symlink_validated symlink=usr/bin/lzcmp target=/etc/alternatives/lzcmp type=absolute
time=2025-11-13T18:36:36.127-03:00 level=INFO msg=security_symlink_validated symlink=usr/bin/lzdiff target=/etc/alternatives/lzdiff type=absolute
time=2025-11-13T18:36:36.127-03:00 level=INFO msg=security_symlink_validated symlink=usr/bin/lzegrep target=/etc/alternatives/lzegrep type=absolute
time=2025-11-13T18:36:36.127-03:00 level=INFO msg=security_symlink_validated symlink=usr/bin/lzfgrep target=/etc/alternatives/lzfgrep type=absolute
time=2025-11-13T18:36:36.127-03:00 level=INFO msg=security_symlink_validated symlink=usr/bin/lzgrep target=/etc/alternatives/lzgrep type=absolute
time=2025-11-13T18:36:36.127-03:00 level=INFO msg=security_symlink_validated symlink=usr/bin/lzless target=/etc/alternatives/lzless type=absolute
time=2025-11-13T18:36:36.127-03:00 level=INFO msg=security_symlink_validated symlink=usr/bin/lzma target=/etc/alternatives/lzma type=absolute
time=2025-11-13T18:36:36.127-03:00 level=INFO msg=security_symlink_validated symlink=usr/bin/lzmore target=/etc/alternatives/lzmore type=absolute
time=2025-11-13T18:36:36.128-03:00 level=INFO msg=security_symlink_validated symlink=usr/bin/mariadb-config target=mariadb_config type=relative
time=2025-11-13T18:36:36.128-03:00 level=INFO msg=security_symlink_validated symlink=usr/bin/mogrify target=/etc/alternatives/mogrify type=absolute
time=2025-11-13T18:36:36.128-03:00 level=INFO msg=security_symlink_validated symlink=usr/bin/mogrify-im6 target=/etc/alternatives/mogrify-im6 type=absolute
time=2025-11-13T18:36:36.128-03:00 level=INFO msg=security_symlink_validated symlink=usr/bin/montage target=/etc/alternatives/montage type=absolute
time=2025-11-13T18:36:36.128-03:00 level=INFO msg=security_symlink_validated symlink=usr/bin/montage-im6 target=/etc/alternatives/montage-im6 type=absolute
time=2025-11-13T18:36:36.128-03:00 level=INFO msg=security_symlink_validated symlink=usr/bin/mysql_config target=mariadb_config type=relative
time=2025-11-13T18:36:36.128-03:00 level=INFO msg=security_symlink_validated symlink=usr/bin/ncurses5-config target=ncurses6-config type=relative
time=2025-11-13T18:36:36.128-03:00 level=INFO msg=security_symlink_validated symlink=usr/bin/ncursesw5-config target=ncursesw6-config type=relative
time=2025-11-13T18:36:36.128-03:00 level=INFO msg=security_symlink_validated symlink=usr/bin/nm target=aarch64-linux-gnu-nm type=relative
time=2025-11-13T18:36:36.128-03:00 level=INFO msg=security_symlink_validated symlink=usr/bin/objcopy target=aarch64-linux-gnu-objcopy type=relative
time=2025-11-13T18:36:36.128-03:00 level=INFO msg=security_symlink_validated symlink=usr/bin/objdump target=aarch64-linux-gnu-objdump type=relative
time=2025-11-13T18:36:36.128-03:00 level=INFO msg=security_symlink_validated symlink=usr/bin/pkg-config target=pkgconf type=relative
time=2025-11-13T18:36:36.129-03:00 level=INFO msg=security_symlink_validated symlink=usr/bin/ranlib target=aarch64-linux-gnu-ranlib type=relative
time=2025-11-13T18:36:36.129-03:00 level=INFO msg=security_symlink_validated symlink=usr/bin/readelf target=aarch64-linux-gnu-readelf type=relative
time=2025-11-13T18:36:36.129-03:00 level=INFO msg=security_symlink_validated symlink=usr/bin/size target=aarch64-linux-gnu-size type=relative
time=2025-11-13T18:36:36.129-03:00 level=INFO msg=security_symlink_validated symlink=usr/bin/stream target=/etc/alternatives/stream type=absolute
time=2025-11-13T18:36:36.129-03:00 level=INFO msg=security_symlink_validated symlink=usr/bin/stream-im6 target=/etc/alternatives/stream-im6 type=absolute
time=2025-11-13T18:36:36.129-03:00 level=INFO msg=security_symlink_validated symlink=usr/bin/strings target=aarch64-linux-gnu-strings type=relative
time=2025-11-13T18:36:36.129-03:00 level=INFO msg=security_symlink_validated symlink=usr/bin/strip target=aarch64-linux-gnu-strip type=relative
time=2025-11-13T18:36:36.129-03:00 level=INFO msg=security_symlink_validated symlink=usr/bin/unlzma target=/etc/alternatives/unlzma type=absolute
time=2025-11-13T18:36:36.129-03:00 level=INFO msg=security_symlink_validated symlink=usr/bin/unxz target=xz type=relative
time=2025-11-13T18:36:36.129-03:00 level=INFO msg=security_symlink_validated symlink=usr/bin/xzcat target=xz type=relative
time=2025-11-13T18:36:36.129-03:00 level=INFO msg=security_symlink_validated symlink=usr/bin/xzcmp target=xzdiff type=relative
time=2025-11-13T18:36:36.129-03:00 level=INFO msg=security_symlink_validated symlink=usr/bin/xzegrep target=xzgrep type=relative
time=2025-11-13T18:36:36.129-03:00 level=INFO msg=security_symlink_validated symlink=usr/bin/xzfgrep target=xzgrep type=relative
time=2025-11-13T18:36:36.170-03:00 level=INFO msg=security_symlink_validated symlink=usr/include/com_err.h target=et/com_err.h type=relative
time=2025-11-13T18:36:36.179-03:00 level=INFO msg=security_symlink_validated symlink=usr/include/gssapi/gssapi.h target=../mit-krb5/gssapi/gssapi.h type=relative
time=2025-11-13T18:36:36.179-03:00 level=INFO msg=security_symlink_validated symlink=usr/include/gssapi/gssapi_alloc.h target=../mit-krb5/gssapi/gssapi_alloc.h type=relative
time=2025-11-13T18:36:36.179-03:00 level=INFO msg=security_symlink_validated symlink=usr/include/gssapi/gssapi_ext.h target=../mit-krb5/gssapi/gssapi_ext.h type=relative
time=2025-11-13T18:36:36.179-03:00 level=INFO msg=security_symlink_validated symlink=usr/include/gssapi/gssapi_generic.h target=../mit-krb5/gssapi/gssapi_generic.h type=relative
time=2025-11-13T18:36:36.179-03:00 level=INFO msg=security_symlink_validated symlink=usr/include/gssapi/gssapi_krb5.h target=../mit-krb5/gssapi/gssapi_krb5.h type=relative
time=2025-11-13T18:36:36.179-03:00 level=INFO msg=security_symlink_validated symlink=usr/include/gssapi/mechglue.h target=../mit-krb5/gssapi/mechglue.h type=relative
time=2025-11-13T18:36:36.179-03:00 level=INFO msg=security_symlink_validated symlink=usr/include/gssapi.h target=mit-krb5/gssapi.h type=relative
time=2025-11-13T18:36:36.179-03:00 level=INFO msg=security_symlink_validated symlink=usr/include/gssrpc/auth.h target=../mit-krb5/gssrpc/auth.h type=relative
time=2025-11-13T18:36:36.179-03:00 level=INFO msg=security_symlink_validated symlink=usr/include/gssrpc/auth_gss.h target=../mit-krb5/gssrpc/auth_gss.h type=relative
time=2025-11-13T18:36:36.179-03:00 level=INFO msg=security_symlink_validated symlink=usr/include/gssrpc/auth_gssapi.h target=../mit-krb5/gssrpc/auth_gssapi.h type=relative
time=2025-11-13T18:36:36.179-03:00 level=INFO msg=security_symlink_validated symlink=usr/include/gssrpc/auth_unix.h target=../mit-krb5/gssrpc/auth_unix.h type=relative
time=2025-11-13T18:36:36.179-03:00 level=INFO msg=security_symlink_validated symlink=usr/include/gssrpc/clnt.h target=../mit-krb5/gssrpc/clnt.h type=relative
time=2025-11-13T18:36:36.179-03:00 level=INFO msg=security_symlink_validated symlink=usr/include/gssrpc/netdb.h target=../mit-krb5/gssrpc/netdb.h type=relative
time=2025-11-13T18:36:36.179-03:00 level=INFO msg=security_symlink_validated symlink=usr/include/gssrpc/pmap_clnt.h target=../mit-krb5/gssrpc/pmap_clnt.h type=relative
time=2025-11-13T18:36:36.179-03:00 level=INFO msg=security_symlink_validated symlink=usr/include/gssrpc/pmap_prot.h target=../mit-krb5/gssrpc/pmap_prot.h type=relative
time=2025-11-13T18:36:36.179-03:00 level=INFO msg=security_symlink_validated symlink=usr/include/gssrpc/pmap_rmt.h target=../mit-krb5/gssrpc/pmap_rmt.h type=relative
time=2025-11-13T18:36:36.179-03:00 level=INFO msg=security_symlink_validated symlink=usr/include/gssrpc/rename.h target=../mit-krb5/gssrpc/rename.h type=relative
time=2025-11-13T18:36:36.179-03:00 level=INFO msg=security_symlink_validated symlink=usr/include/gssrpc/rpc.h target=../mit-krb5/gssrpc/rpc.h type=relative
time=2025-11-13T18:36:36.179-03:00 level=INFO msg=security_symlink_validated symlink=usr/include/gssrpc/rpc_msg.h target=../mit-krb5/gssrpc/rpc_msg.h type=relative
time=2025-11-13T18:36:36.179-03:00 level=INFO msg=security_symlink_validated symlink=usr/include/gssrpc/svc.h target=../mit-krb5/gssrpc/svc.h type=relative
time=2025-11-13T18:36:36.179-03:00 level=INFO msg=security_symlink_validated symlink=usr/include/gssrpc/svc_auth.h target=../mit-krb5/gssrpc/svc_auth.h type=relative
time=2025-11-13T18:36:36.179-03:00 level=INFO msg=security_symlink_validated symlink=usr/include/gssrpc/types.h target=../mit-krb5/gssrpc/types.h type=relative
time=2025-11-13T18:36:36.179-03:00 level=INFO msg=security_symlink_validated symlink=usr/include/gssrpc/xdr.h target=../mit-krb5/gssrpc/xdr.h type=relative
time=2025-11-13T18:36:36.180-03:00 level=INFO msg=security_symlink_validated symlink=usr/include/kadm5/admin.h target=../mit-krb5/kadm5/admin.h type=relative
time=2025-11-13T18:36:36.180-03:00 level=INFO msg=security_symlink_validated symlink=usr/include/kadm5/chpass_util_strings.h target=../mit-krb5/kadm5/chpass_util_strings.h type=relative
time=2025-11-13T18:36:36.180-03:00 level=INFO msg=security_symlink_validated symlink=usr/include/kadm5/kadm_err.h target=../mit-krb5/kadm5/kadm_err.h type=relative
time=2025-11-13T18:36:36.180-03:00 level=INFO msg=security_symlink_validated symlink=usr/include/kdb.h target=mit-krb5/kdb.h type=relative
time=2025-11-13T18:36:36.180-03:00 level=INFO msg=security_symlink_validated symlink=usr/include/krb5/ccselect_plugin.h target=../mit-krb5/krb5/ccselect_plugin.h type=relative
time=2025-11-13T18:36:36.180-03:00 level=INFO msg=security_symlink_validated symlink=usr/include/krb5/certauth_plugin.h target=../mit-krb5/krb5/certauth_plugin.h type=relative
time=2025-11-13T18:36:36.180-03:00 level=INFO msg=security_symlink_validated symlink=usr/include/krb5/clpreauth_plugin.h target=../mit-krb5/krb5/clpreauth_plugin.h type=relative
time=2025-11-13T18:36:36.180-03:00 level=INFO msg=security_symlink_validated symlink=usr/include/krb5/hostrealm_plugin.h target=../mit-krb5/krb5/hostrealm_plugin.h type=relative
time=2025-11-13T18:36:36.180-03:00 level=INFO msg=security_symlink_validated symlink=usr/include/krb5/kadm5_auth_plugin.h target=../mit-krb5/krb5/kadm5_auth_plugin.h type=relative
time=2025-11-13T18:36:36.180-03:00 level=INFO msg=security_symlink_validated symlink=usr/include/krb5/kadm5_hook_plugin.h target=../mit-krb5/krb5/kadm5_hook_plugin.h type=relative
time=2025-11-13T18:36:36.180-03:00 level=INFO msg=security_symlink_validated symlink=usr/include/krb5/kdcpolicy_plugin.h target=../mit-krb5/krb5/kdcpolicy_plugin.h type=relative
time=2025-11-13T18:36:36.180-03:00 level=INFO msg=security_symlink_validated symlink=usr/include/krb5/kdcpreauth_plugin.h target=../mit-krb5/krb5/kdcpreauth_plugin.h type=relative
time=2025-11-13T18:36:36.180-03:00 level=INFO msg=security_symlink_validated symlink=usr/include/krb5/krb5.h target=../mit-krb5/krb5/krb5.h type=relative
time=2025-11-13T18:36:36.180-03:00 level=INFO msg=security_symlink_validated symlink=usr/include/krb5/localauth_plugin.h target=../mit-krb5/krb5/localauth_plugin.h type=relative
time=2025-11-13T18:36:36.180-03:00 level=INFO msg=security_symlink_validated symlink=usr/include/krb5/locate_plugin.h target=../mit-krb5/krb5/locate_plugin.h type=relative
time=2025-11-13T18:36:36.180-03:00 level=INFO msg=security_symlink_validated symlink=usr/include/krb5/plugin.h target=../mit-krb5/krb5/plugin.h type=relative
time=2025-11-13T18:36:36.180-03:00 level=INFO msg=security_symlink_validated symlink=usr/include/krb5/preauth_plugin.h target=../mit-krb5/krb5/preauth_plugin.h type=relative
time=2025-11-13T18:36:36.180-03:00 level=INFO msg=security_symlink_validated symlink=usr/include/krb5/pwqual_plugin.h target=../mit-krb5/krb5/pwqual_plugin.h type=relative
time=2025-11-13T18:36:36.180-03:00 level=INFO msg=security_symlink_validated symlink=usr/include/krb5.h target=mit-krb5/krb5.h type=relative
time=2025-11-13T18:36:36.181-03:00 level=INFO msg=security_symlink_validated symlink=usr/include/libpng target=libpng16 type=relative
time=2025-11-13T18:36:36.202-03:00 level=INFO msg=security_symlink_validated symlink=usr/include/mysql target=mariadb type=relative
time=2025-11-13T18:36:36.202-03:00 level=INFO msg=security_symlink_validated symlink=usr/include/ncurses.h target=curses.h type=relative
time=2025-11-13T18:36:36.202-03:00 level=INFO msg=security_symlink_validated symlink=usr/include/ncursesw/curses.h target=../curses.h type=relative
time=2025-11-13T18:36:36.202-03:00 level=INFO msg=security_symlink_validated symlink=usr/include/ncursesw/cursesapp.h target=../cursesapp.h type=relative
time=2025-11-13T18:36:36.202-03:00 level=INFO msg=security_symlink_validated symlink=usr/include/ncursesw/cursesf.h target=../cursesf.h type=relative
time=2025-11-13T18:36:36.202-03:00 level=INFO msg=security_symlink_validated symlink=usr/include/ncursesw/cursesm.h target=../cursesm.h type=relative
time=2025-11-13T18:36:36.202-03:00 level=INFO msg=security_symlink_validated symlink=usr/include/ncursesw/cursesp.h target=../cursesp.h type=relative
time=2025-11-13T18:36:36.202-03:00 level=INFO msg=security_symlink_validated symlink=usr/include/ncursesw/cursesw.h target=../cursesw.h type=relative
time=2025-11-13T18:36:36.202-03:00 level=INFO msg=security_symlink_validated symlink=usr/include/ncursesw/cursslk.h target=../cursslk.h type=relative
time=2025-11-13T18:36:36.202-03:00 level=INFO msg=security_symlink_validated symlink=usr/include/ncursesw/eti.h target=../eti.h type=relative
time=2025-11-13T18:36:36.202-03:00 level=INFO msg=security_symlink_validated symlink=usr/include/ncursesw/etip.h target=../etip.h type=relative
time=2025-11-13T18:36:36.202-03:00 level=INFO msg=security_symlink_validated symlink=usr/include/ncursesw/form.h target=../form.h type=relative
time=2025-11-13T18:36:36.202-03:00 level=INFO msg=security_symlink_validated symlink=usr/include/ncursesw/menu.h target=../menu.h type=relative
time=2025-11-13T18:36:36.202-03:00 level=INFO msg=security_symlink_validated symlink=usr/include/ncursesw/nc_tparm.h target=../nc_tparm.h type=relative
time=2025-11-13T18:36:36.202-03:00 level=INFO msg=security_symlink_validated symlink=usr/include/ncursesw/ncurses.h target=../ncurses.h type=relative
time=2025-11-13T18:36:36.202-03:00 level=INFO msg=security_symlink_validated symlink=usr/include/ncursesw/ncurses_dll.h target=../ncurses_dll.h type=relative
time=2025-11-13T18:36:36.202-03:00 level=INFO msg=security_symlink_validated symlink=usr/include/ncursesw/panel.h target=../panel.h type=relative
time=2025-11-13T18:36:36.202-03:00 level=INFO msg=security_symlink_validated symlink=usr/include/ncursesw/term.h target=../term.h type=relative
time=2025-11-13T18:36:36.202-03:00 level=INFO msg=security_symlink_validated symlink=usr/include/ncursesw/term_entry.h target=../term_entry.h type=relative
time=2025-11-13T18:36:36.202-03:00 level=INFO msg=security_symlink_validated symlink=usr/include/ncursesw/termcap.h target=../termcap.h type=relative
time=2025-11-13T18:36:36.202-03:00 level=INFO msg=security_symlink_validated symlink=usr/include/ncursesw/tic.h target=../tic.h type=relative
time=2025-11-13T18:36:36.202-03:00 level=INFO msg=security_symlink_validated symlink=usr/include/ncursesw/unctrl.h target=../unctrl.h type=relative
time=2025-11-13T18:36:36.203-03:00 level=INFO msg=security_symlink_validated symlink=usr/include/openjpeg-2.1 target=openjpeg-2.5 type=relative
time=2025-11-13T18:36:36.207-03:00 level=INFO msg=security_symlink_validated symlink=usr/include/png.h target=libpng16/png.h type=relative
time=2025-11-13T18:36:36.207-03:00 level=INFO msg=security_symlink_validated symlink=usr/include/pngconf.h target=libpng16/pngconf.h type=relative
time=2025-11-13T18:36:36.207-03:00 level=INFO msg=security_symlink_validated symlink=usr/include/pnglibconf.h target=libpng16/pnglibconf.h type=relative
time=2025-11-13T18:36:36.207-03:00 level=INFO msg=security_symlink_validated symlink=usr/include/profile.h target=mit-krb5/profile.h type=relative
time=2025-11-13T18:36:36.229-03:00 level=INFO msg=security_symlink_validated symlink=usr/lib/aarch64-linux-gnu/icu/Makefile.inc target=current/Makefile.inc type=relative
time=2025-11-13T18:36:36.229-03:00 level=INFO msg=security_symlink_validated symlink=usr/lib/aarch64-linux-gnu/icu/current target=72.1 type=relative
time=2025-11-13T18:36:36.229-03:00 level=INFO msg=security_symlink_validated symlink=usr/lib/aarch64-linux-gnu/icu/pkgdata.inc target=current/pkgdata.inc type=relative
time=2025-11-13T18:36:36.235-03:00 level=INFO msg=security_symlink_validated symlink=usr/lib/aarch64-linux-gnu/libBrokenLocale.so target=/lib/aarch64-linux-gnu/libBrokenLocale.so.1 type=absolute
time=2025-11-13T18:36:36.235-03:00 level=INFO msg=security_symlink_validated symlink=usr/lib/aarch64-linux-gnu/libICE.so target=libICE.so.6.3.0 type=relative
time=2025-11-13T18:36:36.235-03:00 level=INFO msg=security_symlink_validated symlink=usr/lib/aarch64-linux-gnu/libICE.so.6 target=libICE.so.6.3.0 type=relative
time=2025-11-13T18:36:36.235-03:00 level=INFO msg=security_symlink_validated symlink=usr/lib/aarch64-linux-gnu/libIex-3_1.so target=libIex-3_1.so.30 type=relative
time=2025-11-13T18:36:36.235-03:00 level=INFO msg=security_symlink_validated symlink=usr/lib/aarch64-linux-gnu/libIex-3_1.so.30 target=libIex-3_1.so.30.5.1 type=relative
time=2025-11-13T18:36:36.235-03:00 level=INFO msg=security_symlink_validated symlink=usr/lib/aarch64-linux-gnu/libIex.so target=libIex-3_1.so type=relative
time=2025-11-13T18:36:36.235-03:00 level=INFO msg=security_symlink_validated symlink=usr/lib/aarch64-linux-gnu/libIlmThread-3_1.so target=libIlmThread-3_1.so.30 type=relative
time=2025-11-13T18:36:36.235-03:00 level=INFO msg=security_symlink_validated symlink=usr/lib/aarch64-linux-gnu/libIlmThread-3_1.so.30 target=libIlmThread-3_1.so.30.5.1 type=relative
time=2025-11-13T18:36:36.236-03:00 level=INFO msg=security_symlink_validated symlink=usr/lib/aarch64-linux-gnu/libIlmThread.so target=libIlmThread-3_1.so type=relative
time=2025-11-13T18:36:36.236-03:00 level=INFO msg=security_symlink_validated symlink=usr/lib/aarch64-linux-gnu/libImath-3_1.so target=libImath-3_1.so.29 type=relative
time=2025-11-13T18:36:36.236-03:00 level=INFO msg=security_symlink_validated symlink=usr/lib/aarch64-linux-gnu/libImath-3_1.so.29 target=libImath-3_1.so.29.5.0 type=relative
time=2025-11-13T18:36:36.236-03:00 level=INFO msg=security_symlink_validated symlink=usr/lib/aarch64-linux-gnu/libImath.so target=libImath-3_1.so type=relative
time=2025-11-13T18:36:36.236-03:00 level=INFO msg=security_symlink_validated symlink=usr/lib/aarch64-linux-gnu/libLerc.so target=libLerc.so.4 type=relative
time=2025-11-13T18:36:36.238-03:00 level=INFO msg=security_symlink_validated symlink=usr/lib/aarch64-linux-gnu/libMagickCore-6.Q16.so target=libMagickCore-6.Q16.so.6.0.0 type=relative
time=2025-11-13T18:36:36.238-03:00 level=INFO msg=security_symlink_validated symlink=usr/lib/aarch64-linux-gnu/libMagickCore-6.Q16.so.6 target=libMagickCore-6.Q16.so.6.0.0 type=relative
time=2025-11-13T18:36:36.239-03:00 level=INFO msg=security_symlink_validated symlink=usr/lib/aarch64-linux-gnu/libMagickWand-6.Q16.so target=libMagickWand-6.Q16.so.6.0.0 type=relative
time=2025-11-13T18:36:36.239-03:00 level=INFO msg=security_symlink_validated symlink=usr/lib/aarch64-linux-gnu/libMagickWand-6.Q16.so.6 target=libMagickWand-6.Q16.so.6.0.0 type=relative
time=2025-11-13T18:36:36.240-03:00 level=INFO msg=security_symlink_validated symlink=usr/lib/aarch64-linux-gnu/libOpenEXR-3_1.so target=libOpenEXR-3_1.so.30 type=relative
time=2025-11-13T18:36:36.240-03:00 level=INFO msg=security_symlink_validated symlink=usr/lib/aarch64-linux-gnu/libOpenEXR-3_1.so.30 target=libOpenEXR-3_1.so.30.5.1 type=relative
time=2025-11-13T18:36:36.241-03:00 level=INFO msg=security_symlink_validated symlink=usr/lib/aarch64-linux-gnu/libOpenEXR.so target=libOpenEXR-3_1.so type=relative
time=2025-11-13T18:36:36.241-03:00 level=INFO msg=security_symlink_validated symlink=usr/lib/aarch64-linux-gnu/libOpenEXRCore-3_1.so target=libOpenEXRCore-3_1.so.30 type=relative
time=2025-11-13T18:36:36.241-03:00 level=INFO msg=security_symlink_validated symlink=usr/lib/aarch64-linux-gnu/libOpenEXRCore-3_1.so.30 target=libOpenEXRCore-3_1.so.30.5.1 type=relative
time=2025-11-13T18:36:36.241-03:00 level=INFO msg=security_symlink_validated symlink=usr/lib/aarch64-linux-gnu/libOpenEXRCore.so target=libOpenEXRCore-3_1.so type=relative
time=2025-11-13T18:36:36.241-03:00 level=INFO msg=security_symlink_validated symlink=usr/lib/aarch64-linux-gnu/libOpenEXRUtil-3_1.so target=libOpenEXRUtil-3_1.so.30 type=relative
time=2025-11-13T18:36:36.241-03:00 level=INFO msg=security_symlink_validated symlink=usr/lib/aarch64-linux-gnu/libOpenEXRUtil-3_1.so.30 target=libOpenEXRUtil-3_1.so.30.5.1 type=relative
time=2025-11-13T18:36:36.241-03:00 level=INFO msg=security_symlink_validated symlink=usr/lib/aarch64-linux-gnu/libOpenEXRUtil.so target=libOpenEXRUtil-3_1.so type=relative
time=2025-11-13T18:36:36.241-03:00 level=INFO msg=security_symlink_validated symlink=usr/lib/aarch64-linux-gnu/libSM.so target=libSM.so.6.0.1 type=relative
time=2025-11-13T18:36:36.241-03:00 level=INFO msg=security_symlink_validated symlink=usr/lib/aarch64-linux-gnu/libSM.so.6 target=libSM.so.6.0.1 type=relative
time=2025-11-13T18:36:36.242-03:00 level=INFO msg=security_symlink_validated symlink=usr/lib/aarch64-linux-gnu/libX11.so target=libX11.so.6.4.0 type=relative
time=2025-11-13T18:36:36.242-03:00 level=INFO msg=security_symlink_validated symlink=usr/lib/aarch64-linux-gnu/libX11.so.6 target=libX11.so.6.4.0 type=relative
time=2025-11-13T18:36:36.242-03:00 level=INFO msg=security_symlink_validated symlink=usr/lib/aarch64-linux-gnu/libXau.so target=libXau.so.6.0.0 type=relative
time=2025-11-13T18:36:36.242-03:00 level=INFO msg=security_symlink_validated symlink=usr/lib/aarch64-linux-gnu/libXau.so.6 target=libXau.so.6.0.0 type=relative
time=2025-11-13T18:36:36.242-03:00 level=INFO msg=security_symlink_validated symlink=usr/lib/aarch64-linux-gnu/libXdmcp.so target=libXdmcp.so.6.0.0 type=relative
time=2025-11-13T18:36:36.242-03:00 level=INFO msg=security_symlink_validated symlink=usr/lib/aarch64-linux-gnu/libXdmcp.so.6 target=libXdmcp.so.6.0.0 type=relative
time=2025-11-13T18:36:36.242-03:00 level=INFO msg=security_symlink_validated symlink=usr/lib/aarch64-linux-gnu/libXext.so target=libXext.so.6.4.0 type=relative
time=2025-11-13T18:36:36.242-03:00 level=INFO msg=security_symlink_validated symlink=usr/lib/aarch64-linux-gnu/libXext.so.6 target=libXext.so.6.4.0 type=relative
time=2025-11-13T18:36:36.243-03:00 level=INFO msg=security_symlink_validated symlink=usr/lib/aarch64-linux-gnu/libXrender.so target=libXrender.so.1.3.0 type=relative
time=2025-11-13T18:36:36.243-03:00 level=INFO msg=security_symlink_validated symlink=usr/lib/aarch64-linux-gnu/libXrender.so.1 target=libXrender.so.1.3.0 type=relative
time=2025-11-13T18:36:36.243-03:00 level=INFO msg=security_symlink_validated symlink=usr/lib/aarch64-linux-gnu/libXt.so target=libXt.so.6.0.0 type=relative
time=2025-11-13T18:36:36.243-03:00 level=INFO msg=security_symlink_validated symlink=usr/lib/aarch64-linux-gnu/libXt.so.6 target=libXt.so.6.0.0 type=relative
time=2025-11-13T18:36:36.243-03:00 level=INFO msg=security_symlink_validated symlink=usr/lib/aarch64-linux-gnu/libanl.so target=/lib/aarch64-linux-gnu/libanl.so.1 type=absolute
time=2025-11-13T18:36:36.243-03:00 level=INFO msg=security_symlink_validated symlink=usr/lib/aarch64-linux-gnu/libaom.so.3 target=libaom.so.3.6.0 type=relative
time=2025-11-13T18:36:36.244-03:00 level=INFO msg=security_symlink_validated symlink=usr/lib/aarch64-linux-gnu/libasan.so.8 target=libasan.so.8.0.0 type=relative
time=2025-11-13T18:36:36.247-03:00 level=INFO msg=security_symlink_validated symlink=usr/lib/aarch64-linux-gnu/libatomic.so.1 target=libatomic.so.1.2.0 type=relative
time=2025-11-13T18:36:36.248-03:00 level=INFO msg=security_symlink_validated symlink=usr/lib/aarch64-linux-gnu/libblkid.so target=libblkid.so.1.1.0 type=relative
time=2025-11-13T18:36:36.248-03:00 level=INFO msg=security_symlink_validated symlink=usr/lib/aarch64-linux-gnu/libbrotlicommon.so target=libbrotlicommon.so.1 type=relative
time=2025-11-13T18:36:36.248-03:00 level=INFO msg=security_symlink_validated symlink=usr/lib/aarch64-linux-gnu/libbrotlidec.so target=libbrotlidec.so.1 type=relative
time=2025-11-13T18:36:36.248-03:00 level=INFO msg=security_symlink_validated symlink=usr/lib/aarch64-linux-gnu/libbrotlienc.so target=libbrotlienc.so.1 type=relative
time=2025-11-13T18:36:36.248-03:00 level=INFO msg=security_symlink_validated symlink=usr/lib/aarch64-linux-gnu/libbz2.so target=/lib/aarch64-linux-gnu/libbz2.so.1.0 type=absolute
time=2025-11-13T18:36:36.250-03:00 level=INFO msg=security_symlink_validated symlink=usr/lib/aarch64-linux-gnu/libc_malloc_debug.so target=/lib/aarch64-linux-gnu/libc_malloc_debug.so.0 type=absolute
time=2025-11-13T18:36:36.250-03:00 level=INFO msg=security_symlink_validated symlink=usr/lib/aarch64-linux-gnu/libcairo-gobject.so target=libcairo-gobject.so.2.11600.0 type=relative
time=2025-11-13T18:36:36.250-03:00 level=INFO msg=security_symlink_validated symlink=usr/lib/aarch64-linux-gnu/libcairo-gobject.so.2 target=libcairo-gobject.so.2.11600.0 type=relative
time=2025-11-13T18:36:36.250-03:00 level=INFO msg=security_symlink_validated symlink=usr/lib/aarch64-linux-gnu/libcairo-script-interpreter.so target=libcairo-script-interpreter.so.2.11600.0 type=relative
time=2025-11-13T18:36:36.250-03:00 level=INFO msg=security_symlink_validated symlink=usr/lib/aarch64-linux-gnu/libcairo-script-interpreter.so.2 target=libcairo-script-interpreter.so.2.11600.0 type=relative
time=2025-11-13T18:36:36.251-03:00 level=INFO msg=security_symlink_validated symlink=usr/lib/aarch64-linux-gnu/libcairo.so target=libcairo.so.2.11600.0 type=relative
time=2025-11-13T18:36:36.251-03:00 level=INFO msg=security_symlink_validated symlink=usr/lib/aarch64-linux-gnu/libcairo.so.2 target=libcairo.so.2.11600.0 type=relative
time=2025-11-13T18:36:36.251-03:00 level=INFO msg=security_symlink_validated symlink=usr/lib/aarch64-linux-gnu/libcc1.so.0 target=libcc1.so.0.0.0 type=relative
time=2025-11-13T18:36:36.251-03:00 level=INFO msg=security_symlink_validated symlink=usr/lib/aarch64-linux-gnu/libcom_err.so target=/lib/aarch64-linux-gnu/libcom_err.so.2 type=absolute
time=2025-11-13T18:36:36.251-03:00 level=INFO msg=security_symlink_validated symlink=usr/lib/aarch64-linux-gnu/libcrypt.so target=/lib/aarch64-linux-gnu/libcrypt.so.1 type=absolute
time=2025-11-13T18:36:36.254-03:00 level=INFO msg=security_symlink_validated symlink=usr/lib/aarch64-linux-gnu/libcrypto.so target=libcrypto.so.3 type=relative
time=2025-11-13T18:36:36.254-03:00 level=INFO msg=security_symlink_validated symlink=usr/lib/aarch64-linux-gnu/libctf-nobfd.so.0 target=libctf-nobfd.so.0.0.0 type=relative
time=2025-11-13T18:36:36.254-03:00 level=INFO msg=security_symlink_validated symlink=usr/lib/aarch64-linux-gnu/libctf.so.0 target=libctf.so.0.0.0 type=relative
time=2025-11-13T18:36:36.254-03:00 level=INFO msg=security_symlink_validated symlink=usr/lib/aarch64-linux-gnu/libcurl.so target=libcurl.so.4.8.0 type=relative
time=2025-11-13T18:36:36.255-03:00 level=INFO msg=security_symlink_validated symlink=usr/lib/aarch64-linux-gnu/libcurses.a target=libncurses.a type=relative
time=2025-11-13T18:36:36.255-03:00 level=INFO msg=security_symlink_validated symlink=usr/lib/aarch64-linux-gnu/libcurses.so target=libncurses.so type=relative
time=2025-11-13T18:36:36.255-03:00 level=INFO msg=security_symlink_validated symlink=usr/lib/aarch64-linux-gnu/libdatrie.so.1 target=libdatrie.so.1.4.0 type=relative
time=2025-11-13T18:36:36.255-03:00 level=INFO msg=security_symlink_validated symlink=usr/lib/aarch64-linux-gnu/libdav1d.so.6 target=libdav1d.so.6.6.0 type=relative
time=2025-11-13T18:36:36.256-03:00 level=INFO msg=security_symlink_validated symlink=usr/lib/aarch64-linux-gnu/libdb.a target=libdb-5.3.a type=relative
time=2025-11-13T18:36:36.256-03:00 level=INFO msg=security_symlink_validated symlink=usr/lib/aarch64-linux-gnu/libdb.so target=libdb-5.3.so type=relative
time=2025-11-13T18:36:36.256-03:00 level=INFO msg=security_symlink_validated symlink=usr/lib/aarch64-linux-gnu/libde265.so.0 target=libde265.so.0.1.4 type=relative
time=2025-11-13T18:36:36.256-03:00 level=INFO msg=security_symlink_validated symlink=usr/lib/aarch64-linux-gnu/libdeflate.so target=libdeflate.so.0 type=relative
time=2025-11-13T18:36:36.257-03:00 level=INFO msg=security_symlink_validated symlink=usr/lib/aarch64-linux-gnu/libdjvulibre.so target=libdjvulibre.so.21.7.0 type=relative
time=2025-11-13T18:36:36.257-03:00 level=INFO msg=security_symlink_validated symlink=usr/lib/aarch64-linux-gnu/libdjvulibre.so.21 target=libdjvulibre.so.21.7.0 type=relative
time=2025-11-13T18:36:36.258-03:00 level=INFO msg=security_symlink_validated symlink=usr/lib/aarch64-linux-gnu/libelf.so.1 target=libelf-0.188.so type=relative
time=2025-11-13T18:36:36.258-03:00 level=INFO msg=security_symlink_validated symlink=usr/lib/aarch64-linux-gnu/libevent-2.1.so.7 target=libevent-2.1.so.7.0.1 type=relative
time=2025-11-13T18:36:36.258-03:00 level=INFO msg=security_symlink_validated symlink=usr/lib/aarch64-linux-gnu/libevent.so target=libevent-2.1.so.7.0.1 type=relative
time=2025-11-13T18:36:36.259-03:00 level=INFO msg=security_symlink_validated symlink=usr/lib/aarch64-linux-gnu/libevent_core-2.1.so.7 target=libevent_core-2.1.so.7.0.1 type=relative
time=2025-11-13T18:36:36.259-03:00 level=INFO msg=security_symlink_validated symlink=usr/lib/aarch64-linux-gnu/libevent_core.so target=libevent_core-2.1.so.7.0.1 type=relative
time=2025-11-13T18:36:36.259-03:00 level=INFO msg=security_symlink_validated symlink=usr/lib/aarch64-linux-gnu/libevent_extra-2.1.so.7 target=libevent_extra-2.1.so.7.0.1 type=relative
time=2025-11-13T18:36:36.259-03:00 level=INFO msg=security_symlink_validated symlink=usr/lib/aarch64-linux-gnu/libevent_extra.so target=libevent_extra-2.1.so.7.0.1 type=relative
time=2025-11-13T18:36:36.259-03:00 level=INFO msg=security_symlink_validated symlink=usr/lib/aarch64-linux-gnu/libevent_openssl-2.1.so.7 target=libevent_openssl-2.1.so.7.0.1 type=relative
time=2025-11-13T18:36:36.259-03:00 level=INFO msg=security_symlink_validated symlink=usr/lib/aarch64-linux-gnu/libevent_openssl.so target=libevent_openssl-2.1.so.7.0.1 type=relative
time=2025-11-13T18:36:36.259-03:00 level=INFO msg=security_symlink_validated symlink=usr/lib/aarch64-linux-gnu/libevent_pthreads-2.1.so.7 target=libevent_pthreads-2.1.so.7.0.1 type=relative
time=2025-11-13T18:36:36.259-03:00 level=INFO msg=security_symlink_validated symlink=usr/lib/aarch64-linux-gnu/libevent_pthreads.so target=libevent_pthreads-2.1.so.7.0.1 type=relative
time=2025-11-13T18:36:36.259-03:00 level=INFO msg=security_symlink_validated symlink=usr/lib/aarch64-linux-gnu/libexif.so target=libexif.so.12.3.4 type=relative
time=2025-11-13T18:36:36.259-03:00 level=INFO msg=security_symlink_validated symlink=usr/lib/aarch64-linux-gnu/libexif.so.12 target=libexif.so.12.3.4 type=relative
time=2025-11-13T18:36:36.260-03:00 level=INFO msg=security_symlink_validated symlink=usr/lib/aarch64-linux-gnu/libexpat.so target=/lib/aarch64-linux-gnu/libexpat.so.1.8.10 type=absolute
time=2025-11-13T18:36:36.260-03:00 level=INFO msg=security_symlink_validated symlink=usr/lib/aarch64-linux-gnu/libexpatw.so target=libexpatw.so.1.8.10 type=relative
time=2025-11-13T18:36:36.260-03:00 level=INFO msg=security_symlink_validated symlink=usr/lib/aarch64-linux-gnu/libexslt.so target=libexslt.so.0.8.20 type=relative
time=2025-11-13T18:36:36.260-03:00 level=INFO msg=security_symlink_validated symlink=usr/lib/aarch64-linux-gnu/libexslt.so.0 target=libexslt.so.0.8.20 type=relative
time=2025-11-13T18:36:36.260-03:00 level=INFO msg=security_symlink_validated symlink=usr/lib/aarch64-linux-gnu/libffi.so target=libffi.so.8.1.2 type=relative
time=2025-11-13T18:36:36.260-03:00 level=INFO msg=security_symlink_validated symlink=usr/lib/aarch64-linux-gnu/libfftw3.so.3 target=libfftw3.so.3.6.10 type=relative
time=2025-11-13T18:36:36.260-03:00 level=INFO msg=security_symlink_validated symlink=usr/lib/aarch64-linux-gnu/libfftw3_omp.so.3 target=libfftw3_omp.so.3.6.10 type=relative
time=2025-11-13T18:36:36.260-03:00 level=INFO msg=security_symlink_validated symlink=usr/lib/aarch64-linux-gnu/libfftw3_threads.so.3 target=libfftw3_threads.so.3.6.10 type=relative
time=2025-11-13T18:36:36.260-03:00 level=INFO msg=security_symlink_validated symlink=usr/lib/aarch64-linux-gnu/libfontconfig.so target=libfontconfig.so.1.12.0 type=relative
time=2025-11-13T18:36:36.260-03:00 level=INFO msg=security_symlink_validated symlink=usr/lib/aarch64-linux-gnu/libfontconfig.so.1 target=libfontconfig.so.1.12.0 type=relative
time=2025-11-13T18:36:36.261-03:00 level=INFO msg=security_symlink_validated symlink=usr/lib/aarch64-linux-gnu/libform.so target=libform.so.6 type=relative
time=2025-11-13T18:36:36.261-03:00 level=INFO msg=security_symlink_validated symlink=usr/lib/aarch64-linux-gnu/libform.so.6 target=libform.so.6.4 type=relative
time=2025-11-13T18:36:36.261-03:00 level=INFO msg=security_symlink_validated symlink=usr/lib/aarch64-linux-gnu/libformw.so target=libformw.so.6 type=relative
time=2025-11-13T18:36:36.261-03:00 level=INFO msg=security_symlink_validated symlink=usr/lib/aarch64-linux-gnu/libfreetype.so target=libfreetype.so.6.18.3 type=relative
time=2025-11-13T18:36:36.261-03:00 level=INFO msg=security_symlink_validated symlink=usr/lib/aarch64-linux-gnu/libfreetype.so.6 target=libfreetype.so.6.18.3 type=relative
time=2025-11-13T18:36:36.262-03:00 level=INFO msg=security_symlink_validated symlink=usr/lib/aarch64-linux-gnu/libfribidi.so.0 target=libfribidi.so.0.4.0 type=relative
time=2025-11-13T18:36:36.262-03:00 level=INFO msg=security_symlink_validated symlink=usr/lib/aarch64-linux-gnu/libgdbm.so target=libgdbm.so.6.0.0 type=relative
time=2025-11-13T18:36:36.262-03:00 level=INFO msg=security_symlink_validated symlink=usr/lib/aarch64-linux-gnu/libgdk_pixbuf-2.0.so target=libgdk_pixbuf-2.0.so.0 type=relative
time=2025-11-13T18:36:36.262-03:00 level=INFO msg=security_symlink_validated symlink=usr/lib/aarch64-linux-gnu/libgdk_pixbuf-2.0.so.0 target=libgdk_pixbuf-2.0.so.0.4200.10 type=relative
time=2025-11-13T18:36:36.264-03:00 level=INFO msg=security_symlink_validated symlink=usr/lib/aarch64-linux-gnu/libgio-2.0.so target=libgio-2.0.so.0 type=relative
time=2025-11-13T18:36:36.264-03:00 level=INFO msg=security_symlink_validated symlink=usr/lib/aarch64-linux-gnu/libgio-2.0.so.0 target=libgio-2.0.so.0.7400.6 type=relative
time=2025-11-13T18:36:36.264-03:00 level=INFO msg=security_symlink_validated symlink=usr/lib/aarch64-linux-gnu/libgirepository-1.0.so.1 target=libgirepository-1.0.so.1.0.0 type=relative
time=2025-11-13T18:36:36.265-03:00 level=INFO msg=security_symlink_validated symlink=usr/lib/aarch64-linux-gnu/libglib-2.0.so target=libglib-2.0.so.0 type=relative
time=2025-11-13T18:36:36.265-03:00 level=INFO msg=security_symlink_validated symlink=usr/lib/aarch64-linux-gnu/libglib-2.0.so.0 target=libglib-2.0.so.0.7400.6 type=relative
time=2025-11-13T18:36:36.265-03:00 level=INFO msg=security_symlink_validated symlink=usr/lib/aarch64-linux-gnu/libgmodule-2.0.so target=libgmodule-2.0.so.0 type=relative
time=2025-11-13T18:36:36.265-03:00 level=INFO msg=security_symlink_validated symlink=usr/lib/aarch64-linux-gnu/libgmodule-2.0.so.0 target=libgmodule-2.0.so.0.7400.6 type=relative
time=2025-11-13T18:36:36.266-03:00 level=INFO msg=security_symlink_validated symlink=usr/lib/aarch64-linux-gnu/libgmp.so target=libgmp.so.10.4.1 type=relative
time=2025-11-13T18:36:36.266-03:00 level=INFO msg=security_symlink_validated symlink=usr/lib/aarch64-linux-gnu/libgmpxx.so target=libgmpxx.so.4.6.1 type=relative
time=2025-11-13T18:36:36.266-03:00 level=INFO msg=security_symlink_validated symlink=usr/lib/aarch64-linux-gnu/libgmpxx.so.4 target=libgmpxx.so.4.6.1 type=relative
time=2025-11-13T18:36:36.266-03:00 level=INFO msg=security_symlink_validated symlink=usr/lib/aarch64-linux-gnu/libgobject-2.0.so target=libgobject-2.0.so.0 type=relative
time=2025-11-13T18:36:36.266-03:00 level=INFO msg=security_symlink_validated symlink=usr/lib/aarch64-linux-gnu/libgobject-2.0.so.0 target=libgobject-2.0.so.0.7400.6 type=relative
time=2025-11-13T18:36:36.266-03:00 level=INFO msg=security_symlink_validated symlink=usr/lib/aarch64-linux-gnu/libgomp.so.1 target=libgomp.so.1.0.0 type=relative
time=2025-11-13T18:36:36.266-03:00 level=INFO msg=security_symlink_validated symlink=usr/lib/aarch64-linux-gnu/libgprofng.so.0 target=libgprofng.so.0.0.0 type=relative
time=2025-11-13T18:36:36.267-03:00 level=INFO msg=security_symlink_validated symlink=usr/lib/aarch64-linux-gnu/libgraphite2.so.2.0.0 target=libgraphite2.so.3 type=relative
time=2025-11-13T18:36:36.267-03:00 level=INFO msg=security_symlink_validated symlink=usr/lib/aarch64-linux-gnu/libgraphite2.so.3 target=libgraphite2.so.3.2.1 type=relative
time=2025-11-13T18:36:36.267-03:00 level=INFO msg=security_symlink_validated symlink=usr/lib/aarch64-linux-gnu/libgssapi_krb5.so target=mit-krb5/libgssapi_krb5.so type=relative
time=2025-11-13T18:36:36.267-03:00 level=INFO msg=security_symlink_validated symlink=usr/lib/aarch64-linux-gnu/libgssrpc.so target=mit-krb5/libgssrpc.so type=relative
time=2025-11-13T18:36:36.267-03:00 level=INFO msg=security_symlink_validated symlink=usr/lib/aarch64-linux-gnu/libgssrpc.so.4 target=libgssrpc.so.4.2 type=relative
time=2025-11-13T18:36:36.267-03:00 level=INFO msg=security_symlink_validated symlink=usr/lib/aarch64-linux-gnu/libgthread-2.0.so target=libgthread-2.0.so.0 type=relative
time=2025-11-13T18:36:36.267-03:00 level=INFO msg=security_symlink_validated symlink=usr/lib/aarch64-linux-gnu/libgthread-2.0.so.0 target=libgthread-2.0.so.0.7400.6 type=relative
time=2025-11-13T18:36:36.268-03:00 level=INFO msg=security_symlink_validated symlink=usr/lib/aarch64-linux-gnu/libharfbuzz.so.0 target=libharfbuzz.so.0.60000.0 type=relative
time=2025-11-13T18:36:36.268-03:00 level=INFO msg=security_symlink_validated symlink=usr/lib/aarch64-linux-gnu/libheif.so.1 target=libheif.so.1.15.1 type=relative
time=2025-11-13T18:36:36.268-03:00 level=INFO msg=security_symlink_validated symlink=usr/lib/aarch64-linux-gnu/libhistory.so target=/lib/aarch64-linux-gnu/libhistory.so.8 type=absolute
time=2025-11-13T18:36:36.268-03:00 level=INFO msg=security_symlink_validated symlink=usr/lib/aarch64-linux-gnu/libhwasan.so.0 target=libhwasan.so.0.0.0 type=relative
time=2025-11-13T18:36:36.278-03:00 level=INFO msg=security_symlink_validated symlink=usr/lib/aarch64-linux-gnu/libicudata.so target=libicudata.so.72.1 type=relative
time=2025-11-13T18:36:36.278-03:00 level=INFO msg=security_symlink_validated symlink=usr/lib/aarch64-linux-gnu/libicudata.so.72 target=libicudata.so.72.1 type=relative
time=2025-11-13T18:36:36.289-03:00 level=INFO msg=security_symlink_validated symlink=usr/lib/aarch64-linux-gnu/libicui18n.so target=libicui18n.so.72.1 type=relative
time=2025-11-13T18:36:36.289-03:00 level=INFO msg=security_symlink_validated symlink=usr/lib/aarch64-linux-gnu/libicui18n.so.72 target=libicui18n.so.72.1 type=relative
time=2025-11-13T18:36:36.290-03:00 level=INFO msg=security_symlink_validated symlink=usr/lib/aarch64-linux-gnu/libicuio.so target=libicuio.so.72.1 type=relative
time=2025-11-13T18:36:36.290-03:00 level=INFO msg=security_symlink_validated symlink=usr/lib/aarch64-linux-gnu/libicuio.so.72 target=libicuio.so.72.1 type=relative
time=2025-11-13T18:36:36.290-03:00 level=INFO msg=security_symlink_validated symlink=usr/lib/aarch64-linux-gnu/libicutest.so target=libicutest.so.72.1 type=relative
time=2025-11-13T18:36:36.290-03:00 level=INFO msg=security_symlink_validated symlink=usr/lib/aarch64-linux-gnu/libicutest.so.72 target=libicutest.so.72.1 type=relative
time=2025-11-13T18:36:36.290-03:00 level=INFO msg=security_symlink_validated symlink=usr/lib/aarch64-linux-gnu/libicutu.so target=libicutu.so.72.1 type=relative
time=2025-11-13T18:36:36.291-03:00 level=INFO msg=security_symlink_validated symlink=usr/lib/aarch64-linux-gnu/libicutu.so.72 target=libicutu.so.72.1 type=relative
time=2025-11-13T18:36:36.292-03:00 level=INFO msg=security_symlink_validated symlink=usr/lib/aarch64-linux-gnu/libicuuc.so target=libicuuc.so.72.1 type=relative
time=2025-11-13T18:36:36.292-03:00 level=INFO msg=security_symlink_validated symlink=usr/lib/aarch64-linux-gnu/libicuuc.so.72 target=libicuuc.so.72.1 type=relative
time=2025-11-13T18:36:36.293-03:00 level=INFO msg=security_symlink_validated symlink=usr/lib/aarch64-linux-gnu/libisl.so.23 target=libisl.so.23.2.0 type=relative
time=2025-11-13T18:36:36.293-03:00 level=INFO msg=security_symlink_validated symlink=usr/lib/aarch64-linux-gnu/libitm.so.1 target=libitm.so.1.0.0 type=relative
time=2025-11-13T18:36:36.293-03:00 level=INFO msg=security_symlink_validated symlink=usr/lib/aarch64-linux-gnu/libjansson.so.4 target=libjansson.so.4.14.0 type=relative
time=2025-11-13T18:36:36.293-03:00 level=INFO msg=security_symlink_validated symlink=usr/lib/aarch64-linux-gnu/libjbig.so target=libjbig.so.0 type=relative
time=2025-11-13T18:36:36.294-03:00 level=INFO msg=security_symlink_validated symlink=usr/lib/aarch64-linux-gnu/libjpeg.so target=libjpeg.so.62 type=relative
time=2025-11-13T18:36:36.294-03:00 level=INFO msg=security_symlink_validated symlink=usr/lib/aarch64-linux-gnu/libjpeg.so.62 target=libjpeg.so.62.3.0 type=relative
time=2025-11-13T18:36:36.294-03:00 level=INFO msg=security_symlink_validated symlink=usr/lib/aarch64-linux-gnu/libk5crypto.so target=mit-krb5/libk5crypto.so type=relative
time=2025-11-13T18:36:36.294-03:00 level=INFO msg=security_symlink_validated symlink=usr/lib/aarch64-linux-gnu/libkadm5clnt.so target=mit-krb5/libkadm5clnt.so type=relative
time=2025-11-13T18:36:36.294-03:00 level=INFO msg=security_symlink_validated symlink=usr/lib/aarch64-linux-gnu/libkadm5clnt_mit.so target=mit-krb5/libkadm5clnt_mit.so type=relative
time=2025-11-13T18:36:36.294-03:00 level=INFO msg=security_symlink_validated symlink=usr/lib/aarch64-linux-gnu/libkadm5clnt_mit.so.12 target=libkadm5clnt_mit.so.12.0 type=relative
time=2025-11-13T18:36:36.294-03:00 level=INFO msg=security_symlink_validated symlink=usr/lib/aarch64-linux-gnu/libkadm5srv.so target=mit-krb5/libkadm5srv.so type=relative
time=2025-11-13T18:36:36.294-03:00 level=INFO msg=security_symlink_validated symlink=usr/lib/aarch64-linux-gnu/libkadm5srv_mit.so target=mit-krb5/libkadm5srv_mit.so type=relative
time=2025-11-13T18:36:36.294-03:00 level=INFO msg=security_symlink_validated symlink=usr/lib/aarch64-linux-gnu/libkadm5srv_mit.so.12 target=libkadm5srv_mit.so.12.0 type=relative
time=2025-11-13T18:36:36.294-03:00 level=INFO msg=security_symlink_validated symlink=usr/lib/aarch64-linux-gnu/libkdb5.so target=mit-krb5/libkdb5.so type=relative
time=2025-11-13T18:36:36.294-03:00 level=INFO msg=security_symlink_validated symlink=usr/lib/aarch64-linux-gnu/libkdb5.so.10 target=libkdb5.so.10.0 type=relative
time=2025-11-13T18:36:36.294-03:00 level=INFO msg=security_symlink_validated symlink=usr/lib/aarch64-linux-gnu/libkrb5.so target=mit-krb5/libkrb5.so type=relative
time=2025-11-13T18:36:36.294-03:00 level=INFO msg=security_symlink_validated symlink=usr/lib/aarch64-linux-gnu/libkrb5support.so target=mit-krb5/libkrb5support.so type=relative
time=2025-11-13T18:36:36.294-03:00 level=INFO msg=security_symlink_validated symlink=usr/lib/aarch64-linux-gnu/liblcms2.so target=liblcms2.so.2.0.14 type=relative
time=2025-11-13T18:36:36.294-03:00 level=INFO msg=security_symlink_validated symlink=usr/lib/aarch64-linux-gnu/liblcms2.so.2 target=liblcms2.so.2.0.14 type=relative
time=2025-11-13T18:36:36.294-03:00 level=INFO msg=security_symlink_validated symlink=usr/lib/aarch64-linux-gnu/liblqr-1.so target=liblqr-1.so.0.3.2 type=relative
time=2025-11-13T18:36:36.294-03:00 level=INFO msg=security_symlink_validated symlink=usr/lib/aarch64-linux-gnu/liblqr-1.so.0 target=liblqr-1.so.0.3.2 type=relative
time=2025-11-13T18:36:36.294-03:00 level=INFO msg=security_symlink_validated symlink=usr/lib/aarch64-linux-gnu/liblsan.so.0 target=liblsan.so.0.0.0 type=relative
time=2025-11-13T18:36:36.295-03:00 level=INFO msg=security_symlink_validated symlink=usr/lib/aarch64-linux-gnu/libltdl.so target=libltdl.so.7.3.2 type=relative
time=2025-11-13T18:36:36.295-03:00 level=INFO msg=security_symlink_validated symlink=usr/lib/aarch64-linux-gnu/libltdl.so.7 target=libltdl.so.7.3.2 type=relative
time=2025-11-13T18:36:36.295-03:00 level=INFO msg=security_symlink_validated symlink=usr/lib/aarch64-linux-gnu/liblzma.so target=/lib/aarch64-linux-gnu/liblzma.so.5.4.1 type=absolute
time=2025-11-13T18:36:36.295-03:00 level=INFO msg=security_symlink_validated symlink=usr/lib/aarch64-linux-gnu/liblzo2.so.2 target=liblzo2.so.2.0.0 type=relative
time=2025-11-13T18:36:36.296-03:00 level=INFO msg=security_symlink_validated symlink=usr/lib/aarch64-linux-gnu/libm.so target=/lib/aarch64-linux-gnu/libm.so.6 type=absolute
time=2025-11-13T18:36:36.296-03:00 level=INFO msg=security_symlink_validated symlink=usr/lib/aarch64-linux-gnu/libmagic.so.1 target=libmagic.so.1.0.0 type=relative
time=2025-11-13T18:36:36.296-03:00 level=INFO msg=security_symlink_validated symlink=usr/lib/aarch64-linux-gnu/libmariadb.so target=libmariadb.so.3 type=relative
time=2025-11-13T18:36:36.296-03:00 level=INFO msg=security_symlink_validated symlink=usr/lib/aarch64-linux-gnu/libmariadbclient.a target=libmariadb.a type=relative
time=2025-11-13T18:36:36.297-03:00 level=INFO msg=security_symlink_validated symlink=usr/lib/aarch64-linux-gnu/libmariadbclient.so target=libmariadb.so.3 type=relative
time=2025-11-13T18:36:36.297-03:00 level=INFO msg=security_symlink_validated symlink=usr/lib/aarch64-linux-gnu/libmaxminddb.so target=libmaxminddb.so.0.0.7 type=relative
time=2025-11-13T18:36:36.297-03:00 level=INFO msg=security_symlink_validated symlink=usr/lib/aarch64-linux-gnu/libmaxminddb.so.0 target=libmaxminddb.so.0.0.7 type=relative
time=2025-11-13T18:36:36.297-03:00 level=INFO msg=security_symlink_validated symlink=usr/lib/aarch64-linux-gnu/libmenu.so target=libmenu.so.6 type=relative
time=2025-11-13T18:36:36.297-03:00 level=INFO msg=security_symlink_validated symlink=usr/lib/aarch64-linux-gnu/libmenu.so.6 target=libmenu.so.6.4 type=relative
time=2025-11-13T18:36:36.297-03:00 level=INFO msg=security_symlink_validated symlink=usr/lib/aarch64-linux-gnu/libmenuw.so target=libmenuw.so.6 type=relative
time=2025-11-13T18:36:36.297-03:00 level=INFO msg=security_symlink_validated symlink=usr/lib/aarch64-linux-gnu/libmount.so target=libmount.so.1.1.0 type=relative
time=2025-11-13T18:36:36.297-03:00 level=INFO msg=security_symlink_validated symlink=usr/lib/aarch64-linux-gnu/libmpc.so.3 target=libmpc.so.3.3.1 type=relative
time=2025-11-13T18:36:36.297-03:00 level=INFO msg=security_symlink_validated symlink=usr/lib/aarch64-linux-gnu/libmpfr.so.6 target=libmpfr.so.6.2.0 type=relative
time=2025-11-13T18:36:36.297-03:00 level=INFO msg=security_symlink_validated symlink=usr/lib/aarch64-linux-gnu/libmysqlclient.a target=libmariadb.a type=relative
time=2025-11-13T18:36:36.297-03:00 level=INFO msg=security_symlink_validated symlink=usr/lib/aarch64-linux-gnu/libmysqlclient.so target=libmariadb.so.3 type=relative
time=2025-11-13T18:36:36.297-03:00 level=INFO msg=security_symlink_validated symlink=usr/lib/aarch64-linux-gnu/libmysqlclient_r.a target=libmariadb.a type=relative
time=2025-11-13T18:36:36.297-03:00 level=INFO msg=security_symlink_validated symlink=usr/lib/aarch64-linux-gnu/libmysqlclient_r.so target=libmariadb.so.3 type=relative
time=2025-11-13T18:36:36.297-03:00 level=INFO msg=security_symlink_validated symlink=usr/lib/aarch64-linux-gnu/libncurses.so.6 target=libncurses.so.6.4 type=relative
time=2025-11-13T18:36:36.298-03:00 level=INFO msg=security_symlink_validated symlink=usr/lib/aarch64-linux-gnu/libnsl.so target=libnsl.so.2.0.1 type=relative
time=2025-11-13T18:36:36.298-03:00 level=INFO msg=security_symlink_validated symlink=usr/lib/aarch64-linux-gnu/libnss_compat.so target=/lib/aarch64-linux-gnu/libnss_compat.so.2 type=absolute
time=2025-11-13T18:36:36.298-03:00 level=INFO msg=security_symlink_validated symlink=usr/lib/aarch64-linux-gnu/libnss_hesiod.so target=/lib/aarch64-linux-gnu/libnss_hesiod.so.2 type=absolute
time=2025-11-13T18:36:36.298-03:00 level=INFO msg=security_symlink_validated symlink=usr/lib/aarch64-linux-gnu/libnuma.so.1 target=libnuma.so.1.0.0 type=relative
time=2025-11-13T18:36:36.298-03:00 level=INFO msg=security_symlink_validated symlink=usr/lib/aarch64-linux-gnu/libopenjp2.so target=libopenjp2.so.7 type=relative
time=2025-11-13T18:36:36.298-03:00 level=INFO msg=security_symlink_validated symlink=usr/lib/aarch64-linux-gnu/libopenjp2.so.7 target=libopenjp2.so.2.5.0 type=relative
time=2025-11-13T18:36:36.299-03:00 level=INFO msg=security_symlink_validated symlink=usr/lib/aarch64-linux-gnu/libpanel.so target=libpanel.so.6 type=relative
time=2025-11-13T18:36:36.299-03:00 level=INFO msg=security_symlink_validated symlink=usr/lib/aarch64-linux-gnu/libpanel.so.6 target=libpanel.so.6.4 type=relative
time=2025-11-13T18:36:36.299-03:00 level=INFO msg=security_symlink_validated symlink=usr/lib/aarch64-linux-gnu/libpanelw.so target=libpanelw.so.6 type=relative
time=2025-11-13T18:36:36.299-03:00 level=INFO msg=security_symlink_validated symlink=usr/lib/aarch64-linux-gnu/libpango-1.0.so.0 target=libpango-1.0.so.0.5000.12 type=relative
time=2025-11-13T18:36:36.299-03:00 level=INFO msg=security_symlink_validated symlink=usr/lib/aarch64-linux-gnu/libpangocairo-1.0.so.0 target=libpangocairo-1.0.so.0.5000.12 type=relative
time=2025-11-13T18:36:36.299-03:00 level=INFO msg=security_symlink_validated symlink=usr/lib/aarch64-linux-gnu/libpangoft2-1.0.so.0 target=libpangoft2-1.0.so.0.5000.12 type=relative
time=2025-11-13T18:36:36.299-03:00 level=INFO msg=security_symlink_validated symlink=usr/lib/aarch64-linux-gnu/libpcre2-16.so target=libpcre2-16.so.0.11.2 type=relative
time=2025-11-13T18:36:36.299-03:00 level=INFO msg=security_symlink_validated symlink=usr/lib/aarch64-linux-gnu/libpcre2-16.so.0 target=libpcre2-16.so.0.11.2 type=relative
time=2025-11-13T18:36:36.300-03:00 level=INFO msg=security_symlink_validated symlink=usr/lib/aarch64-linux-gnu/libpcre2-32.so target=libpcre2-32.so.0.11.2 type=relative
time=2025-11-13T18:36:36.300-03:00 level=INFO msg=security_symlink_validated symlink=usr/lib/aarch64-linux-gnu/libpcre2-32.so.0 target=libpcre2-32.so.0.11.2 type=relative
time=2025-11-13T18:36:36.300-03:00 level=INFO msg=security_symlink_validated symlink=usr/lib/aarch64-linux-gnu/libpcre2-8.so target=libpcre2-8.so.0.11.2 type=relative
time=2025-11-13T18:36:36.300-03:00 level=INFO msg=security_symlink_validated symlink=usr/lib/aarch64-linux-gnu/libpcre2-posix.so target=libpcre2-posix.so.3.0.4 type=relative
time=2025-11-13T18:36:36.300-03:00 level=INFO msg=security_symlink_validated symlink=usr/lib/aarch64-linux-gnu/libpcre2-posix.so.3 target=libpcre2-posix.so.3.0.4 type=relative
time=2025-11-13T18:36:36.300-03:00 level=INFO msg=security_symlink_validated symlink=usr/lib/aarch64-linux-gnu/libpixman-1.so target=libpixman-1.so.0.42.2 type=relative
time=2025-11-13T18:36:36.300-03:00 level=INFO msg=security_symlink_validated symlink=usr/lib/aarch64-linux-gnu/libpixman-1.so.0 target=libpixman-1.so.0.42.2 type=relative
time=2025-11-13T18:36:36.301-03:00 level=INFO msg=security_symlink_validated symlink=usr/lib/aarch64-linux-gnu/libpkgconf.so.3 target=libpkgconf.so.3.0.0 type=relative
time=2025-11-13T18:36:36.301-03:00 level=INFO msg=security_symlink_validated symlink=usr/lib/aarch64-linux-gnu/libpng.a target=libpng16.a type=relative
time=2025-11-13T18:36:36.301-03:00 level=INFO msg=security_symlink_validated symlink=usr/lib/aarch64-linux-gnu/libpng.so target=libpng16.so type=relative
time=2025-11-13T18:36:36.301-03:00 level=INFO msg=security_symlink_validated symlink=usr/lib/aarch64-linux-gnu/libpng16.so target=libpng16.so.16.39.0 type=relative
time=2025-11-13T18:36:36.301-03:00 level=INFO msg=security_symlink_validated symlink=usr/lib/aarch64-linux-gnu/libpng16.so.16 target=libpng16.so.16.39.0 type=relative
time=2025-11-13T18:36:36.301-03:00 level=INFO msg=security_symlink_validated symlink=usr/lib/aarch64-linux-gnu/libpq.so target=libpq.so.5.15 type=relative
time=2025-11-13T18:36:36.301-03:00 level=INFO msg=security_symlink_validated symlink=usr/lib/aarch64-linux-gnu/libpq.so.5 target=libpq.so.5.15 type=relative
time=2025-11-13T18:36:36.302-03:00 level=INFO msg=security_symlink_validated symlink=usr/lib/aarch64-linux-gnu/libreadline.so target=/lib/aarch64-linux-gnu/libreadline.so.8 type=absolute
time=2025-11-13T18:36:36.302-03:00 level=INFO msg=security_symlink_validated symlink=usr/lib/aarch64-linux-gnu/libresolv.so target=/lib/aarch64-linux-gnu/libresolv.so.2 type=absolute
time=2025-11-13T18:36:36.302-03:00 level=INFO msg=security_symlink_validated symlink=usr/lib/aarch64-linux-gnu/librsvg-2.so target=librsvg-2.so.2.48.0 type=relative
time=2025-11-13T18:36:36.302-03:00 level=INFO msg=security_symlink_validated symlink=usr/lib/aarch64-linux-gnu/librsvg-2.so.2 target=librsvg-2.so.2.48.0 type=relative
time=2025-11-13T18:36:36.304-03:00 level=INFO msg=security_symlink_validated symlink=usr/lib/aarch64-linux-gnu/libselinux.so target=/lib/aarch64-linux-gnu/libselinux.so.1 type=absolute
time=2025-11-13T18:36:36.305-03:00 level=INFO msg=security_symlink_validated symlink=usr/lib/aarch64-linux-gnu/libsepol.so target=/lib/aarch64-linux-gnu/libsepol.so.2 type=absolute
time=2025-11-13T18:36:36.305-03:00 level=INFO msg=security_symlink_validated symlink=usr/lib/aarch64-linux-gnu/libsframe.so.0 target=libsframe.so.0.0.0 type=relative
time=2025-11-13T18:36:36.305-03:00 level=INFO msg=security_symlink_validated symlink=usr/lib/aarch64-linux-gnu/libsqlite3.so target=libsqlite3.so.0.8.6 type=relative
time=2025-11-13T18:36:36.306-03:00 level=INFO msg=security_symlink_validated symlink=usr/lib/aarch64-linux-gnu/libssl.so target=libssl.so.3 type=relative
time=2025-11-13T18:36:36.306-03:00 level=INFO msg=security_symlink_validated symlink=usr/lib/aarch64-linux-gnu/libtermcap.a target=libtinfo.a type=relative
time=2025-11-13T18:36:36.306-03:00 level=INFO msg=security_symlink_validated symlink=usr/lib/aarch64-linux-gnu/libthai.so.0 target=libthai.so.0.3.1 type=relative
time=2025-11-13T18:36:36.306-03:00 level=INFO msg=security_symlink_validated symlink=usr/lib/aarch64-linux-gnu/libthread_db.so target=/lib/aarch64-linux-gnu/libthread_db.so.1 type=absolute
time=2025-11-13T18:36:36.306-03:00 level=INFO msg=security_symlink_validated symlink=usr/lib/aarch64-linux-gnu/libtic.so target=libtic.so.6 type=relative
time=2025-11-13T18:36:36.306-03:00 level=INFO msg=security_symlink_validated symlink=usr/lib/aarch64-linux-gnu/libtiff.so target=libtiff.so.6.0.0 type=relative
time=2025-11-13T18:36:36.306-03:00 level=INFO msg=security_symlink_validated symlink=usr/lib/aarch64-linux-gnu/libtiff.so.6 target=libtiff.so.6.0.0 type=relative
time=2025-11-13T18:36:36.307-03:00 level=INFO msg=security_symlink_validated symlink=usr/lib/aarch64-linux-gnu/libtiffxx.so target=libtiffxx.so.6.0.0 type=relative
time=2025-11-13T18:36:36.307-03:00 level=INFO msg=security_symlink_validated symlink=usr/lib/aarch64-linux-gnu/libtiffxx.so.6 target=libtiffxx.so.6.0.0 type=relative
time=2025-11-13T18:36:36.307-03:00 level=INFO msg=security_symlink_validated symlink=usr/lib/aarch64-linux-gnu/libtinfo.so target=/lib/aarch64-linux-gnu/libtinfo.so.6 type=absolute
time=2025-11-13T18:36:36.307-03:00 level=INFO msg=security_symlink_validated symlink=usr/lib/aarch64-linux-gnu/libtirpc.so target=/lib/aarch64-linux-gnu/libtirpc.so.3.0.0 type=absolute
time=2025-11-13T18:36:36.307-03:00 level=INFO msg=security_symlink_validated symlink=usr/lib/aarch64-linux-gnu/libtsan.so.2 target=libtsan.so.2.0.0 type=relative
time=2025-11-13T18:36:36.309-03:00 level=INFO msg=security_symlink_validated symlink=usr/lib/aarch64-linux-gnu/libubsan.so.1 target=libubsan.so.1.0.0 type=relative
time=2025-11-13T18:36:36.310-03:00 level=INFO msg=security_symlink_validated symlink=usr/lib/aarch64-linux-gnu/libuuid.so target=libuuid.so.1.3.0 type=relative
time=2025-11-13T18:36:36.310-03:00 level=INFO msg=security_symlink_validated symlink=usr/lib/aarch64-linux-gnu/libwebp.so target=libwebp.so.7.1.5 type=relative
time=2025-11-13T18:36:36.310-03:00 level=INFO msg=security_symlink_validated symlink=usr/lib/aarch64-linux-gnu/libwebp.so.7 target=libwebp.so.7.1.5 type=relative
time=2025-11-13T18:36:36.310-03:00 level=INFO msg=security_symlink_validated symlink=usr/lib/aarch64-linux-gnu/libwebpdemux.so target=libwebpdemux.so.2.0.11 type=relative
time=2025-11-13T18:36:36.310-03:00 level=INFO msg=security_symlink_validated symlink=usr/lib/aarch64-linux-gnu/libwebpdemux.so.2 target=libwebpdemux.so.2.0.11 type=relative
time=2025-11-13T18:36:36.310-03:00 level=INFO msg=security_symlink_validated symlink=usr/lib/aarch64-linux-gnu/libwebpmux.so target=libwebpmux.so.3.0.10 type=relative
time=2025-11-13T18:36:36.310-03:00 level=INFO msg=security_symlink_validated symlink=usr/lib/aarch64-linux-gnu/libwebpmux.so.3 target=libwebpmux.so.3.0.10 type=relative
time=2025-11-13T18:36:36.310-03:00 level=INFO msg=security_symlink_validated symlink=usr/lib/aarch64-linux-gnu/libwmf-0.2.so target=libwmf-0.2.so.7 type=relative
time=2025-11-13T18:36:36.310-03:00 level=INFO msg=security_symlink_validated symlink=usr/lib/aarch64-linux-gnu/libwmf-0.2.so.7 target=libwmf-0.2.so.7.1.4 type=relative
time=2025-11-13T18:36:36.311-03:00 level=INFO msg=security_symlink_validated symlink=usr/lib/aarch64-linux-gnu/libwmf.so target=libwmf-0.2.so.7.1.4 type=relative
time=2025-11-13T18:36:36.311-03:00 level=INFO msg=security_symlink_validated symlink=usr/lib/aarch64-linux-gnu/libwmflite-0.2.so target=libwmflite-0.2.so.7 type=relative
time=2025-11-13T18:36:36.311-03:00 level=INFO msg=security_symlink_validated symlink=usr/lib/aarch64-linux-gnu/libwmflite-0.2.so.7 target=libwmflite-0.2.so.7.0.5 type=relative
time=2025-11-13T18:36:36.311-03:00 level=INFO msg=security_symlink_validated symlink=usr/lib/aarch64-linux-gnu/libwmflite.so target=libwmflite-0.2.so.7.0.5 type=relative
time=2025-11-13T18:36:36.312-03:00 level=INFO msg=security_symlink_validated symlink=usr/lib/aarch64-linux-gnu/libxcb-render.so target=libxcb-render.so.0.0.0 type=relative
time=2025-11-13T18:36:36.312-03:00 level=INFO msg=security_symlink_validated symlink=usr/lib/aarch64-linux-gnu/libxcb-render.so.0 target=libxcb-render.so.0.0.0 type=relative
time=2025-11-13T18:36:36.312-03:00 level=INFO msg=security_symlink_validated symlink=usr/lib/aarch64-linux-gnu/libxcb-shm.so target=libxcb-shm.so.0.0.0 type=relative
time=2025-11-13T18:36:36.312-03:00 level=INFO msg=security_symlink_validated symlink=usr/lib/aarch64-linux-gnu/libxcb-shm.so.0 target=libxcb-shm.so.0.0.0 type=relative
time=2025-11-13T18:36:36.312-03:00 level=INFO msg=security_symlink_validated symlink=usr/lib/aarch64-linux-gnu/libxcb.so target=libxcb.so.1.1.0 type=relative
time=2025-11-13T18:36:36.312-03:00 level=INFO msg=security_symlink_validated symlink=usr/lib/aarch64-linux-gnu/libxcb.so.1 target=libxcb.so.1.1.0 type=relative
time=2025-11-13T18:36:36.313-03:00 level=INFO msg=security_symlink_validated symlink=usr/lib/aarch64-linux-gnu/libxml2.so target=libxml2.so.2.9.14 type=relative
time=2025-11-13T18:36:36.313-03:00 level=INFO msg=security_symlink_validated symlink=usr/lib/aarch64-linux-gnu/libxml2.so.2 target=libxml2.so.2.9.14 type=relative
time=2025-11-13T18:36:36.314-03:00 level=INFO msg=security_symlink_validated symlink=usr/lib/aarch64-linux-gnu/libxslt.so target=libxslt.so.1.1.35 type=relative
time=2025-11-13T18:36:36.314-03:00 level=INFO msg=security_symlink_validated symlink=usr/lib/aarch64-linux-gnu/libxslt.so.1 target=libxslt.so.1.1.35 type=relative
time=2025-11-13T18:36:36.314-03:00 level=INFO msg=security_symlink_validated symlink=usr/lib/aarch64-linux-gnu/libyaml-0.so.2 target=libyaml-0.so.2.0.9 type=relative
time=2025-11-13T18:36:36.314-03:00 level=INFO msg=security_symlink_validated symlink=usr/lib/aarch64-linux-gnu/libyaml.so target=libyaml-0.so.2.0.9 type=relative
time=2025-11-13T18:36:36.314-03:00 level=INFO msg=security_symlink_validated symlink=usr/lib/aarch64-linux-gnu/libz.so target=/lib/aarch64-linux-gnu/libz.so.1.2.13 type=absolute
time=2025-11-13T18:36:36.314-03:00 level=INFO msg=security_symlink_validated symlink=usr/lib/aarch64-linux-gnu/libzstd.so target=libzstd.so.1.5.4 type=relative
time=2025-11-13T18:36:36.314-03:00 level=INFO msg=security_symlink_validated symlink=usr/lib/aarch64-linux-gnu/mit-krb5/libgssapi_krb5.so target=../libgssapi_krb5.so.2.2 type=relative
time=2025-11-13T18:36:36.314-03:00 level=INFO msg=security_symlink_validated symlink=usr/lib/aarch64-linux-gnu/mit-krb5/libgssrpc.so target=../libgssrpc.so.4.2 type=relative
time=2025-11-13T18:36:36.314-03:00 level=INFO msg=security_symlink_validated symlink=usr/lib/aarch64-linux-gnu/mit-krb5/libk5crypto.so target=../libk5crypto.so.3.1 type=relative
time=2025-11-13T18:36:36.314-03:00 level=INFO msg=security_symlink_validated symlink=usr/lib/aarch64-linux-gnu/mit-krb5/libkadm5clnt.so target=libkadm5clnt_mit.so type=relative
time=2025-11-13T18:36:36.314-03:00 level=INFO msg=security_symlink_validated symlink=usr/lib/aarch64-linux-gnu/mit-krb5/libkadm5clnt_mit.so target=../libkadm5clnt_mit.so.12.0 type=relative
time=2025-11-13T18:36:36.314-03:00 level=INFO msg=security_symlink_validated symlink=usr/lib/aarch64-linux-gnu/mit-krb5/libkadm5srv.so target=libkadm5srv_mit.so type=relative
time=2025-11-13T18:36:36.314-03:00 level=INFO msg=security_symlink_validated symlink=usr/lib/aarch64-linux-gnu/mit-krb5/libkadm5srv_mit.so target=../libkadm5srv_mit.so.12.0 type=relative
time=2025-11-13T18:36:36.314-03:00 level=INFO msg=security_symlink_validated symlink=usr/lib/aarch64-linux-gnu/mit-krb5/libkdb5.so target=../libkdb5.so.10.0 type=relative
time=2025-11-13T18:36:36.314-03:00 level=INFO msg=security_symlink_validated symlink=usr/lib/aarch64-linux-gnu/mit-krb5/libkrb5.so target=../libkrb5.so.3.3 type=relative
time=2025-11-13T18:36:36.315-03:00 level=INFO msg=security_symlink_validated symlink=usr/lib/aarch64-linux-gnu/mit-krb5/libkrb5support.so target=../libkrb5support.so.0.1 type=relative
time=2025-11-13T18:36:36.315-03:00 level=INFO msg=security_symlink_validated symlink=usr/lib/aarch64-linux-gnu/openjpeg-2.1 target=openjpeg-2.5 type=relative
time=2025-11-13T18:36:36.315-03:00 level=INFO msg=security_symlink_validated symlink=usr/lib/aarch64-linux-gnu/pkgconfig/ImageMagick-6.Q16.pc target=ImageMagick-im6.q16.pc type=relative
time=2025-11-13T18:36:36.315-03:00 level=INFO msg=security_symlink_validated symlink=usr/lib/aarch64-linux-gnu/pkgconfig/ImageMagick-im6.pc target=ImageMagick-im6.q16.pc type=relative
time=2025-11-13T18:36:36.315-03:00 level=INFO msg=security_symlink_validated symlink=usr/lib/aarch64-linux-gnu/pkgconfig/ImageMagick.pc target=ImageMagick-im6.q16.pc type=relative
time=2025-11-13T18:36:36.315-03:00 level=INFO msg=security_symlink_validated symlink=usr/lib/aarch64-linux-gnu/pkgconfig/MagickCore-6.Q16.pc target=ImageMagick-im6.q16.pc type=relative
time=2025-11-13T18:36:36.315-03:00 level=INFO msg=security_symlink_validated symlink=usr/lib/aarch64-linux-gnu/pkgconfig/MagickCore-im6.pc target=ImageMagick-im6.q16.pc type=relative
time=2025-11-13T18:36:36.315-03:00 level=INFO msg=security_symlink_validated symlink=usr/lib/aarch64-linux-gnu/pkgconfig/MagickCore.pc target=ImageMagick-im6.q16.pc type=relative
time=2025-11-13T18:36:36.315-03:00 level=INFO msg=security_symlink_validated symlink=usr/lib/aarch64-linux-gnu/pkgconfig/MagickWand-6.Q16.pc target=MagickWand-im6.q16.pc type=relative
time=2025-11-13T18:36:36.315-03:00 level=INFO msg=security_symlink_validated symlink=usr/lib/aarch64-linux-gnu/pkgconfig/MagickWand-im6.pc target=MagickWand-im6.q16.pc type=relative
time=2025-11-13T18:36:36.315-03:00 level=INFO msg=security_symlink_validated symlink=usr/lib/aarch64-linux-gnu/pkgconfig/MagickWand.pc target=MagickWand-im6.q16.pc type=relative
time=2025-11-13T18:36:36.315-03:00 level=INFO msg=security_symlink_validated symlink=usr/lib/aarch64-linux-gnu/pkgconfig/Wand-6.Q16.pc target=MagickWand-im6.q16.pc type=relative
time=2025-11-13T18:36:36.315-03:00 level=INFO msg=security_symlink_validated symlink=usr/lib/aarch64-linux-gnu/pkgconfig/Wand-im6.pc target=MagickWand-im6.q16.pc type=relative
time=2025-11-13T18:36:36.315-03:00 level=INFO msg=security_symlink_validated symlink=usr/lib/aarch64-linux-gnu/pkgconfig/Wand.pc target=MagickWand-im6.q16.pc type=relative
time=2025-11-13T18:36:36.316-03:00 level=INFO msg=security_symlink_validated symlink=usr/lib/aarch64-linux-gnu/pkgconfig/gssrpc.pc target=mit-krb5/gssrpc.pc type=relative
time=2025-11-13T18:36:36.316-03:00 level=INFO msg=security_symlink_validated symlink=usr/lib/aarch64-linux-gnu/pkgconfig/kadm-client.pc target=mit-krb5/kadm-client.pc type=relative
time=2025-11-13T18:36:36.316-03:00 level=INFO msg=security_symlink_validated symlink=usr/lib/aarch64-linux-gnu/pkgconfig/kadm-server.pc target=mit-krb5/kadm-server.pc type=relative
time=2025-11-13T18:36:36.316-03:00 level=INFO msg=security_symlink_validated symlink=usr/lib/aarch64-linux-gnu/pkgconfig/kdb.pc target=mit-krb5/kdb.pc type=relative
time=2025-11-13T18:36:36.316-03:00 level=INFO msg=security_symlink_validated symlink=usr/lib/aarch64-linux-gnu/pkgconfig/krb5-gssapi.pc target=mit-krb5/krb5-gssapi.pc type=relative
time=2025-11-13T18:36:36.316-03:00 level=INFO msg=security_symlink_validated symlink=usr/lib/aarch64-linux-gnu/pkgconfig/krb5.pc target=mit-krb5/krb5.pc type=relative
time=2025-11-13T18:36:36.316-03:00 level=INFO msg=security_symlink_validated symlink=usr/lib/aarch64-linux-gnu/pkgconfig/libcrypt.pc target=libxcrypt.pc type=relative
time=2025-11-13T18:36:36.317-03:00 level=INFO msg=security_symlink_validated symlink=usr/lib/aarch64-linux-gnu/pkgconfig/libpng.pc target=libpng16.pc type=relative
time=2025-11-13T18:36:36.317-03:00 level=INFO msg=security_symlink_validated symlink=usr/lib/aarch64-linux-gnu/pkgconfig/mariadb.pc target=libmariadb.pc type=relative
time=2025-11-13T18:36:36.317-03:00 level=INFO msg=security_symlink_validated symlink=usr/lib/aarch64-linux-gnu/pkgconfig/mysqlclient.pc target=libmariadb.pc type=relative
time=2025-11-13T18:36:36.318-03:00 level=INFO msg=security_symlink_validated symlink=usr/lib/bfd-plugins/liblto_plugin.so target=../gcc/aarch64-linux-gnu/12/liblto_plugin.so type=relative
time=2025-11-13T18:36:36.318-03:00 level=INFO msg=security_symlink_validated symlink=usr/lib/compat-ld/ld target=../../bin/ld.bfd type=relative
time=2025-11-13T18:36:36.318-03:00 level=INFO msg=security_symlink_validated symlink=usr/lib/cpp target=/etc/alternatives/cpp type=absolute
time=2025-11-13T18:36:36.336-03:00 level=INFO msg=security_symlink_validated symlink=usr/lib/gcc/aarch64-linux-gnu/12/libasan.so target=../../../aarch64-linux-gnu/libasan.so.8 type=relative
time=2025-11-13T18:36:36.336-03:00 level=INFO msg=security_symlink_validated symlink=usr/lib/gcc/aarch64-linux-gnu/12/libatomic.so target=../../../aarch64-linux-gnu/libatomic.so.1 type=relative
time=2025-11-13T18:36:36.336-03:00 level=INFO msg=security_symlink_validated symlink=usr/lib/gcc/aarch64-linux-gnu/12/libcc1.so target=../../../aarch64-linux-gnu/libcc1.so.0 type=relative
time=2025-11-13T18:36:36.337-03:00 level=INFO msg=security_symlink_validated symlink=usr/lib/gcc/aarch64-linux-gnu/12/libgomp.so target=../../../aarch64-linux-gnu/libgomp.so.1 type=relative
time=2025-11-13T18:36:36.337-03:00 level=INFO msg=security_symlink_validated symlink=usr/lib/gcc/aarch64-linux-gnu/12/libhwasan.so target=../../../aarch64-linux-gnu/libhwasan.so.0 type=relative
time=2025-11-13T18:36:36.337-03:00 level=INFO msg=security_symlink_validated symlink=usr/lib/gcc/aarch64-linux-gnu/12/libitm.so target=../../../aarch64-linux-gnu/libitm.so.1 type=relative
time=2025-11-13T18:36:36.338-03:00 level=INFO msg=security_symlink_validated symlink=usr/lib/gcc/aarch64-linux-gnu/12/liblsan.so target=../../../aarch64-linux-gnu/liblsan.so.0 type=relative
time=2025-11-13T18:36:36.339-03:00 level=INFO msg=security_symlink_validated symlink=usr/lib/gcc/aarch64-linux-gnu/12/libstdc++.so target=../../../aarch64-linux-gnu/libstdc++.so.6 type=relative
time=2025-11-13T18:36:36.340-03:00 level=INFO msg=security_symlink_validated symlink=usr/lib/gcc/aarch64-linux-gnu/12/libtsan.so target=../../../aarch64-linux-gnu/libtsan.so.2 type=relative
time=2025-11-13T18:36:36.341-03:00 level=INFO msg=security_symlink_validated symlink=usr/lib/gcc/aarch64-linux-gnu/12/libubsan.so target=../../../aarch64-linux-gnu/libubsan.so.1 type=relative
time=2025-11-13T18:36:36.348-03:00 level=INFO msg=security_symlink_validated symlink=usr/lib/gcc/aarch64-linux-gnu/12/plugin/libcc1plugin.so target=libcc1plugin.so.0.0.0 type=relative
time=2025-11-13T18:36:36.348-03:00 level=INFO msg=security_symlink_validated symlink=usr/lib/gcc/aarch64-linux-gnu/12/plugin/libcc1plugin.so.0 target=libcc1plugin.so.0.0.0 type=relative
time=2025-11-13T18:36:36.348-03:00 level=INFO msg=security_symlink_validated symlink=usr/lib/gcc/aarch64-linux-gnu/12/plugin/libcp1plugin.so target=libcp1plugin.so.0.0.0 type=relative
time=2025-11-13T18:36:36.348-03:00 level=INFO msg=security_symlink_validated symlink=usr/lib/gcc/aarch64-linux-gnu/12/plugin/libcp1plugin.so.0 target=libcp1plugin.so.0.0.0 type=relative
time=2025-11-13T18:36:36.348-03:00 level=INFO msg=security_symlink_validated symlink=usr/lib/gold-ld/ld target=../../bin/ld.gold type=relative
time=2025-11-13T18:36:36.359-03:00 level=INFO msg=security_symlink_validated symlink=usr/share/X11/rgb.txt target=/etc/X11/rgb.txt type=absolute
time=2025-11-13T18:36:36.363-03:00 level=INFO msg=security_symlink_validated symlink=usr/share/automake-1.16/config.guess target=../misc/config.guess type=relative
time=2025-11-13T18:36:36.363-03:00 level=INFO msg=security_symlink_validated symlink=usr/share/automake-1.16/config.sub target=../misc/config.sub type=relative
time=2025-11-13T18:36:36.364-03:00 level=INFO msg=security_symlink_validated symlink=usr/share/bug/imagemagick target=imagemagick-6-common type=relative
time=2025-11-13T18:36:36.364-03:00 level=INFO msg=security_symlink_validated symlink=usr/share/bug/imagemagick-6.q16 target=imagemagick-6-common type=relative
time=2025-11-13T18:36:36.364-03:00 level=INFO msg=security_symlink_validated symlink=usr/share/bug/libmagickcore-6-arch-config target=imagemagick-6-common type=relative
time=2025-11-13T18:36:36.364-03:00 level=INFO msg=security_symlink_validated symlink=usr/share/bug/libmagickcore-6-headers target=imagemagick-6-common type=relative
time=2025-11-13T18:36:36.364-03:00 level=INFO msg=security_symlink_validated symlink=usr/share/bug/libmagickcore-6.q16-6 target=imagemagick-6-common type=relative
time=2025-11-13T18:36:36.364-03:00 level=INFO msg=security_symlink_validated symlink=usr/share/bug/libmagickcore-6.q16-6-extra target=imagemagick-6-common type=relative
time=2025-11-13T18:36:36.364-03:00 level=INFO msg=security_symlink_validated symlink=usr/share/bug/libmagickcore-6.q16-dev target=imagemagick-6-common type=relative
time=2025-11-13T18:36:36.364-03:00 level=INFO msg=security_symlink_validated symlink=usr/share/bug/libmagickcore-dev target=imagemagick-6-common type=relative
time=2025-11-13T18:36:36.364-03:00 level=INFO msg=security_symlink_validated symlink=usr/share/bug/libmagickwand-6-headers target=imagemagick-6-common type=relative
time=2025-11-13T18:36:36.364-03:00 level=INFO msg=security_symlink_validated symlink=usr/share/bug/libmagickwand-6.q16-6 target=imagemagick-6-common type=relative
time=2025-11-13T18:36:36.364-03:00 level=INFO msg=security_symlink_validated symlink=usr/share/bug/libmagickwand-6.q16-dev target=imagemagick-6-common type=relative
time=2025-11-13T18:36:36.364-03:00 level=INFO msg=security_symlink_validated symlink=usr/share/bug/libmagickwand-dev target=imagemagick-6-common type=relative
time=2025-11-13T18:36:36.366-03:00 level=INFO msg=security_symlink_validated symlink=usr/share/doc/binutils-aarch64-linux-gnu target=libbinutils type=relative
time=2025-11-13T18:36:36.366-03:00 level=INFO msg=security_symlink_validated symlink=usr/share/doc/cpp/README.Bugs target=../gcc-12/README.Bugs type=relative
time=2025-11-13T18:36:36.366-03:00 level=INFO msg=security_symlink_validated symlink=usr/share/doc/cpp-12 target=gcc-12-base type=relative
time=2025-11-13T18:36:36.367-03:00 level=INFO msg=security_symlink_validated symlink=usr/share/doc/g++ target=cpp type=relative
time=2025-11-13T18:36:36.367-03:00 level=INFO msg=security_symlink_validated symlink=usr/share/doc/g++-12 target=gcc-12-base type=relative
time=2025-11-13T18:36:36.367-03:00 level=INFO msg=security_symlink_validated symlink=usr/share/doc/gcc target=cpp type=relative
time=2025-11-13T18:36:36.367-03:00 level=INFO msg=security_symlink_validated symlink=usr/share/doc/gcc-12 target=gcc-12-base type=relative
time=2025-11-13T18:36:36.369-03:00 level=INFO msg=security_symlink_validated symlink=usr/share/doc/libasan8 target=gcc-12-base type=relative
time=2025-11-13T18:36:36.369-03:00 level=INFO msg=security_symlink_validated symlink=usr/share/doc/libatomic1 target=gcc-12-base type=relative
time=2025-11-13T18:36:36.369-03:00 level=INFO msg=security_symlink_validated symlink=usr/share/doc/libbinutils target=binutils-common type=relative
time=2025-11-13T18:36:36.369-03:00 level=INFO msg=security_symlink_validated symlink=usr/share/doc/libbz2-dev target=libbz2-1.0 type=relative
time=2025-11-13T18:36:36.370-03:00 level=INFO msg=security_symlink_validated symlink=usr/share/doc/libcc1-0 target=gcc-12-base type=relative
time=2025-11-13T18:36:36.370-03:00 level=INFO msg=security_symlink_validated symlink=usr/share/doc/libctf0 target=libbinutils type=relative
time=2025-11-13T18:36:36.370-03:00 level=INFO msg=security_symlink_validated symlink=usr/share/doc/libdb5.3-dev target=libdb5.3 type=relative
time=2025-11-13T18:36:36.371-03:00 level=INFO msg=security_symlink_validated symlink=usr/share/doc/libdjvulibre-dev/NEWS.gz target=changelog.gz type=relative
time=2025-11-13T18:36:36.372-03:00 level=INFO msg=security_symlink_validated symlink=usr/share/doc/libdjvulibre-text/NEWS.gz target=changelog.gz type=relative
time=2025-11-13T18:36:36.372-03:00 level=INFO msg=security_symlink_validated symlink=usr/share/doc/libdjvulibre21/NEWS.gz target=changelog.gz type=relative
time=2025-11-13T18:36:36.373-03:00 level=INFO msg=security_symlink_validated symlink=usr/share/doc/libexpat1-dev/expat.html/index.html target=reference.html type=relative
time=2025-11-13T18:36:36.373-03:00 level=INFO msg=security_symlink_validated symlink=usr/share/doc/libffi-dev target=libffi8 type=relative
time=2025-11-13T18:36:36.374-03:00 level=INFO msg=security_symlink_validated symlink=usr/share/doc/libgcc-12-dev target=gcc-12-base type=relative
time=2025-11-13T18:36:36.376-03:00 level=INFO msg=security_symlink_validated symlink=usr/share/doc/libgomp1 target=gcc-12-base type=relative
time=2025-11-13T18:36:36.376-03:00 level=INFO msg=security_symlink_validated symlink=usr/share/doc/libgprofng0 target=libbinutils type=relative
time=2025-11-13T18:36:36.377-03:00 level=INFO msg=security_symlink_validated symlink=usr/share/doc/libhwasan0 target=gcc-12-base type=relative
time=2025-11-13T18:36:36.377-03:00 level=INFO msg=security_symlink_validated symlink=usr/share/doc/libitm1 target=gcc-12-base type=relative
time=2025-11-13T18:36:36.379-03:00 level=INFO msg=security_symlink_validated symlink=usr/share/doc/liblerc-dev/NOTICE target=../liblerc4/NOTICE type=relative
time=2025-11-13T18:36:36.381-03:00 level=INFO msg=security_symlink_validated symlink=usr/share/doc/liblsan0 target=gcc-12-base type=relative
time=2025-11-13T18:36:36.382-03:00 level=INFO msg=security_symlink_validated symlink=usr/share/doc/libltdl-dev target=libltdl7 type=relative
time=2025-11-13T18:36:36.382-03:00 level=INFO msg=security_symlink_validated symlink=usr/share/doc/liblzma-dev/AUTHORS target=../liblzma5/AUTHORS type=relative
time=2025-11-13T18:36:36.382-03:00 level=INFO msg=security_symlink_validated symlink=usr/share/doc/liblzma-dev/NEWS.gz target=../liblzma5/NEWS.gz type=relative
time=2025-11-13T18:36:36.382-03:00 level=INFO msg=security_symlink_validated symlink=usr/share/doc/liblzma-dev/THANKS target=../liblzma5/THANKS type=relative
time=2025-11-13T18:36:36.382-03:00 level=INFO msg=security_symlink_validated symlink=usr/share/doc/libmagickcore-6-headers target=imagemagick-6-common type=relative
time=2025-11-13T18:36:36.383-03:00 level=INFO msg=security_symlink_validated symlink=usr/share/doc/libmagickcore-dev target=imagemagick-6-common type=relative
time=2025-11-13T18:36:36.383-03:00 level=INFO msg=security_symlink_validated symlink=usr/share/doc/libmagickwand-6-headers target=imagemagick-6-common type=relative
time=2025-11-13T18:36:36.383-03:00 level=INFO msg=security_symlink_validated symlink=usr/share/doc/libmagickwand-dev target=imagemagick-6-common type=relative
time=2025-11-13T18:36:36.384-03:00 level=INFO msg=security_symlink_validated symlink=usr/share/doc/libncurses-dev target=libtinfo6 type=relative
time=2025-11-13T18:36:36.384-03:00 level=INFO msg=security_symlink_validated symlink=usr/share/doc/libncurses5-dev target=libtinfo6 type=relative
time=2025-11-13T18:36:36.384-03:00 level=INFO msg=security_symlink_validated symlink=usr/share/doc/libncurses6 target=libtinfo6 type=relative
time=2025-11-13T18:36:36.384-03:00 level=INFO msg=security_symlink_validated symlink=usr/share/doc/libncursesw5-dev target=libtinfo6 type=relative
time=2025-11-13T18:36:36.386-03:00 level=INFO msg=security_symlink_validated symlink=usr/share/doc/libreadline-dev target=libreadline8 type=relative
time=2025-11-13T18:36:36.387-03:00 level=INFO msg=security_symlink_validated symlink=usr/share/doc/libstdc++-12-dev target=gcc-12-base type=relative
time=2025-11-13T18:36:36.388-03:00 level=INFO msg=security_symlink_validated symlink=usr/share/doc/libtsan2 target=gcc-12-base type=relative
time=2025-11-13T18:36:36.388-03:00 level=INFO msg=security_symlink_validated symlink=usr/share/doc/libubsan1 target=gcc-12-base type=relative
time=2025-11-13T18:36:36.391-03:00 level=INFO msg=security_symlink_validated symlink=usr/share/doc/libxml2/NEWS.gz target=changelog.gz type=relative
time=2025-11-13T18:36:36.391-03:00 level=INFO msg=security_symlink_validated symlink=usr/share/doc/libxml2-dev/NEWS.gz target=changelog.gz type=relative
time=2025-11-13T18:36:36.398-03:00 level=INFO msg=security_symlink_validated symlink=usr/share/doc/unzip/changelog.gz target=History.600.gz type=relative
time=2025-11-13T18:36:36.401-03:00 level=INFO msg=security_symlink_validated symlink=usr/share/file/magic.mgc target=../../lib/file/magic.mgc type=relative
time=2025-11-13T18:36:36.409-03:00 level=INFO msg=security_symlink_validated symlink=usr/share/libtool/build-aux/config.guess target=../../misc/config.guess type=relative
time=2025-11-13T18:36:36.409-03:00 level=INFO msg=security_symlink_validated symlink=usr/share/libtool/build-aux/config.sub target=../../misc/config.sub type=relative
time=2025-11-13T18:36:36.432-03:00 level=INFO msg=security_symlink_validated symlink=usr/share/man/da/man1/lzcmp.1.gz target=xzdiff.1.gz type=relative
time=2025-11-13T18:36:36.432-03:00 level=INFO msg=security_symlink_validated symlink=usr/share/man/da/man1/lzdiff.1.gz target=xzdiff.1.gz type=relative
time=2025-11-13T18:36:36.432-03:00 level=INFO msg=security_symlink_validated symlink=usr/share/man/da/man1/lzless.1.gz target=xzless.1.gz type=relative
time=2025-11-13T18:36:36.432-03:00 level=INFO msg=security_symlink_validated symlink=usr/share/man/da/man1/lzmore.1.gz target=xzmore.1.gz type=relative
time=2025-11-13T18:36:36.432-03:00 level=INFO msg=security_symlink_validated symlink=usr/share/man/da/man1/xzcmp.1.gz target=xzdiff.1.gz type=relative
time=2025-11-13T18:36:36.433-03:00 level=INFO msg=security_symlink_validated symlink=usr/share/man/de/man1/lzcat.1.gz target=xz.1.gz type=relative
time=2025-11-13T18:36:36.433-03:00 level=INFO msg=security_symlink_validated symlink=usr/share/man/de/man1/lzcmp.1.gz target=xzdiff.1.gz type=relative
time=2025-11-13T18:36:36.433-03:00 level=INFO msg=security_symlink_validated symlink=usr/share/man/de/man1/lzdiff.1.gz target=xzdiff.1.gz type=relative
time=2025-11-13T18:36:36.433-03:00 level=INFO msg=security_symlink_validated symlink=usr/share/man/de/man1/lzegrep.1.gz target=xzgrep.1.gz type=relative
time=2025-11-13T18:36:36.433-03:00 level=INFO msg=security_symlink_validated symlink=usr/share/man/de/man1/lzfgrep.1.gz target=xzgrep.1.gz type=relative
time=2025-11-13T18:36:36.433-03:00 level=INFO msg=security_symlink_validated symlink=usr/share/man/de/man1/lzgrep.1.gz target=xzgrep.1.gz type=relative
time=2025-11-13T18:36:36.433-03:00 level=INFO msg=security_symlink_validated symlink=usr/share/man/de/man1/lzless.1.gz target=xzless.1.gz type=relative
time=2025-11-13T18:36:36.433-03:00 level=INFO msg=security_symlink_validated symlink=usr/share/man/de/man1/lzma.1.gz target=xz.1.gz type=relative
time=2025-11-13T18:36:36.433-03:00 level=INFO msg=security_symlink_validated symlink=usr/share/man/de/man1/lzmore.1.gz target=xzmore.1.gz type=relative
time=2025-11-13T18:36:36.433-03:00 level=INFO msg=security_symlink_validated symlink=usr/share/man/de/man1/unlzma.1.gz target=xz.1.gz type=relative
time=2025-11-13T18:36:36.433-03:00 level=INFO msg=security_symlink_validated symlink=usr/share/man/de/man1/unxz.1.gz target=xz.1.gz type=relative
time=2025-11-13T18:36:36.433-03:00 level=INFO msg=security_symlink_validated symlink=usr/share/man/de/man1/xzcat.1.gz target=xz.1.gz type=relative
time=2025-11-13T18:36:36.433-03:00 level=INFO msg=security_symlink_validated symlink=usr/share/man/de/man1/xzcmp.1.gz target=xzdiff.1.gz type=relative
time=2025-11-13T18:36:36.433-03:00 level=INFO msg=security_symlink_validated symlink=usr/share/man/de/man1/xzegrep.1.gz target=xzgrep.1.gz type=relative
time=2025-11-13T18:36:36.433-03:00 level=INFO msg=security_symlink_validated symlink=usr/share/man/de/man1/xzfgrep.1.gz target=xzgrep.1.gz type=relative
time=2025-11-13T18:36:36.434-03:00 level=INFO msg=security_symlink_validated symlink=usr/share/man/fr/man1/lzcat.1.gz target=xz.1.gz type=relative
time=2025-11-13T18:36:36.434-03:00 level=INFO msg=security_symlink_validated symlink=usr/share/man/fr/man1/lzcmp.1.gz target=xzdiff.1.gz type=relative
time=2025-11-13T18:36:36.434-03:00 level=INFO msg=security_symlink_validated symlink=usr/share/man/fr/man1/lzdiff.1.gz target=xzdiff.1.gz type=relative
time=2025-11-13T18:36:36.434-03:00 level=INFO msg=security_symlink_validated symlink=usr/share/man/fr/man1/lzless.1.gz target=xzless.1.gz type=relative
time=2025-11-13T18:36:36.434-03:00 level=INFO msg=security_symlink_validated symlink=usr/share/man/fr/man1/lzma.1.gz target=xz.1.gz type=relative
time=2025-11-13T18:36:36.434-03:00 level=INFO msg=security_symlink_validated symlink=usr/share/man/fr/man1/lzmore.1.gz target=xzmore.1.gz type=relative
time=2025-11-13T18:36:36.434-03:00 level=INFO msg=security_symlink_validated symlink=usr/share/man/fr/man1/unlzma.1.gz target=xz.1.gz type=relative
time=2025-11-13T18:36:36.434-03:00 level=INFO msg=security_symlink_validated symlink=usr/share/man/fr/man1/unxz.1.gz target=xz.1.gz type=relative
time=2025-11-13T18:36:36.434-03:00 level=INFO msg=security_symlink_validated symlink=usr/share/man/fr/man1/xzcat.1.gz target=xz.1.gz type=relative
time=2025-11-13T18:36:36.434-03:00 level=INFO msg=security_symlink_validated symlink=usr/share/man/fr/man1/xzcmp.1.gz target=xzdiff.1.gz type=relative
time=2025-11-13T18:36:36.435-03:00 level=INFO msg=security_symlink_validated symlink=usr/share/man/ko/man1/lzcat.1.gz target=xz.1.gz type=relative
time=2025-11-13T18:36:36.435-03:00 level=INFO msg=security_symlink_validated symlink=usr/share/man/ko/man1/lzcmp.1.gz target=xzdiff.1.gz type=relative
time=2025-11-13T18:36:36.435-03:00 level=INFO msg=security_symlink_validated symlink=usr/share/man/ko/man1/lzdiff.1.gz target=xzdiff.1.gz type=relative
time=2025-11-13T18:36:36.435-03:00 level=INFO msg=security_symlink_validated symlink=usr/share/man/ko/man1/lzegrep.1.gz target=xzgrep.1.gz type=relative
time=2025-11-13T18:36:36.435-03:00 level=INFO msg=security_symlink_validated symlink=usr/share/man/ko/man1/lzfgrep.1.gz target=xzgrep.1.gz type=relative
time=2025-11-13T18:36:36.435-03:00 level=INFO msg=security_symlink_validated symlink=usr/share/man/ko/man1/lzgrep.1.gz target=xzgrep.1.gz type=relative
time=2025-11-13T18:36:36.435-03:00 level=INFO msg=security_symlink_validated symlink=usr/share/man/ko/man1/lzless.1.gz target=xzless.1.gz type=relative
time=2025-11-13T18:36:36.435-03:00 level=INFO msg=security_symlink_validated symlink=usr/share/man/ko/man1/lzma.1.gz target=xz.1.gz type=relative
time=2025-11-13T18:36:36.435-03:00 level=INFO msg=security_symlink_validated symlink=usr/share/man/ko/man1/lzmore.1.gz target=xzmore.1.gz type=relative
time=2025-11-13T18:36:36.435-03:00 level=INFO msg=security_symlink_validated symlink=usr/share/man/ko/man1/unlzma.1.gz target=xz.1.gz type=relative
time=2025-11-13T18:36:36.435-03:00 level=INFO msg=security_symlink_validated symlink=usr/share/man/ko/man1/unxz.1.gz target=xz.1.gz type=relative
time=2025-11-13T18:36:36.435-03:00 level=INFO msg=security_symlink_validated symlink=usr/share/man/ko/man1/xzcat.1.gz target=xz.1.gz type=relative
time=2025-11-13T18:36:36.435-03:00 level=INFO msg=security_symlink_validated symlink=usr/share/man/ko/man1/xzcmp.1.gz target=xzdiff.1.gz type=relative
time=2025-11-13T18:36:36.435-03:00 level=INFO msg=security_symlink_validated symlink=usr/share/man/ko/man1/xzegrep.1.gz target=xzgrep.1.gz type=relative
time=2025-11-13T18:36:36.435-03:00 level=INFO msg=security_symlink_validated symlink=usr/share/man/ko/man1/xzfgrep.1.gz target=xzgrep.1.gz type=relative
time=2025-11-13T18:36:36.435-03:00 level=INFO msg=security_symlink_validated symlink=usr/share/man/man1/aarch64-linux-gnu-addr2line.1.gz target=addr2line.1.gz type=relative
time=2025-11-13T18:36:36.435-03:00 level=INFO msg=security_symlink_validated symlink=usr/share/man/man1/aarch64-linux-gnu-ar.1.gz target=ar.1.gz type=relative
time=2025-11-13T18:36:36.435-03:00 level=INFO msg=security_symlink_validated symlink=usr/share/man/man1/aarch64-linux-gnu-as.1.gz target=as.1.gz type=relative
time=2025-11-13T18:36:36.435-03:00 level=INFO msg=security_symlink_validated symlink=usr/share/man/man1/aarch64-linux-gnu-c++filt.1.gz target=c++filt.1.gz type=relative
time=2025-11-13T18:36:36.436-03:00 level=INFO msg=security_symlink_validated symlink=usr/share/man/man1/aarch64-linux-gnu-dwp.1.gz target=dwp.1.gz type=relative
time=2025-11-13T18:36:36.436-03:00 level=INFO msg=security_symlink_validated symlink=usr/share/man/man1/aarch64-linux-gnu-elfedit.1.gz target=elfedit.1.gz type=relative
time=2025-11-13T18:36:36.436-03:00 level=INFO msg=security_symlink_validated symlink=usr/share/man/man1/aarch64-linux-gnu-gcc-ar.1.gz target=gcc-ar-12.1.gz type=relative
time=2025-11-13T18:36:36.436-03:00 level=INFO msg=security_symlink_validated symlink=usr/share/man/man1/aarch64-linux-gnu-gcc-nm.1.gz target=gcc-nm-12.1.gz type=relative
time=2025-11-13T18:36:36.436-03:00 level=INFO msg=security_symlink_validated symlink=usr/share/man/man1/aarch64-linux-gnu-gcc-ranlib.1.gz target=gcc-ranlib-12.1.gz type=relative
time=2025-11-13T18:36:36.436-03:00 level=INFO msg=security_symlink_validated symlink=usr/share/man/man1/aarch64-linux-gnu-gold.1.gz target=gold.1.gz type=relative
time=2025-11-13T18:36:36.436-03:00 level=INFO msg=security_symlink_validated symlink=usr/share/man/man1/aarch64-linux-gnu-gp-archive.1.gz target=gp-archive.1.gz type=relative
time=2025-11-13T18:36:36.436-03:00 level=INFO msg=security_symlink_validated symlink=usr/share/man/man1/aarch64-linux-gnu-gp-collect-app.1.gz target=gp-collect-app.1.gz type=relative
time=2025-11-13T18:36:36.436-03:00 level=INFO msg=security_symlink_validated symlink=usr/share/man/man1/aarch64-linux-gnu-gp-display-html.1.gz target=gp-display-html.1.gz type=relative
time=2025-11-13T18:36:36.436-03:00 level=INFO msg=security_symlink_validated symlink=usr/share/man/man1/aarch64-linux-gnu-gp-display-src.1.gz target=gp-display-src.1.gz type=relative
time=2025-11-13T18:36:36.436-03:00 level=INFO msg=security_symlink_validated symlink=usr/share/man/man1/aarch64-linux-gnu-gp-display-text.1.gz target=gp-display-text.1.gz type=relative
time=2025-11-13T18:36:36.436-03:00 level=INFO msg=security_symlink_validated symlink=usr/share/man/man1/aarch64-linux-gnu-gprof.1.gz target=gprof.1.gz type=relative
time=2025-11-13T18:36:36.436-03:00 level=INFO msg=security_symlink_validated symlink=usr/share/man/man1/aarch64-linux-gnu-gprofng.1.gz target=gprofng.1.gz type=relative
time=2025-11-13T18:36:36.436-03:00 level=INFO msg=security_symlink_validated symlink=usr/share/man/man1/aarch64-linux-gnu-ld.1.gz target=ld.1.gz type=relative
time=2025-11-13T18:36:36.436-03:00 level=INFO msg=security_symlink_validated symlink=usr/share/man/man1/aarch64-linux-gnu-ld.bfd.1.gz target=ld.bfd.1.gz type=relative
time=2025-11-13T18:36:36.436-03:00 level=INFO msg=security_symlink_validated symlink=usr/share/man/man1/aarch64-linux-gnu-ld.gold.1.gz target=ld.gold.1.gz type=relative
time=2025-11-13T18:36:36.436-03:00 level=INFO msg=security_symlink_validated symlink=usr/share/man/man1/aarch64-linux-gnu-nm.1.gz target=nm.1.gz type=relative
time=2025-11-13T18:36:36.436-03:00 level=INFO msg=security_symlink_validated symlink=usr/share/man/man1/aarch64-linux-gnu-objcopy.1.gz target=objcopy.1.gz type=relative
time=2025-11-13T18:36:36.436-03:00 level=INFO msg=security_symlink_validated symlink=usr/share/man/man1/aarch64-linux-gnu-objdump.1.gz target=objdump.1.gz type=relative
time=2025-11-13T18:36:36.436-03:00 level=INFO msg=security_symlink_validated symlink=usr/share/man/man1/aarch64-linux-gnu-ranlib.1.gz target=ranlib.1.gz type=relative
time=2025-11-13T18:36:36.436-03:00 level=INFO msg=security_symlink_validated symlink=usr/share/man/man1/aarch64-linux-gnu-readelf.1.gz target=readelf.1.gz type=relative
time=2025-11-13T18:36:36.436-03:00 level=INFO msg=security_symlink_validated symlink=usr/share/man/man1/aarch64-linux-gnu-size.1.gz target=size.1.gz type=relative
time=2025-11-13T18:36:36.436-03:00 level=INFO msg=security_symlink_validated symlink=usr/share/man/man1/aarch64-linux-gnu-strings.1.gz target=strings.1.gz type=relative
time=2025-11-13T18:36:36.436-03:00 level=INFO msg=security_symlink_validated symlink=usr/share/man/man1/aarch64-linux-gnu-strip.1.gz target=strip.1.gz type=relative
time=2025-11-13T18:36:36.436-03:00 level=INFO msg=security_symlink_validated symlink=usr/share/man/man1/aclocal.1.gz target=/etc/alternatives/aclocal.1.gz type=absolute
time=2025-11-13T18:36:36.436-03:00 level=INFO msg=security_symlink_validated symlink=usr/share/man/man1/animate-im6.1.gz target=/etc/alternatives/animate-im6.1.gz type=absolute
time=2025-11-13T18:36:36.436-03:00 level=INFO msg=security_symlink_validated symlink=usr/share/man/man1/animate.1.gz target=/etc/alternatives/animate.1.gz type=absolute
time=2025-11-13T18:36:36.437-03:00 level=INFO msg=security_symlink_validated symlink=usr/share/man/man1/automake.1.gz target=/etc/alternatives/automake.1.gz type=absolute
time=2025-11-13T18:36:36.437-03:00 level=INFO msg=security_symlink_validated symlink=usr/share/man/man1/bunzip2.1.gz target=bzip2.1.gz type=relative
time=2025-11-13T18:36:36.437-03:00 level=INFO msg=security_symlink_validated symlink=usr/share/man/man1/bzcat.1.gz target=bzip2.1.gz type=relative
time=2025-11-13T18:36:36.437-03:00 level=INFO msg=security_symlink_validated symlink=usr/share/man/man1/bzcmp.1.gz target=bzdiff.1.gz type=relative
time=2025-11-13T18:36:36.437-03:00 level=INFO msg=security_symlink_validated symlink=usr/share/man/man1/bzegrep.1.gz target=bzgrep.1.gz type=relative
time=2025-11-13T18:36:36.437-03:00 level=INFO msg=security_symlink_validated symlink=usr/share/man/man1/bzfgrep.1.gz target=bzgrep.1.gz type=relative
time=2025-11-13T18:36:36.437-03:00 level=INFO msg=security_symlink_validated symlink=usr/share/man/man1/bzip2recover.1.gz target=bzip2.1.gz type=relative
time=2025-11-13T18:36:36.437-03:00 level=INFO msg=security_symlink_validated symlink=usr/share/man/man1/bzless.1.gz target=bzmore.1.gz type=relative
time=2025-11-13T18:36:36.437-03:00 level=INFO msg=security_symlink_validated symlink=usr/share/man/man1/c89.1.gz target=/etc/alternatives/c89.1.gz type=absolute
time=2025-11-13T18:36:36.437-03:00 level=INFO msg=security_symlink_validated symlink=usr/share/man/man1/c99.1.gz target=/etc/alternatives/c99.1.gz type=absolute
time=2025-11-13T18:36:36.437-03:00 level=INFO msg=security_symlink_validated symlink=usr/share/man/man1/compare-im6.1.gz target=/etc/alternatives/compare-im6.1.gz type=absolute
time=2025-11-13T18:36:36.437-03:00 level=INFO msg=security_symlink_validated symlink=usr/share/man/man1/compare.1.gz target=/etc/alternatives/compare.1.gz type=absolute
time=2025-11-13T18:36:36.437-03:00 level=INFO msg=security_symlink_validated symlink=usr/share/man/man1/composite-im6.1.gz target=/etc/alternatives/composite-im6.1.gz type=absolute
time=2025-11-13T18:36:36.437-03:00 level=INFO msg=security_symlink_validated symlink=usr/share/man/man1/composite.1.gz target=/etc/alternatives/composite.1.gz type=absolute
time=2025-11-13T18:36:36.437-03:00 level=INFO msg=security_symlink_validated symlink=usr/share/man/man1/conjure-im6.1.gz target=/etc/alternatives/conjure-im6.1.gz type=absolute
time=2025-11-13T18:36:36.438-03:00 level=INFO msg=security_symlink_validated symlink=usr/share/man/man1/conjure.1.gz target=/etc/alternatives/conjure.1.gz type=absolute
time=2025-11-13T18:36:36.438-03:00 level=INFO msg=security_symlink_validated symlink=usr/share/man/man1/convert-im6.1.gz target=/etc/alternatives/convert-im6.1.gz type=absolute
time=2025-11-13T18:36:36.438-03:00 level=INFO msg=security_symlink_validated symlink=usr/share/man/man1/convert.1.gz target=/etc/alternatives/convert.1.gz type=absolute
time=2025-11-13T18:36:36.438-03:00 level=INFO msg=security_symlink_validated symlink=usr/share/man/man1/display-im6.1.gz target=/etc/alternatives/display-im6.1.gz type=absolute
time=2025-11-13T18:36:36.438-03:00 level=INFO msg=security_symlink_validated symlink=usr/share/man/man1/display.1.gz target=/etc/alternatives/display.1.gz type=absolute
time=2025-11-13T18:36:36.439-03:00 level=INFO msg=security_symlink_validated symlink=usr/share/man/man1/gcc-ar-12.1.gz target=aarch64-linux-gnu-gcc-ar-12.1.gz type=relative
time=2025-11-13T18:36:36.439-03:00 level=INFO msg=security_symlink_validated symlink=usr/share/man/man1/gcc-ar.1.gz target=gcc-ar-12.1.gz type=relative
time=2025-11-13T18:36:36.439-03:00 level=INFO msg=security_symlink_validated symlink=usr/share/man/man1/gcc-nm-12.1.gz target=aarch64-linux-gnu-gcc-nm-12.1.gz type=relative
time=2025-11-13T18:36:36.439-03:00 level=INFO msg=security_symlink_validated symlink=usr/share/man/man1/gcc-nm.1.gz target=gcc-nm-12.1.gz type=relative
time=2025-11-13T18:36:36.439-03:00 level=INFO msg=security_symlink_validated symlink=usr/share/man/man1/gcc-ranlib-12.1.gz target=aarch64-linux-gnu-gcc-ranlib-12.1.gz type=relative
time=2025-11-13T18:36:36.439-03:00 level=INFO msg=security_symlink_validated symlink=usr/share/man/man1/gcc-ranlib.1.gz target=gcc-ranlib-12.1.gz type=relative
time=2025-11-13T18:36:36.439-03:00 level=INFO msg=security_symlink_validated symlink=usr/share/man/man1/gmake.1.gz target=make.1.gz type=relative
time=2025-11-13T18:36:36.439-03:00 level=INFO msg=security_symlink_validated symlink=usr/share/man/man1/gold.1.gz target=ld.gold.1.gz type=relative
time=2025-11-13T18:36:36.439-03:00 level=INFO msg=security_symlink_validated symlink=usr/share/man/man1/identify-im6.1.gz target=/etc/alternatives/identify-im6.1.gz type=absolute
time=2025-11-13T18:36:36.439-03:00 level=INFO msg=security_symlink_validated symlink=usr/share/man/man1/identify.1.gz target=/etc/alternatives/identify.1.gz type=absolute
time=2025-11-13T18:36:36.440-03:00 level=INFO msg=security_symlink_validated symlink=usr/share/man/man1/import-im6.1.gz target=/etc/alternatives/import-im6.1.gz type=absolute
time=2025-11-13T18:36:36.440-03:00 level=INFO msg=security_symlink_validated symlink=usr/share/man/man1/import.1.gz target=/etc/alternatives/import.1.gz type=absolute
time=2025-11-13T18:36:36.440-03:00 level=INFO msg=security_symlink_validated symlink=usr/share/man/man1/krb5-config.1.gz target=krb5-config.mit.1.gz type=relative
time=2025-11-13T18:36:36.440-03:00 level=INFO msg=security_symlink_validated symlink=usr/share/man/man1/ld.1.gz target=ld.bfd.1.gz type=relative
time=2025-11-13T18:36:36.440-03:00 level=INFO msg=security_symlink_validated symlink=usr/share/man/man1/libpng-config.1.gz target=libpng16-config.1.gz type=relative
time=2025-11-13T18:36:36.440-03:00 level=INFO msg=security_symlink_validated symlink=usr/share/man/man1/lzcat.1.gz target=/etc/alternatives/lzcat.1.gz type=absolute
time=2025-11-13T18:36:36.440-03:00 level=INFO msg=security_symlink_validated symlink=usr/share/man/man1/lzcmp.1.gz target=/etc/alternatives/lzcmp.1.gz type=absolute
time=2025-11-13T18:36:36.440-03:00 level=INFO msg=security_symlink_validated symlink=usr/share/man/man1/lzdiff.1.gz target=/etc/alternatives/lzdiff.1.gz type=absolute
time=2025-11-13T18:36:36.440-03:00 level=INFO msg=security_symlink_validated symlink=usr/share/man/man1/lzegrep.1.gz target=/etc/alternatives/lzegrep.1.gz type=absolute
time=2025-11-13T18:36:36.440-03:00 level=INFO msg=security_symlink_validated symlink=usr/share/man/man1/lzfgrep.1.gz target=/etc/alternatives/lzfgrep.1.gz type=absolute
time=2025-11-13T18:36:36.440-03:00 level=INFO msg=security_symlink_validated symlink=usr/share/man/man1/lzgrep.1.gz target=/etc/alternatives/lzgrep.1.gz type=absolute
time=2025-11-13T18:36:36.440-03:00 level=INFO msg=security_symlink_validated symlink=usr/share/man/man1/lzless.1.gz target=/etc/alternatives/lzless.1.gz type=absolute
time=2025-11-13T18:36:36.440-03:00 level=INFO msg=security_symlink_validated symlink=usr/share/man/man1/lzma.1.gz target=/etc/alternatives/lzma.1.gz type=absolute
time=2025-11-13T18:36:36.440-03:00 level=INFO msg=security_symlink_validated symlink=usr/share/man/man1/lzmore.1.gz target=/etc/alternatives/lzmore.1.gz type=absolute
time=2025-11-13T18:36:36.440-03:00 level=INFO msg=security_symlink_validated symlink=usr/share/man/man1/mariadb-config.1.gz target=mariadb_config.1.gz type=relative
time=2025-11-13T18:36:36.440-03:00 level=INFO msg=security_symlink_validated symlink=usr/share/man/man1/mariadb_config.1.gz target=mysql_config.1.gz type=relative
time=2025-11-13T18:36:36.440-03:00 level=INFO msg=security_symlink_validated symlink=usr/share/man/man1/mogrify-im6.1.gz target=/etc/alternatives/mogrify-im6.1.gz type=absolute
time=2025-11-13T18:36:36.440-03:00 level=INFO msg=security_symlink_validated symlink=usr/share/man/man1/mogrify.1.gz target=/etc/alternatives/mogrify.1.gz type=absolute
time=2025-11-13T18:36:36.440-03:00 level=INFO msg=security_symlink_validated symlink=usr/share/man/man1/montage-im6.1.gz target=/etc/alternatives/montage-im6.1.gz type=absolute
time=2025-11-13T18:36:36.441-03:00 level=INFO msg=security_symlink_validated symlink=usr/share/man/man1/montage.1.gz target=/etc/alternatives/montage.1.gz type=absolute
time=2025-11-13T18:36:36.441-03:00 level=INFO msg=security_symlink_validated symlink=usr/share/man/man1/ncurses5-config.1.gz target=ncurses6-config.1.gz type=relative
time=2025-11-13T18:36:36.441-03:00 level=INFO msg=security_symlink_validated symlink=usr/share/man/man1/ncursesw5-config.1.gz target=ncursesw6-config.1.gz type=relative
time=2025-11-13T18:36:36.441-03:00 level=INFO msg=security_symlink_validated symlink=usr/share/man/man1/pkg-config.1.gz target=pkgconf.1.gz type=relative
time=2025-11-13T18:36:36.441-03:00 level=INFO msg=security_symlink_validated symlink=usr/share/man/man1/stream-im6.1.gz target=/etc/alternatives/stream-im6.1.gz type=absolute
time=2025-11-13T18:36:36.441-03:00 level=INFO msg=security_symlink_validated symlink=usr/share/man/man1/stream.1.gz target=/etc/alternatives/stream.1.gz type=absolute
time=2025-11-13T18:36:36.441-03:00 level=INFO msg=security_symlink_validated symlink=usr/share/man/man1/unlzma.1.gz target=/etc/alternatives/unlzma.1.gz type=absolute
time=2025-11-13T18:36:36.441-03:00 level=INFO msg=security_symlink_validated symlink=usr/share/man/man1/unxz.1.gz target=xz.1.gz type=relative
time=2025-11-13T18:36:36.441-03:00 level=INFO msg=security_symlink_validated symlink=usr/share/man/man1/xzcat.1.gz target=xz.1.gz type=relative
time=2025-11-13T18:36:36.441-03:00 level=INFO msg=security_symlink_validated symlink=usr/share/man/man1/xzcmp.1.gz target=xzdiff.1.gz type=relative
time=2025-11-13T18:36:36.441-03:00 level=INFO msg=security_symlink_validated symlink=usr/share/man/man1/xzegrep.1.gz target=xzgrep.1.gz type=relative
time=2025-11-13T18:36:36.441-03:00 level=INFO msg=security_symlink_validated symlink=usr/share/man/man1/xzfgrep.1.gz target=xzgrep.1.gz type=relative
time=2025-11-13T18:36:36.443-03:00 level=INFO msg=security_symlink_validated symlink=usr/share/man/man3/MMDB_aget_value.3.gz target=libmaxminddb.3.gz type=relative
time=2025-11-13T18:36:36.443-03:00 level=INFO msg=security_symlink_validated symlink=usr/share/man/man3/MMDB_close.3.gz target=libmaxminddb.3.gz type=relative
time=2025-11-13T18:36:36.443-03:00 level=INFO msg=security_symlink_validated symlink=usr/share/man/man3/MMDB_dump_entry_data_list.3.gz target=libmaxminddb.3.gz type=relative
time=2025-11-13T18:36:36.443-03:00 level=INFO msg=security_symlink_validated symlink=usr/share/man/man3/MMDB_free_entry_data_list.3.gz target=libmaxminddb.3.gz type=relative
time=2025-11-13T18:36:36.443-03:00 level=INFO msg=security_symlink_validated symlink=usr/share/man/man3/MMDB_get_entry_data_list.3.gz target=libmaxminddb.3.gz type=relative
time=2025-11-13T18:36:36.443-03:00 level=INFO msg=security_symlink_validated symlink=usr/share/man/man3/MMDB_get_metadata_as_entry_data_list.3.gz target=libmaxminddb.3.gz type=relative
time=2025-11-13T18:36:36.443-03:00 level=INFO msg=security_symlink_validated symlink=usr/share/man/man3/MMDB_get_value.3.gz target=libmaxminddb.3.gz type=relative
time=2025-11-13T18:36:36.443-03:00 level=INFO msg=security_symlink_validated symlink=usr/share/man/man3/MMDB_lib_version.3.gz target=libmaxminddb.3.gz type=relative
time=2025-11-13T18:36:36.443-03:00 level=INFO msg=security_symlink_validated symlink=usr/share/man/man3/MMDB_lookup_sockaddr.3.gz target=libmaxminddb.3.gz type=relative
time=2025-11-13T18:36:36.443-03:00 level=INFO msg=security_symlink_validated symlink=usr/share/man/man3/MMDB_lookup_string.3.gz target=libmaxminddb.3.gz type=relative
time=2025-11-13T18:36:36.443-03:00 level=INFO msg=security_symlink_validated symlink=usr/share/man/man3/MMDB_open.3.gz target=libmaxminddb.3.gz type=relative
time=2025-11-13T18:36:36.443-03:00 level=INFO msg=security_symlink_validated symlink=usr/share/man/man3/MMDB_read_node.3.gz target=libmaxminddb.3.gz type=relative
time=2025-11-13T18:36:36.443-03:00 level=INFO msg=security_symlink_validated symlink=usr/share/man/man3/MMDB_strerror.3.gz target=libmaxminddb.3.gz type=relative
time=2025-11-13T18:36:36.443-03:00 level=INFO msg=security_symlink_validated symlink=usr/share/man/man3/MMDB_vget_value.3.gz target=libmaxminddb.3.gz type=relative
time=2025-11-13T18:36:36.443-03:00 level=INFO msg=security_symlink_validated symlink=usr/share/man/man3/MenuPopdown.3.gz target=XtPopdown.3.gz type=relative
time=2025-11-13T18:36:36.443-03:00 level=INFO msg=security_symlink_validated symlink=usr/share/man/man3/MenuPopup.3.gz target=XtPopup.3.gz type=relative
time=2025-11-13T18:36:36.444-03:00 level=INFO msg=security_symlink_validated symlink=usr/share/man/man3/XShapeCombineMask.3.gz target=XShape.3.gz type=relative
time=2025-11-13T18:36:36.444-03:00 level=INFO msg=security_symlink_validated symlink=usr/share/man/man3/XShapeCombineRectangles.3.gz target=XShape.3.gz type=relative
time=2025-11-13T18:36:36.444-03:00 level=INFO msg=security_symlink_validated symlink=usr/share/man/man3/XShapeCombineRegion.3.gz target=XShape.3.gz type=relative
time=2025-11-13T18:36:36.444-03:00 level=INFO msg=security_symlink_validated symlink=usr/share/man/man3/XShapeCombineShape.3.gz target=XShape.3.gz type=relative
time=2025-11-13T18:36:36.444-03:00 level=INFO msg=security_symlink_validated symlink=usr/share/man/man3/XShapeGetRectangles.3.gz target=XShape.3.gz type=relative
time=2025-11-13T18:36:36.444-03:00 level=INFO msg=security_symlink_validated symlink=usr/share/man/man3/XShapeInputSelected.3.gz target=XShape.3.gz type=relative
time=2025-11-13T18:36:36.444-03:00 level=INFO msg=security_symlink_validated symlink=usr/share/man/man3/XShapeOffsetShape.3.gz target=XShape.3.gz type=relative
time=2025-11-13T18:36:36.444-03:00 level=INFO msg=security_symlink_validated symlink=usr/share/man/man3/XShapeQueryExtension.3.gz target=XShape.3.gz type=relative
time=2025-11-13T18:36:36.444-03:00 level=INFO msg=security_symlink_validated symlink=usr/share/man/man3/XShapeQueryExtents.3.gz target=XShape.3.gz type=relative
time=2025-11-13T18:36:36.444-03:00 level=INFO msg=security_symlink_validated symlink=usr/share/man/man3/XShapeQueryVersion.3.gz target=XShape.3.gz type=relative
time=2025-11-13T18:36:36.444-03:00 level=INFO msg=security_symlink_validated symlink=usr/share/man/man3/XShapeSelectInput.3.gz target=XShape.3.gz type=relative
time=2025-11-13T18:36:36.444-03:00 level=INFO msg=security_symlink_validated symlink=usr/share/man/man3/XShmAttach.3.gz target=XShm.3.gz type=relative
time=2025-11-13T18:36:36.444-03:00 level=INFO msg=security_symlink_validated symlink=usr/share/man/man3/XShmCreateImage.3.gz target=XShm.3.gz type=relative
time=2025-11-13T18:36:36.444-03:00 level=INFO msg=security_symlink_validated symlink=usr/share/man/man3/XShmCreatePixmap.3.gz target=XShm.3.gz type=relative
time=2025-11-13T18:36:36.444-03:00 level=INFO msg=security_symlink_validated symlink=usr/share/man/man3/XShmDetach.3.gz target=XShm.3.gz type=relative
time=2025-11-13T18:36:36.444-03:00 level=INFO msg=security_symlink_validated symlink=usr/share/man/man3/XShmGetEventBase.3.gz target=XShm.3.gz type=relative
time=2025-11-13T18:36:36.444-03:00 level=INFO msg=security_symlink_validated symlink=usr/share/man/man3/XShmGetImage.3.gz target=XShm.3.gz type=relative
time=2025-11-13T18:36:36.444-03:00 level=INFO msg=security_symlink_validated symlink=usr/share/man/man3/XShmPixmapFormat.3.gz target=XShm.3.gz type=relative
time=2025-11-13T18:36:36.444-03:00 level=INFO msg=security_symlink_validated symlink=usr/share/man/man3/XShmPutImage.3.gz target=XShm.3.gz type=relative
time=2025-11-13T18:36:36.444-03:00 level=INFO msg=security_symlink_validated symlink=usr/share/man/man3/XShmQueryExtension.3.gz target=XShm.3.gz type=relative
time=2025-11-13T18:36:36.444-03:00 level=INFO msg=security_symlink_validated symlink=usr/share/man/man3/XShmQueryVersion.3.gz target=XShm.3.gz type=relative
time=2025-11-13T18:36:36.444-03:00 level=INFO msg=security_symlink_validated symlink=usr/share/man/man3/XauDisposeAuth.3.gz target=Xau.3.gz type=relative
time=2025-11-13T18:36:36.444-03:00 level=INFO msg=security_symlink_validated symlink=usr/share/man/man3/XauFileName.3.gz target=Xau.3.gz type=relative
time=2025-11-13T18:36:36.444-03:00 level=INFO msg=security_symlink_validated symlink=usr/share/man/man3/XauGetAuthByAddr.3.gz target=Xau.3.gz type=relative
time=2025-11-13T18:36:36.444-03:00 level=INFO msg=security_symlink_validated symlink=usr/share/man/man3/XauGetBestAuthByAddr.3.gz target=Xau.3.gz type=relative
time=2025-11-13T18:36:36.444-03:00 level=INFO msg=security_symlink_validated symlink=usr/share/man/man3/XauLockAuth.3.gz target=Xau.3.gz type=relative
time=2025-11-13T18:36:36.444-03:00 level=INFO msg=security_symlink_validated symlink=usr/share/man/man3/XauReadAuth.3.gz target=Xau.3.gz type=relative
time=2025-11-13T18:36:36.444-03:00 level=INFO msg=security_symlink_validated symlink=usr/share/man/man3/XauUnlockAuth.3.gz target=Xau.3.gz type=relative
time=2025-11-13T18:36:36.444-03:00 level=INFO msg=security_symlink_validated symlink=usr/share/man/man3/XauWriteAuth.3.gz target=Xau.3.gz type=relative
time=2025-11-13T18:36:36.445-03:00 level=INFO msg=security_symlink_validated symlink=usr/share/man/man3/XeviGetVisualInfo.3.gz target=Xevi.3.gz type=relative
time=2025-11-13T18:36:36.445-03:00 level=INFO msg=security_symlink_validated symlink=usr/share/man/man3/XeviQueryExtension.3.gz target=Xevi.3.gz type=relative
time=2025-11-13T18:36:36.445-03:00 level=INFO msg=security_symlink_validated symlink=usr/share/man/man3/XeviQueryVersion.3.gz target=Xevi.3.gz type=relative
time=2025-11-13T18:36:36.445-03:00 level=INFO msg=security_symlink_validated symlink=usr/share/man/man3/XmbufChangeBufferAttributes.3.gz target=Xmbuf.3.gz type=relative
time=2025-11-13T18:36:36.445-03:00 level=INFO msg=security_symlink_validated symlink=usr/share/man/man3/XmbufChangeWindowAttributes.3.gz target=Xmbuf.3.gz type=relative
time=2025-11-13T18:36:36.445-03:00 level=INFO msg=security_symlink_validated symlink=usr/share/man/man3/XmbufCreateBuffers.3.gz target=Xmbuf.3.gz type=relative
time=2025-11-13T18:36:36.445-03:00 level=INFO msg=security_symlink_validated symlink=usr/share/man/man3/XmbufCreateStereoWindow.3.gz target=Xmbuf.3.gz type=relative
time=2025-11-13T18:36:36.445-03:00 level=INFO msg=security_symlink_validated symlink=usr/share/man/man3/XmbufDestroyBuffers.3.gz target=Xmbuf.3.gz type=relative
time=2025-11-13T18:36:36.445-03:00 level=INFO msg=security_symlink_validated symlink=usr/share/man/man3/XmbufDisplayBuffers.3.gz target=Xmbuf.3.gz type=relative
time=2025-11-13T18:36:36.445-03:00 level=INFO msg=security_symlink_validated symlink=usr/share/man/man3/XmbufGetBufferAttributes.3.gz target=Xmbuf.3.gz type=relative
time=2025-11-13T18:36:36.445-03:00 level=INFO msg=security_symlink_validated symlink=usr/share/man/man3/XmbufGetScreenInfo.3.gz target=Xmbuf.3.gz type=relative
time=2025-11-13T18:36:36.445-03:00 level=INFO msg=security_symlink_validated symlink=usr/share/man/man3/XmbufGetVersion.3.gz target=Xmbuf.3.gz type=relative
time=2025-11-13T18:36:36.445-03:00 level=INFO msg=security_symlink_validated symlink=usr/share/man/man3/XmbufGetWindowAttributes.3.gz target=Xmbuf.3.gz type=relative
time=2025-11-13T18:36:36.445-03:00 level=INFO msg=security_symlink_validated symlink=usr/share/man/man3/XmbufQueryExtension.3.gz target=Xmbuf.3.gz type=relative
time=2025-11-13T18:36:36.445-03:00 level=INFO msg=security_symlink_validated symlink=usr/share/man/man3/XtAddCallbacks.3.gz target=XtAddCallback.3.gz type=relative
time=2025-11-13T18:36:36.445-03:00 level=INFO msg=security_symlink_validated symlink=usr/share/man/man3/XtAddConverter.3.gz target=XtAppAddConverter.3.gz type=relative
time=2025-11-13T18:36:36.445-03:00 level=INFO msg=security_symlink_validated symlink=usr/share/man/man3/XtAddRawEventHandler.3.gz target=XtAddEventHandler.3.gz type=relative
time=2025-11-13T18:36:36.445-03:00 level=INFO msg=security_symlink_validated symlink=usr/share/man/man3/XtAddTimeOut.3.gz target=XtAddInput.3.gz type=relative
time=2025-11-13T18:36:36.445-03:00 level=INFO msg=security_symlink_validated symlink=usr/share/man/man3/XtAddWorkProc.3.gz target=XtAddInput.3.gz type=relative
time=2025-11-13T18:36:36.445-03:00 level=INFO msg=security_symlink_validated symlink=usr/share/man/man3/XtAppGetErrorDatabaseText.3.gz target=XtAppGetErrorDatabase.3.gz type=relative
time=2025-11-13T18:36:36.445-03:00 level=INFO msg=security_symlink_validated symlink=usr/share/man/man3/XtAppGetExitFlag.3.gz target=XtAppSetExitFlag.3.gz type=relative
time=2025-11-13T18:36:36.445-03:00 level=INFO msg=security_symlink_validated symlink=usr/share/man/man3/XtAppMainLoop.3.gz target=XtAppNextEvent.3.gz type=relative
time=2025-11-13T18:36:36.445-03:00 level=INFO msg=security_symlink_validated symlink=usr/share/man/man3/XtAppPeekEvent.3.gz target=XtAppNextEvent.3.gz type=relative
time=2025-11-13T18:36:36.445-03:00 level=INFO msg=security_symlink_validated symlink=usr/share/man/man3/XtAppPending.3.gz target=XtAppNextEvent.3.gz type=relative
time=2025-11-13T18:36:36.445-03:00 level=INFO msg=security_symlink_validated symlink=usr/share/man/man3/XtAppProcessEvent.3.gz target=XtAppNextEvent.3.gz type=relative
time=2025-11-13T18:36:36.445-03:00 level=INFO msg=security_symlink_validated symlink=usr/share/man/man3/XtAppSetErrorHandler.3.gz target=XtAppError.3.gz type=relative
time=2025-11-13T18:36:36.446-03:00 level=INFO msg=security_symlink_validated symlink=usr/share/man/man3/XtAppSetErrorMsgHandler.3.gz target=XtAppErrorMsg.3.gz type=relative
time=2025-11-13T18:36:36.446-03:00 level=INFO msg=security_symlink_validated symlink=usr/share/man/man3/XtAppSetSelectionTimeout.3.gz target=XtAppGetSelectionTimeout.3.gz type=relative
time=2025-11-13T18:36:36.446-03:00 level=INFO msg=security_symlink_validated symlink=usr/share/man/man3/XtAppSetWarningHandler.3.gz target=XtAppError.3.gz type=relative
time=2025-11-13T18:36:36.446-03:00 level=INFO msg=security_symlink_validated symlink=usr/share/man/man3/XtAppSetWarningMsgHandler.3.gz target=XtAppErrorMsg.3.gz type=relative
time=2025-11-13T18:36:36.446-03:00 level=INFO msg=security_symlink_validated symlink=usr/share/man/man3/XtAppUnlock.3.gz target=XtAppLock.3.gz type=relative
time=2025-11-13T18:36:36.446-03:00 level=INFO msg=security_symlink_validated symlink=usr/share/man/man3/XtAppWarning.3.gz target=XtAppError.3.gz type=relative
time=2025-11-13T18:36:36.446-03:00 level=INFO msg=security_symlink_validated symlink=usr/share/man/man3/XtAppWarningMsg.3.gz target=XtAppErrorMsg.3.gz type=relative
time=2025-11-13T18:36:36.446-03:00 level=INFO msg=security_symlink_validated symlink=usr/share/man/man3/XtAsprintf.3.gz target=XtMalloc.3.gz type=relative
time=2025-11-13T18:36:36.446-03:00 level=INFO msg=security_symlink_validated symlink=usr/share/man/man3/XtAugmentTranslations.3.gz target=XtParseTranslationTable.3.gz type=relative
time=2025-11-13T18:36:36.446-03:00 level=INFO msg=security_symlink_validated symlink=usr/share/man/man3/XtCallCallbackList.3.gz target=XtCallCallbacks.3.gz type=relative
time=2025-11-13T18:36:36.446-03:00 level=INFO msg=security_symlink_validated symlink=usr/share/man/man3/XtCallConverter.3.gz target=XtConvertAndStore.3.gz type=relative
time=2025-11-13T18:36:36.446-03:00 level=INFO msg=security_symlink_validated symlink=usr/share/man/man3/XtCallbackExclusive.3.gz target=XtPopup.3.gz type=relative
time=2025-11-13T18:36:36.446-03:00 level=INFO msg=security_symlink_validated symlink=usr/share/man/man3/XtCallbackNone.3.gz target=XtPopup.3.gz type=relative
time=2025-11-13T18:36:36.446-03:00 level=INFO msg=security_symlink_validated symlink=usr/share/man/man3/XtCallbackNonexclusive.3.gz target=XtPopup.3.gz type=relative
time=2025-11-13T18:36:36.446-03:00 level=INFO msg=security_symlink_validated symlink=usr/share/man/man3/XtCallbackPopdown.3.gz target=XtPopdown.3.gz type=relative
time=2025-11-13T18:36:36.446-03:00 level=INFO msg=security_symlink_validated symlink=usr/share/man/man3/XtCalloc.3.gz target=XtMalloc.3.gz type=relative
time=2025-11-13T18:36:36.446-03:00 level=INFO msg=security_symlink_validated symlink=usr/share/man/man3/XtCancelSelectionRequest.3.gz target=XtCreateSelectionRequest.3.gz type=relative
time=2025-11-13T18:36:36.446-03:00 level=INFO msg=security_symlink_validated symlink=usr/share/man/man3/XtChangeManagedSet.3.gz target=XtManageChildren.3.gz type=relative
time=2025-11-13T18:36:36.446-03:00 level=INFO msg=security_symlink_validated symlink=usr/share/man/man3/XtCheckSubclass.3.gz target=XtClass.3.gz type=relative
time=2025-11-13T18:36:36.446-03:00 level=INFO msg=security_symlink_validated symlink=usr/share/man/man3/XtCloseDisplay.3.gz target=XtDisplayInitialize.3.gz type=relative
time=2025-11-13T18:36:36.446-03:00 level=INFO msg=security_symlink_validated symlink=usr/share/man/man3/XtConvertCase.3.gz target=XtSetKeyTranslator.3.gz type=relative
time=2025-11-13T18:36:36.446-03:00 level=INFO msg=security_symlink_validated symlink=usr/share/man/man3/XtCreateManagedWidget.3.gz target=XtCreateWidget.3.gz type=relative
time=2025-11-13T18:36:36.446-03:00 level=INFO msg=security_symlink_validated symlink=usr/share/man/man3/XtDatabase.3.gz target=XtDisplayInitialize.3.gz type=relative
time=2025-11-13T18:36:36.446-03:00 level=INFO msg=security_symlink_validated symlink=usr/share/man/man3/XtDestroyApplicationContext.3.gz target=XtCreateApplicationContext.3.gz type=relative
time=2025-11-13T18:36:36.446-03:00 level=INFO msg=security_symlink_validated symlink=usr/share/man/man3/XtDestroyWidget.3.gz target=XtCreateWidget.3.gz type=relative
time=2025-11-13T18:36:36.446-03:00 level=INFO msg=security_symlink_validated symlink=usr/share/man/man3/XtDirectConvert.3.gz target=XtConvert.3.gz type=relative
time=2025-11-13T18:36:36.446-03:00 level=INFO msg=security_symlink_validated symlink=usr/share/man/man3/XtDisownSelection.3.gz target=XtOwnSelection.3.gz type=relative
time=2025-11-13T18:36:36.446-03:00 level=INFO msg=security_symlink_validated symlink=usr/share/man/man3/XtDispatchEvent.3.gz target=XtAppNextEvent.3.gz type=relative
time=2025-11-13T18:36:36.446-03:00 level=INFO msg=security_symlink_validated symlink=usr/share/man/man3/XtDispatchEventToWidget.3.gz target=XtInsertEventTypeHandler.3.gz type=relative
time=2025-11-13T18:36:36.446-03:00 level=INFO msg=security_symlink_validated symlink=usr/share/man/man3/XtDisplayOfObject.3.gz target=XtDisplay.3.gz type=relative
time=2025-11-13T18:36:36.446-03:00 level=INFO msg=security_symlink_validated symlink=usr/share/man/man3/XtFree.3.gz target=XtMalloc.3.gz type=relative
time=2025-11-13T18:36:36.447-03:00 level=INFO msg=security_symlink_validated symlink=usr/share/man/man3/XtGetConstraintResourceList.3.gz target=XtGetResourceList.3.gz type=relative
time=2025-11-13T18:36:36.447-03:00 level=INFO msg=security_symlink_validated symlink=usr/share/man/man3/XtGetErrorDatabaseText.3.gz target=XtGetErrorDatabase.3.gz type=relative
time=2025-11-13T18:36:36.447-03:00 level=INFO msg=security_symlink_validated symlink=usr/share/man/man3/XtGetMultiClickTime.3.gz target=XtSetMultiClickTime.3.gz type=relative
time=2025-11-13T18:36:36.447-03:00 level=INFO msg=security_symlink_validated symlink=usr/share/man/man3/XtGetSelectionValues.3.gz target=XtGetSelectionValue.3.gz type=relative
time=2025-11-13T18:36:36.447-03:00 level=INFO msg=security_symlink_validated symlink=usr/share/man/man3/XtGetSelectionValuesIncremental.3.gz target=XtGetSelectionValueIncremental.3.gz type=relative
time=2025-11-13T18:36:36.447-03:00 level=INFO msg=security_symlink_validated symlink=usr/share/man/man3/XtGetSubvalues.3.gz target=XtSetValues.3.gz type=relative
time=2025-11-13T18:36:36.447-03:00 level=INFO msg=security_symlink_validated symlink=usr/share/man/man3/XtGetValues.3.gz target=XtSetValues.3.gz type=relative
time=2025-11-13T18:36:36.447-03:00 level=INFO msg=security_symlink_validated symlink=usr/share/man/man3/XtGrabButton.3.gz target=XtGrabKey.3.gz type=relative
time=2025-11-13T18:36:36.447-03:00 level=INFO msg=security_symlink_validated symlink=usr/share/man/man3/XtGrabKeyboard.3.gz target=XtGrabKey.3.gz type=relative
time=2025-11-13T18:36:36.447-03:00 level=INFO msg=security_symlink_validated symlink=usr/share/man/man3/XtGrabPointer.3.gz target=XtGrabKey.3.gz type=relative
time=2025-11-13T18:36:36.447-03:00 level=INFO msg=security_symlink_validated symlink=usr/share/man/man3/XtHasCallbacks.3.gz target=XtCallCallbacks.3.gz type=relative
time=2025-11-13T18:36:36.447-03:00 level=INFO msg=security_symlink_validated symlink=usr/share/man/man3/XtInsertEventHandler.3.gz target=XtAddEventHandler.3.gz type=relative
time=2025-11-13T18:36:36.447-03:00 level=INFO msg=security_symlink_validated symlink=usr/share/man/man3/XtInsertRawEventHandler.3.gz target=XtAddEventHandler.3.gz type=relative
time=2025-11-13T18:36:36.447-03:00 level=INFO msg=security_symlink_validated symlink=usr/share/man/man3/XtInstallAccelerators.3.gz target=XtParseAcceleratorTable.3.gz type=relative
time=2025-11-13T18:36:36.447-03:00 level=INFO msg=security_symlink_validated symlink=usr/share/man/man3/XtInstallAllAccelerators.3.gz target=XtParseAcceleratorTable.3.gz type=relative
time=2025-11-13T18:36:36.447-03:00 level=INFO msg=security_symlink_validated symlink=usr/share/man/man3/XtIsApplicationShell.3.gz target=XtClass.3.gz type=relative
time=2025-11-13T18:36:36.447-03:00 level=INFO msg=security_symlink_validated symlink=usr/share/man/man3/XtIsComposite.3.gz target=XtClass.3.gz type=relative
time=2025-11-13T18:36:36.447-03:00 level=INFO msg=security_symlink_validated symlink=usr/share/man/man3/XtIsConstraint.3.gz target=XtClass.3.gz type=relative
time=2025-11-13T18:36:36.447-03:00 level=INFO msg=security_symlink_validated symlink=usr/share/man/man3/XtIsManaged.3.gz target=XtManageChildren.3.gz type=relative
time=2025-11-13T18:36:36.447-03:00 level=INFO msg=security_symlink_validated symlink=usr/share/man/man3/XtIsObject.3.gz target=XtClass.3.gz type=relative
time=2025-11-13T18:36:36.447-03:00 level=INFO msg=security_symlink_validated symlink=usr/share/man/man3/XtIsOverrideShell.3.gz target=XtClass.3.gz type=relative
time=2025-11-13T18:36:36.447-03:00 level=INFO msg=security_symlink_validated symlink=usr/share/man/man3/XtIsRealized.3.gz target=XtRealizeWidget.3.gz type=relative
time=2025-11-13T18:36:36.447-03:00 level=INFO msg=security_symlink_validated symlink=usr/share/man/man3/XtIsRectObj.3.gz target=XtClass.3.gz type=relative
time=2025-11-13T18:36:36.447-03:00 level=INFO msg=security_symlink_validated symlink=usr/share/man/man3/XtIsSensitive.3.gz target=XtSetSensitive.3.gz type=relative
time=2025-11-13T18:36:36.447-03:00 level=INFO msg=security_symlink_validated symlink=usr/share/man/man3/XtIsSessionShell.3.gz target=XtClass.3.gz type=relative
time=2025-11-13T18:36:36.447-03:00 level=INFO msg=security_symlink_validated symlink=usr/share/man/man3/XtIsShell.3.gz target=XtClass.3.gz type=relative
time=2025-11-13T18:36:36.447-03:00 level=INFO msg=security_symlink_validated symlink=usr/share/man/man3/XtIsSubclass.3.gz target=XtClass.3.gz type=relative
time=2025-11-13T18:36:36.447-03:00 level=INFO msg=security_symlink_validated symlink=usr/share/man/man3/XtIsTopLevelShell.3.gz target=XtClass.3.gz type=relative
time=2025-11-13T18:36:36.447-03:00 level=INFO msg=security_symlink_validated symlink=usr/share/man/man3/XtIsTransientShell.3.gz target=XtClass.3.gz type=relative
time=2025-11-13T18:36:36.447-03:00 level=INFO msg=security_symlink_validated symlink=usr/share/man/man3/XtIsVendorShell.3.gz target=XtClass.3.gz type=relative
time=2025-11-13T18:36:36.447-03:00 level=INFO msg=security_symlink_validated symlink=usr/share/man/man3/XtIsWMShell.3.gz target=XtClass.3.gz type=relative
time=2025-11-13T18:36:36.447-03:00 level=INFO msg=security_symlink_validated symlink=usr/share/man/man3/XtIsWidget.3.gz target=XtClass.3.gz type=relative
time=2025-11-13T18:36:36.447-03:00 level=INFO msg=security_symlink_validated symlink=usr/share/man/man3/XtKeysymToKeycodeList.3.gz target=XtGetKeysymTable.3.gz type=relative
time=2025-11-13T18:36:36.447-03:00 level=INFO msg=security_symlink_validated symlink=usr/share/man/man3/XtLastTimestampProcessed.3.gz target=XtLastEventProcessed.3.gz type=relative
time=2025-11-13T18:36:36.447-03:00 level=INFO msg=security_symlink_validated symlink=usr/share/man/man3/XtMainLoop.3.gz target=XtNextEvent.3.gz type=relative
time=2025-11-13T18:36:36.447-03:00 level=INFO msg=security_symlink_validated symlink=usr/share/man/man3/XtMakeResizeRequest.3.gz target=XtMakeGeometryRequest.3.gz type=relative
time=2025-11-13T18:36:36.447-03:00 level=INFO msg=security_symlink_validated symlink=usr/share/man/man3/XtManageChild.3.gz target=XtManageChildren.3.gz type=relative
time=2025-11-13T18:36:36.447-03:00 level=INFO msg=security_symlink_validated symlink=usr/share/man/man3/XtMergeArgLists.3.gz target=XtSetArg.3.gz type=relative
time=2025-11-13T18:36:36.447-03:00 level=INFO msg=security_symlink_validated symlink=usr/share/man/man3/XtMoveWidget.3.gz target=XtConfigureWidget.3.gz type=relative
time=2025-11-13T18:36:36.447-03:00 level=INFO msg=security_symlink_validated symlink=usr/share/man/man3/XtNew.3.gz target=XtMalloc.3.gz type=relative
time=2025-11-13T18:36:36.447-03:00 level=INFO msg=security_symlink_validated symlink=usr/share/man/man3/XtNewString.3.gz target=XtMalloc.3.gz type=relative
time=2025-11-13T18:36:36.447-03:00 level=INFO msg=security_symlink_validated symlink=usr/share/man/man3/XtNoticeSignal.3.gz target=XtAppAddSignal.3.gz type=relative
time=2025-11-13T18:36:36.448-03:00 level=INFO msg=security_symlink_validated symlink=usr/share/man/man3/XtNumber.3.gz target=XtOffset.3.gz type=relative
time=2025-11-13T18:36:36.448-03:00 level=INFO msg=security_symlink_validated symlink=usr/share/man/man3/XtOffsetOf.3.gz target=XtOffset.3.gz type=relative
time=2025-11-13T18:36:36.448-03:00 level=INFO msg=security_symlink_validated symlink=usr/share/man/man3/XtOpenDisplay.3.gz target=XtDisplayInitialize.3.gz type=relative
time=2025-11-13T18:36:36.448-03:00 level=INFO msg=security_symlink_validated symlink=usr/share/man/man3/XtOverrideTranslations.3.gz target=XtParseTranslationTable.3.gz type=relative
time=2025-11-13T18:36:36.448-03:00 level=INFO msg=security_symlink_validated symlink=usr/share/man/man3/XtOwnSelectionIncremental.3.gz target=XtOwnSelection.3.gz type=relative
time=2025-11-13T18:36:36.448-03:00 level=INFO msg=security_symlink_validated symlink=usr/share/man/man3/XtPeekEvent.3.gz target=XtNextEvent.3.gz type=relative
time=2025-11-13T18:36:36.448-03:00 level=INFO msg=security_symlink_validated symlink=usr/share/man/man3/XtPending.3.gz target=XtNextEvent.3.gz type=relative
time=2025-11-13T18:36:36.448-03:00 level=INFO msg=security_symlink_validated symlink=usr/share/man/man3/XtPopupSpringLoaded.3.gz target=XtPopup.3.gz type=relative
time=2025-11-13T18:36:36.448-03:00 level=INFO msg=security_symlink_validated symlink=usr/share/man/man3/XtProcessEvent.3.gz target=XtNextEvent.3.gz type=relative
time=2025-11-13T18:36:36.448-03:00 level=INFO msg=security_symlink_validated symlink=usr/share/man/man3/XtProcessUnlock.3.gz target=XtProcessLock.3.gz type=relative
time=2025-11-13T18:36:36.448-03:00 level=INFO msg=security_symlink_validated symlink=usr/share/man/man3/XtRealloc.3.gz target=XtMalloc.3.gz type=relative
time=2025-11-13T18:36:36.448-03:00 level=INFO msg=security_symlink_validated symlink=usr/share/man/man3/XtRegisterCaseConverter.3.gz target=XtSetKeyTranslator.3.gz type=relative
time=2025-11-13T18:36:36.448-03:00 level=INFO msg=security_symlink_validated symlink=usr/share/man/man3/XtRegisterExtensionSelector.3.gz target=XtInsertEventTypeHandler.3.gz type=relative
time=2025-11-13T18:36:36.448-03:00 level=INFO msg=security_symlink_validated symlink=usr/share/man/man3/XtReleaseGC.3.gz target=XtGetGC.3.gz type=relative
time=2025-11-13T18:36:36.448-03:00 level=INFO msg=security_symlink_validated symlink=usr/share/man/man3/XtReleasePropertyAtom.3.gz target=XtReservePropertyAtom.3.gz type=relative
time=2025-11-13T18:36:36.448-03:00 level=INFO msg=security_symlink_validated symlink=usr/share/man/man3/XtRemoveActionHook.3.gz target=XtAppAddActionHook.3.gz type=relative
time=2025-11-13T18:36:36.448-03:00 level=INFO msg=security_symlink_validated symlink=usr/share/man/man3/XtRemoveAllCallbacks.3.gz target=XtAddCallback.3.gz type=relative
time=2025-11-13T18:36:36.448-03:00 level=INFO msg=security_symlink_validated symlink=usr/share/man/man3/XtRemoveBlockHook.3.gz target=XtAppAddBlockHook.3.gz type=relative
time=2025-11-13T18:36:36.448-03:00 level=INFO msg=security_symlink_validated symlink=usr/share/man/man3/XtRemoveCallback.3.gz target=XtAddCallback.3.gz type=relative
time=2025-11-13T18:36:36.448-03:00 level=INFO msg=security_symlink_validated symlink=usr/share/man/man3/XtRemoveCallbacks.3.gz target=XtAddCallback.3.gz type=relative
time=2025-11-13T18:36:36.448-03:00 level=INFO msg=security_symlink_validated symlink=usr/share/man/man3/XtRemoveEventHandler.3.gz target=XtAddEventHandler.3.gz type=relative
time=2025-11-13T18:36:36.448-03:00 level=INFO msg=security_symlink_validated symlink=usr/share/man/man3/XtRemoveEventTypeHandler.3.gz target=XtInsertEventTypeHandler.3.gz type=relative
time=2025-11-13T18:36:36.448-03:00 level=INFO msg=security_symlink_validated symlink=usr/share/man/man3/XtRemoveGrab.3.gz target=XtAddGrab.3.gz type=relative
time=2025-11-13T18:36:36.448-03:00 level=INFO msg=security_symlink_validated symlink=usr/share/man/man3/XtRemoveInput.3.gz target=XtAppAddInput.3.gz type=relative
time=2025-11-13T18:36:36.448-03:00 level=INFO msg=security_symlink_validated symlink=usr/share/man/man3/XtRemoveRawEventHandler.3.gz target=XtAddEventHandler.3.gz type=relative
time=2025-11-13T18:36:36.448-03:00 level=INFO msg=security_symlink_validated symlink=usr/share/man/man3/XtRemoveSignal.3.gz target=XtAppAddSignal.3.gz type=relative
time=2025-11-13T18:36:36.448-03:00 level=INFO msg=security_symlink_validated symlink=usr/share/man/man3/XtRemoveTimeOut.3.gz target=XtAppAddTimeOut.3.gz type=relative
time=2025-11-13T18:36:36.448-03:00 level=INFO msg=security_symlink_validated symlink=usr/share/man/man3/XtRemoveWorkProc.3.gz target=XtAppAddWorkProc.3.gz type=relative
time=2025-11-13T18:36:36.448-03:00 level=INFO msg=security_symlink_validated symlink=usr/share/man/man3/XtResizeWidget.3.gz target=XtConfigureWidget.3.gz type=relative
time=2025-11-13T18:36:36.448-03:00 level=INFO msg=security_symlink_validated symlink=usr/share/man/man3/XtScreen.3.gz target=XtDisplay.3.gz type=relative
time=2025-11-13T18:36:36.449-03:00 level=INFO msg=security_symlink_validated symlink=usr/share/man/man3/XtScreenDatabase.3.gz target=XtDisplayInitialize.3.gz type=relative
time=2025-11-13T18:36:36.449-03:00 level=INFO msg=security_symlink_validated symlink=usr/share/man/man3/XtScreenOfObject.3.gz target=XtDisplay.3.gz type=relative
time=2025-11-13T18:36:36.449-03:00 level=INFO msg=security_symlink_validated symlink=usr/share/man/man3/XtSendSelectionRequest.3.gz target=XtCreateSelectionRequest.3.gz type=relative
time=2025-11-13T18:36:36.449-03:00 level=INFO msg=security_symlink_validated symlink=usr/share/man/man3/XtSessionReturnToken.3.gz target=XtSessionGetToken.3.gz type=relative
time=2025-11-13T18:36:36.449-03:00 level=INFO msg=security_symlink_validated symlink=usr/share/man/man3/XtSetErrorHandler.3.gz target=XtError.3.gz type=relative
time=2025-11-13T18:36:36.449-03:00 level=INFO msg=security_symlink_validated symlink=usr/share/man/man3/XtSetErrorMsgHandler.3.gz target=XtErrorMsg.3.gz type=relative
time=2025-11-13T18:36:36.449-03:00 level=INFO msg=security_symlink_validated symlink=usr/share/man/man3/XtSetEventDispatcher.3.gz target=XtInsertEventTypeHandler.3.gz type=relative
time=2025-11-13T18:36:36.449-03:00 level=INFO msg=security_symlink_validated symlink=usr/share/man/man3/XtSetMappedWhenManaged.3.gz target=XtMapWidget.3.gz type=relative
time=2025-11-13T18:36:36.449-03:00 level=INFO msg=security_symlink_validated symlink=usr/share/man/man3/XtSetSelectionTimeout.3.gz target=XtGetSelectionTimeout.3.gz type=relative
time=2025-11-13T18:36:36.449-03:00 level=INFO msg=security_symlink_validated symlink=usr/share/man/man3/XtSetSubvalues.3.gz target=XtSetValues.3.gz type=relative
time=2025-11-13T18:36:36.449-03:00 level=INFO msg=security_symlink_validated symlink=usr/share/man/man3/XtSetTypeConverter.3.gz target=XtAppSetTypeConverter.3.gz type=relative
time=2025-11-13T18:36:36.449-03:00 level=INFO msg=security_symlink_validated symlink=usr/share/man/man3/XtSetWarningHandler.3.gz target=XtError.3.gz type=relative
time=2025-11-13T18:36:36.449-03:00 level=INFO msg=security_symlink_validated symlink=usr/share/man/man3/XtSetWarningMsgHandler.3.gz target=XtErrorMsg.3.gz type=relative
time=2025-11-13T18:36:36.449-03:00 level=INFO msg=security_symlink_validated symlink=usr/share/man/man3/XtSuperclass.3.gz target=XtClass.3.gz type=relative
time=2025-11-13T18:36:36.449-03:00 level=INFO msg=security_symlink_validated symlink=usr/share/man/man3/XtToolkitInitialize.3.gz target=XtCreateApplicationContext.3.gz type=relative
time=2025-11-13T18:36:36.449-03:00 level=INFO msg=security_symlink_validated symlink=usr/share/man/man3/XtTranslateKeycode.3.gz target=XtSetKeyTranslator.3.gz type=relative
time=2025-11-13T18:36:36.449-03:00 level=INFO msg=security_symlink_validated symlink=usr/share/man/man3/XtUngrabButton.3.gz target=XtGrabKey.3.gz type=relative
time=2025-11-13T18:36:36.449-03:00 level=INFO msg=security_symlink_validated symlink=usr/share/man/man3/XtUngrabKey.3.gz target=XtGrabKey.3.gz type=relative
time=2025-11-13T18:36:36.449-03:00 level=INFO msg=security_symlink_validated symlink=usr/share/man/man3/XtUngrabKeyboard.3.gz target=XtGrabKey.3.gz type=relative
time=2025-11-13T18:36:36.449-03:00 level=INFO msg=security_symlink_validated symlink=usr/share/man/man3/XtUngrabPointer.3.gz target=XtGrabKey.3.gz type=relative
time=2025-11-13T18:36:36.449-03:00 level=INFO msg=security_symlink_validated symlink=usr/share/man/man3/XtUninstallTranslations.3.gz target=XtParseTranslationTable.3.gz type=relative
time=2025-11-13T18:36:36.449-03:00 level=INFO msg=security_symlink_validated symlink=usr/share/man/man3/XtUnmanageChild.3.gz target=XtManageChildren.3.gz type=relative
time=2025-11-13T18:36:36.449-03:00 level=INFO msg=security_symlink_validated symlink=usr/share/man/man3/XtUnmanageChildren.3.gz target=XtManageChildren.3.gz type=relative
time=2025-11-13T18:36:36.449-03:00 level=INFO msg=security_symlink_validated symlink=usr/share/man/man3/XtUnmapWidget.3.gz target=XtMapWidget.3.gz type=relative
time=2025-11-13T18:36:36.449-03:00 level=INFO msg=security_symlink_validated symlink=usr/share/man/man3/XtUnrealizeWidget.3.gz target=XtRealizeWidget.3.gz type=relative
time=2025-11-13T18:36:36.449-03:00 level=INFO msg=security_symlink_validated symlink=usr/share/man/man3/XtUnregisterDrawable.3.gz target=XtRegisterDrawable.3.gz type=relative
time=2025-11-13T18:36:36.449-03:00 level=INFO msg=security_symlink_validated symlink=usr/share/man/man3/XtVaAppCreateShell.3.gz target=XtAppCreateShell.3.gz type=relative
time=2025-11-13T18:36:36.449-03:00 level=INFO msg=security_symlink_validated symlink=usr/share/man/man3/XtVaAppInitialize.3.gz target=XtAppInitialize.3.gz type=relative
time=2025-11-13T18:36:36.449-03:00 level=INFO msg=security_symlink_validated symlink=usr/share/man/man3/XtVaCreateManagedWidget.3.gz target=XtCreateWidget.3.gz type=relative
time=2025-11-13T18:36:36.449-03:00 level=INFO msg=security_symlink_validated symlink=usr/share/man/man3/XtVaCreatePopupShell.3.gz target=XtCreatePopupShell.3.gz type=relative
time=2025-11-13T18:36:36.449-03:00 level=INFO msg=security_symlink_validated symlink=usr/share/man/man3/XtVaCreateWidget.3.gz target=XtCreateWidget.3.gz type=relative
time=2025-11-13T18:36:36.449-03:00 level=INFO msg=security_symlink_validated symlink=usr/share/man/man3/XtVaGetApplicationResources.3.gz target=XtGetApplicationResources.3.gz type=relative
time=2025-11-13T18:36:36.449-03:00 level=INFO msg=security_symlink_validated symlink=usr/share/man/man3/XtVaGetSubresources.3.gz target=XtGetSubresources.3.gz type=relative
time=2025-11-13T18:36:36.449-03:00 level=INFO msg=security_symlink_validated symlink=usr/share/man/man3/XtVaGetSubvalues.3.gz target=XtSetValues.3.gz type=relative
time=2025-11-13T18:36:36.449-03:00 level=INFO msg=security_symlink_validated symlink=usr/share/man/man3/XtVaGetValues.3.gz target=XtSetValues.3.gz type=relative
time=2025-11-13T18:36:36.449-03:00 level=INFO msg=security_symlink_validated symlink=usr/share/man/man3/XtVaOpenApplication.3.gz target=XtOpenApplication.3.gz type=relative
time=2025-11-13T18:36:36.449-03:00 level=INFO msg=security_symlink_validated symlink=usr/share/man/man3/XtVaSetSubvalues.3.gz target=XtSetValues.3.gz type=relative
time=2025-11-13T18:36:36.449-03:00 level=INFO msg=security_symlink_validated symlink=usr/share/man/man3/XtVaSetValues.3.gz target=XtSetValues.3.gz type=relative
time=2025-11-13T18:36:36.449-03:00 level=INFO msg=security_symlink_validated symlink=usr/share/man/man3/XtWarning.3.gz target=XtError.3.gz type=relative
time=2025-11-13T18:36:36.449-03:00 level=INFO msg=security_symlink_validated symlink=usr/share/man/man3/XtWarningMsg.3.gz target=XtErrorMsg.3.gz type=relative
time=2025-11-13T18:36:36.449-03:00 level=INFO msg=security_symlink_validated symlink=usr/share/man/man3/XtWidgetToApplicationContext.3.gz target=XtCreateApplicationContext.3.gz type=relative
time=2025-11-13T18:36:36.449-03:00 level=INFO msg=security_symlink_validated symlink=usr/share/man/man3/XtWindow.3.gz target=XtDisplay.3.gz type=relative
time=2025-11-13T18:36:36.449-03:00 level=INFO msg=security_symlink_validated symlink=usr/share/man/man3/XtWindowOfObject.3.gz target=XtDisplay.3.gz type=relative
time=2025-11-13T18:36:36.449-03:00 level=INFO msg=security_symlink_validated symlink=usr/share/man/man3/XtWindowToWidget.3.gz target=XtNameToWidget.3.gz type=relative
time=2025-11-13T18:36:36.449-03:00 level=INFO msg=security_symlink_validated symlink=usr/share/man/man3/avc_audit.3.gz target=avc_has_perm.3.gz type=relative
time=2025-11-13T18:36:36.450-03:00 level=INFO msg=security_symlink_validated symlink=usr/share/man/man3/avc_av_stats.3.gz target=avc_cache_stats.3.gz type=relative
time=2025-11-13T18:36:36.450-03:00 level=INFO msg=security_symlink_validated symlink=usr/share/man/man3/avc_cleanup.3.gz target=avc_open.3.gz type=relative
time=2025-11-13T18:36:36.450-03:00 level=INFO msg=security_symlink_validated symlink=usr/share/man/man3/avc_compute_member.3.gz target=avc_compute_create.3.gz type=relative
time=2025-11-13T18:36:36.450-03:00 level=INFO msg=security_symlink_validated symlink=usr/share/man/man3/avc_destroy.3.gz target=avc_open.3.gz type=relative
time=2025-11-13T18:36:36.450-03:00 level=INFO msg=security_symlink_validated symlink=usr/share/man/man3/avc_entry_ref_init.3.gz target=avc_has_perm.3.gz type=relative
time=2025-11-13T18:36:36.450-03:00 level=INFO msg=security_symlink_validated symlink=usr/share/man/man3/avc_get_initial_context.3.gz target=avc_context_to_sid.3.gz type=relative
time=2025-11-13T18:36:36.450-03:00 level=INFO msg=security_symlink_validated symlink=usr/share/man/man3/avc_get_initial_sid.3.gz target=avc_context_to_sid.3.gz type=relative
time=2025-11-13T18:36:36.450-03:00 level=INFO msg=security_symlink_validated symlink=usr/share/man/man3/avc_has_perm_noaudit.3.gz target=avc_has_perm.3.gz type=relative
time=2025-11-13T18:36:36.450-03:00 level=INFO msg=security_symlink_validated symlink=usr/share/man/man3/avc_netlink_acquire_fd.3.gz target=avc_netlink_loop.3.gz type=relative
time=2025-11-13T18:36:36.450-03:00 level=INFO msg=security_symlink_validated symlink=usr/share/man/man3/avc_netlink_check_nb.3.gz target=avc_netlink_loop.3.gz type=relative
time=2025-11-13T18:36:36.450-03:00 level=INFO msg=security_symlink_validated symlink=usr/share/man/man3/avc_netlink_close.3.gz target=avc_netlink_loop.3.gz type=relative
time=2025-11-13T18:36:36.450-03:00 level=INFO msg=security_symlink_validated symlink=usr/share/man/man3/avc_netlink_open.3.gz target=avc_netlink_loop.3.gz type=relative
time=2025-11-13T18:36:36.450-03:00 level=INFO msg=security_symlink_validated symlink=usr/share/man/man3/avc_netlink_release_fd.3.gz target=avc_netlink_loop.3.gz type=relative
time=2025-11-13T18:36:36.450-03:00 level=INFO msg=security_symlink_validated symlink=usr/share/man/man3/avc_reset.3.gz target=avc_open.3.gz type=relative
time=2025-11-13T18:36:36.450-03:00 level=INFO msg=security_symlink_validated symlink=usr/share/man/man3/avc_sid_stats.3.gz target=avc_cache_stats.3.gz type=relative
time=2025-11-13T18:36:36.450-03:00 level=INFO msg=security_symlink_validated symlink=usr/share/man/man3/avc_sid_to_context.3.gz target=avc_context_to_sid.3.gz type=relative
time=2025-11-13T18:36:36.450-03:00 level=INFO msg=security_symlink_validated symlink=usr/share/man/man3/checkPasswdAccess.3.gz target=security_compute_av.3.gz type=relative
time=2025-11-13T18:36:36.450-03:00 level=INFO msg=security_symlink_validated symlink=usr/share/man/man3/context_free.3.gz target=context_new.3.gz type=relative
time=2025-11-13T18:36:36.450-03:00 level=INFO msg=security_symlink_validated symlink=usr/share/man/man3/context_range_get.3.gz target=context_new.3.gz type=relative
time=2025-11-13T18:36:36.450-03:00 level=INFO msg=security_symlink_validated symlink=usr/share/man/man3/context_range_set.3.gz target=context_new.3.gz type=relative
time=2025-11-13T18:36:36.450-03:00 level=INFO msg=security_symlink_validated symlink=usr/share/man/man3/context_role_get.3.gz target=context_new.3.gz type=relative
time=2025-11-13T18:36:36.450-03:00 level=INFO msg=security_symlink_validated symlink=usr/share/man/man3/context_role_set.3.gz target=context_new.3.gz type=relative
time=2025-11-13T18:36:36.450-03:00 level=INFO msg=security_symlink_validated symlink=usr/share/man/man3/context_type_get.3.gz target=context_new.3.gz type=relative
time=2025-11-13T18:36:36.450-03:00 level=INFO msg=security_symlink_validated symlink=usr/share/man/man3/context_type_set.3.gz target=context_new.3.gz type=relative
time=2025-11-13T18:36:36.450-03:00 level=INFO msg=security_symlink_validated symlink=usr/share/man/man3/context_user_get.3.gz target=context_new.3.gz type=relative
time=2025-11-13T18:36:36.450-03:00 level=INFO msg=security_symlink_validated symlink=usr/share/man/man3/context_user_set.3.gz target=context_new.3.gz type=relative
time=2025-11-13T18:36:36.450-03:00 level=INFO msg=security_symlink_validated symlink=usr/share/man/man3/crypt_gensalt_ra.3.gz target=crypt_gensalt.3.gz type=relative
time=2025-11-13T18:36:36.450-03:00 level=INFO msg=security_symlink_validated symlink=usr/share/man/man3/crypt_gensalt_rn.3.gz target=crypt_gensalt.3.gz type=relative
time=2025-11-13T18:36:36.450-03:00 level=INFO msg=security_symlink_validated symlink=usr/share/man/man3/crypt_r.3.gz target=crypt.3.gz type=relative
time=2025-11-13T18:36:36.450-03:00 level=INFO msg=security_symlink_validated symlink=usr/share/man/man3/crypt_ra.3.gz target=crypt.3.gz type=relative
time=2025-11-13T18:36:36.450-03:00 level=INFO msg=security_symlink_validated symlink=usr/share/man/man3/crypt_rn.3.gz target=crypt.3.gz type=relative
time=2025-11-13T18:36:36.450-03:00 level=INFO msg=security_symlink_validated symlink=usr/share/man/man3/fgetfilecon.3.gz target=getfilecon.3.gz type=relative
time=2025-11-13T18:36:36.450-03:00 level=INFO msg=security_symlink_validated symlink=usr/share/man/man3/fgetfilecon_raw.3.gz target=getfilecon.3.gz type=relative
time=2025-11-13T18:36:36.450-03:00 level=INFO msg=security_symlink_validated symlink=usr/share/man/man3/fini_selinuxmnt.3.gz target=init_selinuxmnt.3.gz type=relative
time=2025-11-13T18:36:36.450-03:00 level=INFO msg=security_symlink_validated symlink=usr/share/man/man3/freecon.3.gz target=getcon.3.gz type=relative
time=2025-11-13T18:36:36.450-03:00 level=INFO msg=security_symlink_validated symlink=usr/share/man/man3/freeconary.3.gz target=getcon.3.gz type=relative
time=2025-11-13T18:36:36.450-03:00 level=INFO msg=security_symlink_validated symlink=usr/share/man/man3/fsetfilecon.3.gz target=setfilecon.3.gz type=relative
time=2025-11-13T18:36:36.450-03:00 level=INFO msg=security_symlink_validated symlink=usr/share/man/man3/fsetfilecon_raw.3.gz target=setfilecon.3.gz type=relative
time=2025-11-13T18:36:36.450-03:00 level=INFO msg=security_symlink_validated symlink=usr/share/man/man3/get_default_context.3.gz target=get_ordered_context_list.3.gz type=relative
time=2025-11-13T18:36:36.451-03:00 level=INFO msg=security_symlink_validated symlink=usr/share/man/man3/get_default_context_with_level.3.gz target=get_ordered_context_list.3.gz type=relative
time=2025-11-13T18:36:36.451-03:00 level=INFO msg=security_symlink_validated symlink=usr/share/man/man3/get_default_context_with_role.3.gz target=get_ordered_context_list.3.gz type=relative
time=2025-11-13T18:36:36.451-03:00 level=INFO msg=security_symlink_validated symlink=usr/share/man/man3/get_default_context_with_rolelevel.3.gz target=get_ordered_context_list.3.gz type=relative
time=2025-11-13T18:36:36.451-03:00 level=INFO msg=security_symlink_validated symlink=usr/share/man/man3/get_default_type.3.gz target=get_ordered_context_list.3.gz type=relative
time=2025-11-13T18:36:36.451-03:00 level=INFO msg=security_symlink_validated symlink=usr/share/man/man3/get_ordered_context_list_with_level.3.gz target=get_ordered_context_list.3.gz type=relative
time=2025-11-13T18:36:36.451-03:00 level=INFO msg=security_symlink_validated symlink=usr/share/man/man3/getcon_raw.3.gz target=getcon.3.gz type=relative
time=2025-11-13T18:36:36.451-03:00 level=INFO msg=security_symlink_validated symlink=usr/share/man/man3/getexeccon_raw.3.gz target=getexeccon.3.gz type=relative
time=2025-11-13T18:36:36.451-03:00 level=INFO msg=security_symlink_validated symlink=usr/share/man/man3/getfilecon_raw.3.gz target=getfilecon.3.gz type=relative
time=2025-11-13T18:36:36.451-03:00 level=INFO msg=security_symlink_validated symlink=usr/share/man/man3/getfscreatecon_raw.3.gz target=getfscreatecon.3.gz type=relative
time=2025-11-13T18:36:36.451-03:00 level=INFO msg=security_symlink_validated symlink=usr/share/man/man3/getkeycreatecon_raw.3.gz target=getkeycreatecon.3.gz type=relative
time=2025-11-13T18:36:36.451-03:00 level=INFO msg=security_symlink_validated symlink=usr/share/man/man3/getpeercon.3.gz target=getcon.3.gz type=relative
time=2025-11-13T18:36:36.451-03:00 level=INFO msg=security_symlink_validated symlink=usr/share/man/man3/getpeercon_raw.3.gz target=getcon.3.gz type=relative
time=2025-11-13T18:36:36.451-03:00 level=INFO msg=security_symlink_validated symlink=usr/share/man/man3/getpidcon.3.gz target=getcon.3.gz type=relative
time=2025-11-13T18:36:36.451-03:00 level=INFO msg=security_symlink_validated symlink=usr/share/man/man3/getpidcon_raw.3.gz target=getcon.3.gz type=relative
time=2025-11-13T18:36:36.451-03:00 level=INFO msg=security_symlink_validated symlink=usr/share/man/man3/getprevcon.3.gz target=getcon.3.gz type=relative
time=2025-11-13T18:36:36.451-03:00 level=INFO msg=security_symlink_validated symlink=usr/share/man/man3/getprevcon_raw.3.gz target=getcon.3.gz type=relative
time=2025-11-13T18:36:36.451-03:00 level=INFO msg=security_symlink_validated symlink=usr/share/man/man3/getsockcreatecon_raw.3.gz target=getsockcreatecon.3.gz type=relative
time=2025-11-13T18:36:36.451-03:00 level=INFO msg=security_symlink_validated symlink=usr/share/man/man3/is_selinux_mls_enabled.3.gz target=is_selinux_enabled.3.gz type=relative
time=2025-11-13T18:36:36.451-03:00 level=INFO msg=security_symlink_validated symlink=usr/share/man/man3/lgetfilecon.3.gz target=getfilecon.3.gz type=relative
time=2025-11-13T18:36:36.451-03:00 level=INFO msg=security_symlink_validated symlink=usr/share/man/man3/lgetfilecon_raw.3.gz target=getfilecon.3.gz type=relative
time=2025-11-13T18:36:36.452-03:00 level=INFO msg=security_symlink_validated symlink=usr/share/man/man3/lsetfilecon.3.gz target=setfilecon.3.gz type=relative
time=2025-11-13T18:36:36.452-03:00 level=INFO msg=security_symlink_validated symlink=usr/share/man/man3/lsetfilecon_raw.3.gz target=setfilecon.3.gz type=relative
time=2025-11-13T18:36:36.452-03:00 level=INFO msg=security_symlink_validated symlink=usr/share/man/man3/manual_user_enter_context.3.gz target=get_ordered_context_list.3.gz type=relative
time=2025-11-13T18:36:36.452-03:00 level=INFO msg=security_symlink_validated symlink=usr/share/man/man3/matchpathcon_filespec_add.3.gz target=matchpathcon_checkmatches.3.gz type=relative
time=2025-11-13T18:36:36.452-03:00 level=INFO msg=security_symlink_validated symlink=usr/share/man/man3/matchpathcon_filespec_destroy.3.gz target=matchpathcon_checkmatches.3.gz type=relative
time=2025-11-13T18:36:36.452-03:00 level=INFO msg=security_symlink_validated symlink=usr/share/man/man3/matchpathcon_filespec_eval.3.gz target=matchpathcon_checkmatches.3.gz type=relative
time=2025-11-13T18:36:36.452-03:00 level=INFO msg=security_symlink_validated symlink=usr/share/man/man3/matchpathcon_fini.3.gz target=matchpathcon.3.gz type=relative
time=2025-11-13T18:36:36.452-03:00 level=INFO msg=security_symlink_validated symlink=usr/share/man/man3/matchpathcon_index.3.gz target=matchpathcon.3.gz type=relative
time=2025-11-13T18:36:36.452-03:00 level=INFO msg=security_symlink_validated symlink=usr/share/man/man3/matchpathcon_init.3.gz target=matchpathcon.3.gz type=relative
time=2025-11-13T18:36:36.452-03:00 level=INFO msg=security_symlink_validated symlink=usr/share/man/man3/mode_to_security_class.3.gz target=security_class_to_string.3.gz type=relative
time=2025-11-13T18:36:36.458-03:00 level=INFO msg=security_symlink_validated symlink=usr/share/man/man3/print_access_vector.3.gz target=security_class_to_string.3.gz type=relative
time=2025-11-13T18:36:36.458-03:00 level=INFO msg=security_symlink_validated symlink=usr/share/man/man3/query_user_context.3.gz target=get_ordered_context_list.3.gz type=relative
time=2025-11-13T18:36:36.458-03:00 level=INFO msg=security_symlink_validated symlink=usr/share/man/man3/rpm_execcon.3.gz target=getexeccon.3.gz type=relative
time=2025-11-13T18:36:36.458-03:00 level=INFO msg=security_symlink_validated symlink=usr/share/man/man3/security_av_perm_to_string.3.gz target=security_class_to_string.3.gz type=relative
time=2025-11-13T18:36:36.458-03:00 level=INFO msg=security_symlink_validated symlink=usr/share/man/man3/security_av_string.3.gz target=security_class_to_string.3.gz type=relative
time=2025-11-13T18:36:36.458-03:00 level=INFO msg=security_symlink_validated symlink=usr/share/man/man3/security_check_context_raw.3.gz target=security_check_context.3.gz type=relative
time=2025-11-13T18:36:36.459-03:00 level=INFO msg=security_symlink_validated symlink=usr/share/man/man3/security_commit_booleans.3.gz target=security_load_booleans.3.gz type=relative
time=2025-11-13T18:36:36.459-03:00 level=INFO msg=security_symlink_validated symlink=usr/share/man/man3/security_compute_av_flags.3.gz target=security_compute_av.3.gz type=relative
time=2025-11-13T18:36:36.459-03:00 level=INFO msg=security_symlink_validated symlink=usr/share/man/man3/security_compute_av_flags_raw.3.gz target=security_compute_av.3.gz type=relative
time=2025-11-13T18:36:36.459-03:00 level=INFO msg=security_symlink_validated symlink=usr/share/man/man3/security_compute_av_raw.3.gz target=security_compute_av.3.gz type=relative
time=2025-11-13T18:36:36.459-03:00 level=INFO msg=security_symlink_validated symlink=usr/share/man/man3/security_compute_create.3.gz target=security_compute_av.3.gz type=relative
time=2025-11-13T18:36:36.459-03:00 level=INFO msg=security_symlink_validated symlink=usr/share/man/man3/security_compute_create_name.3.gz target=security_compute_av.3.gz type=relative
time=2025-11-13T18:36:36.459-03:00 level=INFO msg=security_symlink_validated symlink=usr/share/man/man3/security_compute_create_name_raw.3.gz target=security_compute_av.3.gz type=relative
time=2025-11-13T18:36:36.459-03:00 level=INFO msg=security_symlink_validated symlink=usr/share/man/man3/security_compute_create_raw.3.gz target=security_compute_av.3.gz type=relative
time=2025-11-13T18:36:36.459-03:00 level=INFO msg=security_symlink_validated symlink=usr/share/man/man3/security_compute_member.3.gz target=security_compute_av.3.gz type=relative
time=2025-11-13T18:36:36.459-03:00 level=INFO msg=security_symlink_validated symlink=usr/share/man/man3/security_compute_member_raw.3.gz target=security_compute_av.3.gz type=relative
time=2025-11-13T18:36:36.459-03:00 level=INFO msg=security_symlink_validated symlink=usr/share/man/man3/security_compute_relabel.3.gz target=security_compute_av.3.gz type=relative
time=2025-11-13T18:36:36.459-03:00 level=INFO msg=security_symlink_validated symlink=usr/share/man/man3/security_compute_relabel_raw.3.gz target=security_compute_av.3.gz type=relative
time=2025-11-13T18:36:36.459-03:00 level=INFO msg=security_symlink_validated symlink=usr/share/man/man3/security_compute_user.3.gz target=security_compute_av.3.gz type=relative
time=2025-11-13T18:36:36.459-03:00 level=INFO msg=security_symlink_validated symlink=usr/share/man/man3/security_compute_user_raw.3.gz target=security_compute_av.3.gz type=relative
time=2025-11-13T18:36:36.459-03:00 level=INFO msg=security_symlink_validated symlink=usr/share/man/man3/security_deny_unknown.3.gz target=security_getenforce.3.gz type=relative
time=2025-11-13T18:36:36.459-03:00 level=INFO msg=security_symlink_validated symlink=usr/share/man/man3/security_get_boolean_active.3.gz target=security_load_booleans.3.gz type=relative
time=2025-11-13T18:36:36.459-03:00 level=INFO msg=security_symlink_validated symlink=usr/share/man/man3/security_get_boolean_names.3.gz target=security_load_booleans.3.gz type=relative
time=2025-11-13T18:36:36.459-03:00 level=INFO msg=security_symlink_validated symlink=usr/share/man/man3/security_get_boolean_pending.3.gz target=security_load_booleans.3.gz type=relative
time=2025-11-13T18:36:36.459-03:00 level=INFO msg=security_symlink_validated symlink=usr/share/man/man3/security_get_initial_context.3.gz target=security_compute_av.3.gz type=relative
time=2025-11-13T18:36:36.459-03:00 level=INFO msg=security_symlink_validated symlink=usr/share/man/man3/security_get_initial_context_raw.3.gz target=security_compute_av.3.gz type=relative
time=2025-11-13T18:36:36.459-03:00 level=INFO msg=security_symlink_validated symlink=usr/share/man/man3/security_mkload_policy.3.gz target=security_load_policy.3.gz type=relative
time=2025-11-13T18:36:36.459-03:00 level=INFO msg=security_symlink_validated symlink=usr/share/man/man3/security_reject_unknown.3.gz target=security_getenforce.3.gz type=relative
time=2025-11-13T18:36:36.459-03:00 level=INFO msg=security_symlink_validated symlink=usr/share/man/man3/security_set_boolean.3.gz target=security_load_booleans.3.gz type=relative
time=2025-11-13T18:36:36.459-03:00 level=INFO msg=security_symlink_validated symlink=usr/share/man/man3/security_setenforce.3.gz target=security_getenforce.3.gz type=relative
time=2025-11-13T18:36:36.459-03:00 level=INFO msg=security_symlink_validated symlink=usr/share/man/man3/selabel_close.3.gz target=selabel_open.3.gz type=relative
time=2025-11-13T18:36:36.460-03:00 level=INFO msg=security_symlink_validated symlink=usr/share/man/man3/selabel_lookup_best_match_raw.3.gz target=selabel_lookup_best_match.3.gz type=relative
time=2025-11-13T18:36:36.460-03:00 level=INFO msg=security_symlink_validated symlink=usr/share/man/man3/selabel_lookup_raw.3.gz target=selabel_lookup.3.gz type=relative
time=2025-11-13T18:36:36.460-03:00 level=INFO msg=security_symlink_validated symlink=usr/share/man/man3/selinux_check_access.3.gz target=security_compute_av.3.gz type=relative
time=2025-11-13T18:36:36.460-03:00 level=INFO msg=security_symlink_validated symlink=usr/share/man/man3/selinux_check_passwd_access.3.gz target=security_compute_av.3.gz type=relative
time=2025-11-13T18:36:36.460-03:00 level=INFO msg=security_symlink_validated symlink=usr/share/man/man3/selinux_contexts_path.3.gz target=selinux_binary_policy_path.3.gz type=relative
time=2025-11-13T18:36:36.460-03:00 level=INFO msg=security_symlink_validated symlink=usr/share/man/man3/selinux_current_policy_path.3.gz target=selinux_binary_policy_path.3.gz type=relative
time=2025-11-13T18:36:36.460-03:00 level=INFO msg=security_symlink_validated symlink=usr/share/man/man3/selinux_default_context_path.3.gz target=selinux_binary_policy_path.3.gz type=relative
time=2025-11-13T18:36:36.460-03:00 level=INFO msg=security_symlink_validated symlink=usr/share/man/man3/selinux_default_type_path.3.gz target=selinux_binary_policy_path.3.gz type=relative
time=2025-11-13T18:36:36.460-03:00 level=INFO msg=security_symlink_validated symlink=usr/share/man/man3/selinux_failsafe_context_path.3.gz target=selinux_binary_policy_path.3.gz type=relative
time=2025-11-13T18:36:36.461-03:00 level=INFO msg=security_symlink_validated symlink=usr/share/man/man3/selinux_file_context_homedir_path.3.gz target=selinux_binary_policy_path.3.gz type=relative
time=2025-11-13T18:36:36.461-03:00 level=INFO msg=security_symlink_validated symlink=usr/share/man/man3/selinux_file_context_local_path.3.gz target=selinux_binary_policy_path.3.gz type=relative
time=2025-11-13T18:36:36.461-03:00 level=INFO msg=security_symlink_validated symlink=usr/share/man/man3/selinux_file_context_path.3.gz target=selinux_binary_policy_path.3.gz type=relative
time=2025-11-13T18:36:36.461-03:00 level=INFO msg=security_symlink_validated symlink=usr/share/man/man3/selinux_homedir_context_path.3.gz target=selinux_binary_policy_path.3.gz type=relative
time=2025-11-13T18:36:36.461-03:00 level=INFO msg=security_symlink_validated symlink=usr/share/man/man3/selinux_init_load_policy.3.gz target=security_load_policy.3.gz type=relative
time=2025-11-13T18:36:36.461-03:00 level=INFO msg=security_symlink_validated symlink=usr/share/man/man3/selinux_media_context_path.3.gz target=selinux_binary_policy_path.3.gz type=relative
time=2025-11-13T18:36:36.461-03:00 level=INFO msg=security_symlink_validated symlink=usr/share/man/man3/selinux_mkload_policy.3.gz target=security_load_policy.3.gz type=relative
time=2025-11-13T18:36:36.461-03:00 level=INFO msg=security_symlink_validated symlink=usr/share/man/man3/selinux_netfilter_context_path.3.gz target=selinux_binary_policy_path.3.gz type=relative
time=2025-11-13T18:36:36.461-03:00 level=INFO msg=security_symlink_validated symlink=usr/share/man/man3/selinux_path.3.gz target=selinux_binary_policy_path.3.gz type=relative
time=2025-11-13T18:36:36.461-03:00 level=INFO msg=security_symlink_validated symlink=usr/share/man/man3/selinux_removable_context_path.3.gz target=selinux_binary_policy_path.3.gz type=relative
time=2025-11-13T18:36:36.462-03:00 level=INFO msg=security_symlink_validated symlink=usr/share/man/man3/selinux_restorecon_parallel.3.gz target=selinux_restorecon.3.gz type=relative
time=2025-11-13T18:36:36.462-03:00 level=INFO msg=security_symlink_validated symlink=usr/share/man/man3/selinux_securetty_types_path.3.gz target=selinux_binary_policy_path.3.gz type=relative
time=2025-11-13T18:36:36.462-03:00 level=INFO msg=security_symlink_validated symlink=usr/share/man/man3/selinux_set_policy_root.3.gz target=selinux_policy_root.3.gz type=relative
time=2025-11-13T18:36:36.462-03:00 level=INFO msg=security_symlink_validated symlink=usr/share/man/man3/selinux_status_close.3.gz target=selinux_status_open.3.gz type=relative
time=2025-11-13T18:36:36.462-03:00 level=INFO msg=security_symlink_validated symlink=usr/share/man/man3/selinux_status_deny_unknown.3.gz target=selinux_status_open.3.gz type=relative
time=2025-11-13T18:36:36.462-03:00 level=INFO msg=security_symlink_validated symlink=usr/share/man/man3/selinux_status_getenforce.3.gz target=selinux_status_open.3.gz type=relative
time=2025-11-13T18:36:36.462-03:00 level=INFO msg=security_symlink_validated symlink=usr/share/man/man3/selinux_status_policyload.3.gz target=selinux_status_open.3.gz type=relative
time=2025-11-13T18:36:36.462-03:00 level=INFO msg=security_symlink_validated symlink=usr/share/man/man3/selinux_status_updated.3.gz target=selinux_status_open.3.gz type=relative
time=2025-11-13T18:36:36.462-03:00 level=INFO msg=security_symlink_validated symlink=usr/share/man/man3/selinux_user_contexts_path.3.gz target=selinux_binary_policy_path.3.gz type=relative
time=2025-11-13T18:36:36.462-03:00 level=INFO msg=security_symlink_validated symlink=usr/share/man/man3/selinux_usersconf_path.3.gz target=selinux_binary_policy_path.3.gz type=relative
time=2025-11-13T18:36:36.462-03:00 level=INFO msg=security_symlink_validated symlink=usr/share/man/man3/selinux_x_context_path.3.gz target=selinux_binary_policy_path.3.gz type=relative
time=2025-11-13T18:36:36.462-03:00 level=INFO msg=security_symlink_validated symlink=usr/share/man/man3/set_matchpathcon_invalidcon.3.gz target=set_matchpathcon_flags.3.gz type=relative
time=2025-11-13T18:36:36.462-03:00 level=INFO msg=security_symlink_validated symlink=usr/share/man/man3/set_matchpathcon_printf.3.gz target=set_matchpathcon_flags.3.gz type=relative
time=2025-11-13T18:36:36.462-03:00 level=INFO msg=security_symlink_validated symlink=usr/share/man/man3/set_selinuxmnt.3.gz target=init_selinuxmnt.3.gz type=relative
time=2025-11-13T18:36:36.462-03:00 level=INFO msg=security_symlink_validated symlink=usr/share/man/man3/setcon.3.gz target=getcon.3.gz type=relative
time=2025-11-13T18:36:36.462-03:00 level=INFO msg=security_symlink_validated symlink=usr/share/man/man3/setcon_raw.3.gz target=getcon.3.gz type=relative
time=2025-11-13T18:36:36.462-03:00 level=INFO msg=security_symlink_validated symlink=usr/share/man/man3/setexeccon.3.gz target=getexeccon.3.gz type=relative
time=2025-11-13T18:36:36.462-03:00 level=INFO msg=security_symlink_validated symlink=usr/share/man/man3/setexeccon_raw.3.gz target=getexeccon.3.gz type=relative
time=2025-11-13T18:36:36.462-03:00 level=INFO msg=security_symlink_validated symlink=usr/share/man/man3/setfilecon_raw.3.gz target=setfilecon.3.gz type=relative
time=2025-11-13T18:36:36.462-03:00 level=INFO msg=security_symlink_validated symlink=usr/share/man/man3/setfscreatecon.3.gz target=getfscreatecon.3.gz type=relative
time=2025-11-13T18:36:36.462-03:00 level=INFO msg=security_symlink_validated symlink=usr/share/man/man3/setfscreatecon_raw.3.gz target=getfscreatecon.3.gz type=relative
time=2025-11-13T18:36:36.462-03:00 level=INFO msg=security_symlink_validated symlink=usr/share/man/man3/setkeycreatecon.3.gz target=getkeycreatecon.3.gz type=relative
time=2025-11-13T18:36:36.462-03:00 level=INFO msg=security_symlink_validated symlink=usr/share/man/man3/setkeycreatecon_raw.3.gz target=getkeycreatecon.3.gz type=relative
time=2025-11-13T18:36:36.462-03:00 level=INFO msg=security_symlink_validated symlink=usr/share/man/man3/setsockcreatecon.3.gz target=getsockcreatecon.3.gz type=relative
time=2025-11-13T18:36:36.462-03:00 level=INFO msg=security_symlink_validated symlink=usr/share/man/man3/setsockcreatecon_raw.3.gz target=getsockcreatecon.3.gz type=relative
time=2025-11-13T18:36:36.462-03:00 level=INFO msg=security_symlink_validated symlink=usr/share/man/man3/sidget.3.gz target=avc_context_to_sid.3.gz type=relative
time=2025-11-13T18:36:36.462-03:00 level=INFO msg=security_symlink_validated symlink=usr/share/man/man3/sidput.3.gz target=avc_context_to_sid.3.gz type=relative
time=2025-11-13T18:36:36.462-03:00 level=INFO msg=security_symlink_validated symlink=usr/share/man/man3/string_to_av_perm.3.gz target=security_class_to_string.3.gz type=relative
time=2025-11-13T18:36:36.462-03:00 level=INFO msg=security_symlink_validated symlink=usr/share/man/man3/string_to_security_class.3.gz target=security_class_to_string.3.gz type=relative
time=2025-11-13T18:36:36.463-03:00 level=INFO msg=security_symlink_validated symlink=usr/share/man/man3/uuid_generate_random.3.gz target=uuid_generate.3.gz type=relative
time=2025-11-13T18:36:36.463-03:00 level=INFO msg=security_symlink_validated symlink=usr/share/man/man3/uuid_generate_time.3.gz target=uuid_generate.3.gz type=relative
time=2025-11-13T18:36:36.463-03:00 level=INFO msg=security_symlink_validated symlink=usr/share/man/man3/uuid_generate_time_safe.3.gz target=uuid_generate.3.gz type=relative
time=2025-11-13T18:36:36.463-03:00 level=INFO msg=security_symlink_validated symlink=usr/share/man/man5/XCompose.5.gz target=Compose.5.gz type=relative
time=2025-11-13T18:36:36.467-03:00 level=INFO msg=security_symlink_validated symlink=usr/share/man/pt_BR/man1/lzcat.1.gz target=xz.1.gz type=relative
time=2025-11-13T18:36:36.467-03:00 level=INFO msg=security_symlink_validated symlink=usr/share/man/pt_BR/man1/lzcmp.1.gz target=xzdiff.1.gz type=relative
time=2025-11-13T18:36:36.467-03:00 level=INFO msg=security_symlink_validated symlink=usr/share/man/pt_BR/man1/lzdiff.1.gz target=xzdiff.1.gz type=relative
time=2025-11-13T18:36:36.467-03:00 level=INFO msg=security_symlink_validated symlink=usr/share/man/pt_BR/man1/lzegrep.1.gz target=xzgrep.1.gz type=relative
time=2025-11-13T18:36:36.467-03:00 level=INFO msg=security_symlink_validated symlink=usr/share/man/pt_BR/man1/lzfgrep.1.gz target=xzgrep.1.gz type=relative
time=2025-11-13T18:36:36.467-03:00 level=INFO msg=security_symlink_validated symlink=usr/share/man/pt_BR/man1/lzgrep.1.gz target=xzgrep.1.gz type=relative
time=2025-11-13T18:36:36.467-03:00 level=INFO msg=security_symlink_validated symlink=usr/share/man/pt_BR/man1/lzless.1.gz target=xzless.1.gz type=relative
time=2025-11-13T18:36:36.467-03:00 level=INFO msg=security_symlink_validated symlink=usr/share/man/pt_BR/man1/lzma.1.gz target=xz.1.gz type=relative
time=2025-11-13T18:36:36.467-03:00 level=INFO msg=security_symlink_validated symlink=usr/share/man/pt_BR/man1/lzmore.1.gz target=xzmore.1.gz type=relative
time=2025-11-13T18:36:36.467-03:00 level=INFO msg=security_symlink_validated symlink=usr/share/man/pt_BR/man1/unlzma.1.gz target=xz.1.gz type=relative
time=2025-11-13T18:36:36.467-03:00 level=INFO msg=security_symlink_validated symlink=usr/share/man/pt_BR/man1/unxz.1.gz target=xz.1.gz type=relative
time=2025-11-13T18:36:36.467-03:00 level=INFO msg=security_symlink_validated symlink=usr/share/man/pt_BR/man1/xzcat.1.gz target=xz.1.gz type=relative
time=2025-11-13T18:36:36.467-03:00 level=INFO msg=security_symlink_validated symlink=usr/share/man/pt_BR/man1/xzcmp.1.gz target=xzdiff.1.gz type=relative
time=2025-11-13T18:36:36.467-03:00 level=INFO msg=security_symlink_validated symlink=usr/share/man/pt_BR/man1/xzegrep.1.gz target=xzgrep.1.gz type=relative
time=2025-11-13T18:36:36.467-03:00 level=INFO msg=security_symlink_validated symlink=usr/share/man/pt_BR/man1/xzfgrep.1.gz target=xzgrep.1.gz type=relative
time=2025-11-13T18:36:36.467-03:00 level=INFO msg=security_symlink_validated symlink=usr/share/man/ro/man1/lzcat.1.gz target=xz.1.gz type=relative
time=2025-11-13T18:36:36.467-03:00 level=INFO msg=security_symlink_validated symlink=usr/share/man/ro/man1/lzcmp.1.gz target=xzdiff.1.gz type=relative
time=2025-11-13T18:36:36.467-03:00 level=INFO msg=security_symlink_validated symlink=usr/share/man/ro/man1/lzdiff.1.gz target=xzdiff.1.gz type=relative
time=2025-11-13T18:36:36.467-03:00 level=INFO msg=security_symlink_validated symlink=usr/share/man/ro/man1/lzegrep.1.gz target=xzgrep.1.gz type=relative
time=2025-11-13T18:36:36.467-03:00 level=INFO msg=security_symlink_validated symlink=usr/share/man/ro/man1/lzfgrep.1.gz target=xzgrep.1.gz type=relative
time=2025-11-13T18:36:36.467-03:00 level=INFO msg=security_symlink_validated symlink=usr/share/man/ro/man1/lzgrep.1.gz target=xzgrep.1.gz type=relative
time=2025-11-13T18:36:36.467-03:00 level=INFO msg=security_symlink_validated symlink=usr/share/man/ro/man1/lzless.1.gz target=xzless.1.gz type=relative
time=2025-11-13T18:36:36.467-03:00 level=INFO msg=security_symlink_validated symlink=usr/share/man/ro/man1/lzma.1.gz target=xz.1.gz type=relative
time=2025-11-13T18:36:36.467-03:00 level=INFO msg=security_symlink_validated symlink=usr/share/man/ro/man1/lzmore.1.gz target=xzmore.1.gz type=relative
time=2025-11-13T18:36:36.467-03:00 level=INFO msg=security_symlink_validated symlink=usr/share/man/ro/man1/unlzma.1.gz target=xz.1.gz type=relative
time=2025-11-13T18:36:36.467-03:00 level=INFO msg=security_symlink_validated symlink=usr/share/man/ro/man1/unxz.1.gz target=xz.1.gz type=relative
time=2025-11-13T18:36:36.467-03:00 level=INFO msg=security_symlink_validated symlink=usr/share/man/ro/man1/xzcat.1.gz target=xz.1.gz type=relative
time=2025-11-13T18:36:36.467-03:00 level=INFO msg=security_symlink_validated symlink=usr/share/man/ro/man1/xzcmp.1.gz target=xzdiff.1.gz type=relative
time=2025-11-13T18:36:36.467-03:00 level=INFO msg=security_symlink_validated symlink=usr/share/man/ro/man1/xzegrep.1.gz target=xzgrep.1.gz type=relative
time=2025-11-13T18:36:36.467-03:00 level=INFO msg=security_symlink_validated symlink=usr/share/man/ro/man1/xzfgrep.1.gz target=xzgrep.1.gz type=relative
time=2025-11-13T18:36:36.470-03:00 level=INFO msg=security_symlink_validated symlink=usr/share/man/uk/man1/lzcat.1.gz target=xz.1.gz type=relative
time=2025-11-13T18:36:36.470-03:00 level=INFO msg=security_symlink_validated symlink=usr/share/man/uk/man1/lzcmp.1.gz target=xzdiff.1.gz type=relative
time=2025-11-13T18:36:36.470-03:00 level=INFO msg=security_symlink_validated symlink=usr/share/man/uk/man1/lzdiff.1.gz target=xzdiff.1.gz type=relative
time=2025-11-13T18:36:36.470-03:00 level=INFO msg=security_symlink_validated symlink=usr/share/man/uk/man1/lzegrep.1.gz target=xzgrep.1.gz type=relative
time=2025-11-13T18:36:36.470-03:00 level=INFO msg=security_symlink_validated symlink=usr/share/man/uk/man1/lzfgrep.1.gz target=xzgrep.1.gz type=relative
time=2025-11-13T18:36:36.470-03:00 level=INFO msg=security_symlink_validated symlink=usr/share/man/uk/man1/lzgrep.1.gz target=xzgrep.1.gz type=relative
time=2025-11-13T18:36:36.470-03:00 level=INFO msg=security_symlink_validated symlink=usr/share/man/uk/man1/lzless.1.gz target=xzless.1.gz type=relative
time=2025-11-13T18:36:36.470-03:00 level=INFO msg=security_symlink_validated symlink=usr/share/man/uk/man1/lzma.1.gz target=xz.1.gz type=relative
time=2025-11-13T18:36:36.470-03:00 level=INFO msg=security_symlink_validated symlink=usr/share/man/uk/man1/lzmore.1.gz target=xzmore.1.gz type=relative
time=2025-11-13T18:36:36.470-03:00 level=INFO msg=security_symlink_validated symlink=usr/share/man/uk/man1/unlzma.1.gz target=xz.1.gz type=relative
time=2025-11-13T18:36:36.470-03:00 level=INFO msg=security_symlink_validated symlink=usr/share/man/uk/man1/unxz.1.gz target=xz.1.gz type=relative
time=2025-11-13T18:36:36.470-03:00 level=INFO msg=security_symlink_validated symlink=usr/share/man/uk/man1/xzcat.1.gz target=xz.1.gz type=relative
time=2025-11-13T18:36:36.470-03:00 level=INFO msg=security_symlink_validated symlink=usr/share/man/uk/man1/xzcmp.1.gz target=xzdiff.1.gz type=relative
time=2025-11-13T18:36:36.470-03:00 level=INFO msg=security_symlink_validated symlink=usr/share/man/uk/man1/xzegrep.1.gz target=xzgrep.1.gz type=relative
time=2025-11-13T18:36:36.470-03:00 level=INFO msg=security_symlink_validated symlink=usr/share/man/uk/man1/xzfgrep.1.gz target=xzgrep.1.gz type=relative
time=2025-11-13T18:36:36.489-03:00 level=INFO msg=security_symlink_validated symlink=usr/share/misc/magic target=../file/magic type=relative
time=2025-11-13T18:36:36.489-03:00 level=INFO msg=security_symlink_validated symlink=usr/share/misc/magic.mgc target=../../lib/file/magic.mgc type=relative
time=2025-11-13T18:36:36.514-03:00 level=INFO msg=security_compression_validated ratio=0.9832135098652042 compressed_mb=543 uncompressed_mb=534
time=2025-11-13T18:36:36.514-03:00 level=INFO msg=extraction_complete s3_key=images/python/4.tar extract_dir=/tmp/flyio-machine/extracted/4.tar
time="2025-11-13T18:36:36-03:00" level=info msg="transition completed successfully" run_alias=image_request run_id=images/python/4.tar run_type=ImageRequest run_version=01K9ZJAX4CEZ8EFDF2V7DS7JSN sys=fsm transition=validate transition_version=01K9ZJC7R1JQAKWB8G45W47NSD
time=2025-11-13T18:36:36.521-03:00 level=INFO msg=fsm_state_create_device s3_key=images/python/4.tar
time=2025-11-13T18:36:36.522-03:00 level=INFO msg=device_creation_started s3_key=images/python/4.tar device_id=2
time=2025-11-13T18:36:36.522-03:00 level=INFO msg=create_device_start device_id=2 pool=pool
time=2025-11-13T18:36:36.522-03:00 level=INFO msg=delete_existing_device device_id=2
time="2025-11-13T18:36:36-03:00" level=info msg="running transition" run_alias=image_request run_id=images/python/4.tar run_type=ImageRequest run_version=01K9ZJAX4CEZ8EFDF2V7DS7JSN sys=fsm transition=create_device transition_version=01K9ZJC859F6514G8H7D0WW1EG
time=2025-11-13T18:36:36.523-03:00 level=INFO msg=create_thin_metadata device_id=2
time=2025-11-13T18:36:36.544-03:00 level=INFO msg=activate_device device_name=flyio-2 sectors=2097152
time=2025-11-13T18:36:36.564-03:00 level=INFO msg=format_device device_path=/dev/mapper/flyio-2 filesystem=ext4
time=2025-11-13T18:36:36.645-03:00 level=INFO msg=create_device_complete device_id=2 device_path=/dev/mapper/flyio-2 size_mb=1024
time=2025-11-13T18:36:36.645-03:00 level=INFO msg=device_created s3_key=images/python/4.tar device_id=2 device_path=/dev/mapper/flyio-2
time=2025-11-13T18:36:36.645-03:00 level=INFO msg=mounting_device device_path=/dev/mapper/flyio-2 mount_path=/tmp/flyio-machine/mounts/2
time=2025-11-13T18:36:36.645-03:00 level=INFO msg=mount_device device_path=/dev/mapper/flyio-2 mount_path=/tmp/flyio-machine/mounts/2
time=2025-11-13T18:36:36.653-03:00 level=INFO msg=mount_complete mount_path=/tmp/flyio-machine/mounts/2
time=2025-11-13T18:36:36.653-03:00 level=INFO msg=copying_files_to_device source=/tmp/flyio-machine/extracted/4.tar dest=/tmp/flyio-machine/mounts/2
time=2025-11-13T18:36:37.105-03:00 level=INFO msg=files_copied_to_device mount_path=/tmp/flyio-machine/mounts/2
time=2025-11-13T18:36:37.105-03:00 level=INFO msg=unmount_device mount_path=/tmp/flyio-machine/mounts/2
time=2025-11-13T18:36:37.373-03:00 level=INFO msg=unmount_complete mount_path=/tmp/flyio-machine/mounts/2
time=2025-11-13T18:36:37.373-03:00 level=INFO msg=device_unmounted mount_path=/tmp/flyio-machine/mounts/2
time=2025-11-13T18:36:37.373-03:00 level=INFO msg=database_query_image s3_key=images/python/4.tar
time=2025-11-13T18:36:37.373-03:00 level=INFO msg=database_image_found s3_key=images/python/4.tar image_id=2 status=downloading
time=2025-11-13T18:36:37.373-03:00 level=INFO msg=database_update_image image_id=2 s3_key=images/python/4.tar status=downloading
time=2025-11-13T18:36:37.375-03:00 level=INFO msg=database_image_updated image_id=2 s3_key=images/python/4.tar status=downloading
time="2025-11-13T18:36:37-03:00" level=info msg="transition completed successfully" run_alias=image_request run_id=images/python/4.tar run_type=ImageRequest run_version=01K9ZJAX4CEZ8EFDF2V7DS7JSN sys=fsm transition=create_device transition_version=01K9ZJC859F6514G8H7D0WW1EG
time="2025-11-13T18:36:37-03:00" level=info msg="running transition" run_alias=image_request run_id=images/python/4.tar run_type=ImageRequest run_version=01K9ZJAX4CEZ8EFDF2V7DS7JSN sys=fsm transition=complete transition_version=01K9ZJC900DQRJE1DR428MPG1H
time=2025-11-13T18:36:37.376-03:00 level=INFO msg=fsm_state_complete s3_key=images/python/4.tar
time=2025-11-13T18:36:37.376-03:00 level=INFO msg=database_query_image s3_key=images/python/4.tar
time=2025-11-13T18:36:37.376-03:00 level=INFO msg=database_image_found s3_key=images/python/4.tar image_id=2 status=downloading
time=2025-11-13T18:36:37.376-03:00 level=INFO msg=allocated_snapshot_id snapshot_id=1001 previous_max=1000
time=2025-11-13T18:36:37.376-03:00 level=INFO msg=allocated_new_snapshot_id s3_key=images/python/4.tar snapshot_id=1001
time=2025-11-13T18:36:37.376-03:00 level=INFO msg=snapshot_creation_started s3_key=images/python/4.tar base_device_id=2 snapshot_id=1001
time=2025-11-13T18:36:37.376-03:00 level=INFO msg=create_snapshot_start base_device_id=2 snapshot_id=1001
time=2025-11-13T18:36:37.376-03:00 level=INFO msg=delete_existing_snapshot snapshot_id=1001
time=2025-11-13T18:36:37.377-03:00 level=INFO msg=create_snapshot_metadata snapshot_id=1001 base_device_id=2
time=2025-11-13T18:36:37.379-03:00 level=INFO msg=activate_snapshot snapshot_name=flyio-snapshot-1001 sectors=2097152
time=2025-11-13T18:36:37.395-03:00 level=INFO msg=create_snapshot_complete snapshot_id=1001 snapshot_path=/dev/mapper/flyio-snapshot-1001 size_mb=1024
time=2025-11-13T18:36:37.395-03:00 level=INFO msg=snapshot_created s3_key=images/python/4.tar snapshot_id=1001
time=2025-11-13T18:36:37.395-03:00 level=INFO msg=database_update_image image_id=2 s3_key=images/python/4.tar status=downloading
time=2025-11-13T18:36:37.397-03:00 level=INFO msg=database_image_updated image_id=2 s3_key=images/python/4.tar status=downloading
time=2025-11-13T18:36:37.397-03:00 level=INFO msg=database_update_status image_id=2 status=ready
time=2025-11-13T18:36:37.398-03:00 level=INFO msg=database_status_updated image_id=2 status=ready
time=2025-11-13T18:36:37.398-03:00 level=INFO msg=fsm_complete s3_key=images/python/4.tar status=ready
time="2025-11-13T18:36:37-03:00" level=info msg="transition completed successfully" run_alias=image_request run_id=images/python/4.tar run_type=ImageRequest run_version=01K9ZJAX4CEZ8EFDF2V7DS7JSN sys=fsm transition=complete transition_version=01K9ZJC900DQRJE1DR428MPG1H
time="2025-11-13T18:36:37-03:00" level=info msg="running transition" run_alias=image_request run_id=images/python/4.tar run_type=ImageRequest run_version=01K9ZJAX4CEZ8EFDF2V7DS7JSN sys=fsm transition=failed transition_version=01K9ZJC90QE40PF6W2SEGB30SN
Status: ready
Device: /dev/mapper/flyio-2
Snapshot: %!s(int=1001)
time="2025-11-13T18:36:37-03:00" level=info msg="done waiting for FSM to finish" start_version=01K9ZJAX4CEZ8EFDF2V7DS7JSN sys=fsm
time="2025-11-13T18:36:37-03:00" level=info msg="shutting down" shutdown_timeout=10s sys=fsm
time="2025-11-13T18:36:37-03:00" level=info msg="all FSMs have shutdown" sys=fsm
time="2025-11-13T18:36:37-03:00" level=info msg="shutting down store" sys=fsm-store
time="2025-11-13T18:36:37-03:00" level=info msg="waiting for archive loop to finish" sys=fsm-store
time="2025-11-13T18:36:37-03:00" level=info msg="context canceled, exiting archive loop" sys=fsm-store
time="2025-11-13T18:36:37-03:00" level=info msg="archive loop finished" sys=fsm-store
time="2025-11-13T18:36:37-03:00" level=info msg="shutdown complete" sys=fsm
Test 2 completed!

================================================
Test 3: List Images
================================================
time=2025-11-13T18:36:37.408-03:00 level=INFO msg=database_init db_path=/home/leonardomeireles.linux/flyio-test.db
time=2025-11-13T18:36:37.408-03:00 level=INFO msg=database_create_schema db_path=/home/leonardomeireles.linux/flyio-test.db
time=2025-11-13T18:36:37.409-03:00 level=INFO msg=database_ready db_path=/home/leonardomeireles.linux/flyio-test.db
time=2025-11-13T18:36:37.409-03:00 level=INFO msg=database_list_images
time=2025-11-13T18:36:37.409-03:00 level=INFO msg=database_list_complete image_count=2
S3 KEY                                   STATUS       DEVICE                         SNAPSHOT            
------------------------------------------------------------------------------------------------
images/python/4.tar                      ready        /dev/mapper/flyio-2            1001                
images/golang/2.tar                      ready        /dev/mapper/flyio-1            1000                
Test 3 completed!

================================================
All E2E Tests Passed!
================================================

Test Results:
  - Full FSM workflow (download -> extract -> device -> snapshot)
  - Idempotency (skip already-downloaded images)
  - List command

Challenge Requirements Met:
  - FSM library integration
  - S3 download with idempotency
  - Tarball extraction with security validation
  - DeviceMapper thinpool device creation
  - Snapshot creation for activation
  - SQLite state tracking

E2E Test Suite Complete!

================================================
Lima E2E Tests Complete
================================================

Tips:
  - Lima VM is kept running for faster subsequent tests
  - Stop VM: limactl stop flyio-test
  - Delete VM: limactl delete flyio-test
  - Shell access: limactl shell flyio-test

